Archive member included to satisfy reference by file (symbol)

/usr/lib/gcc/arm-none-eabi/14.1.0/thumb/v7e-m/nofp/libgcc.a(_arm_mulsf3.o)
                              build/./src/dht.o (__aeabi_fmul)
/usr/lib/gcc/arm-none-eabi/14.1.0/thumb/v7e-m/nofp/libgcc.a(_arm_addsubdf3.o)
                              build/./src/bme280.o (__aeabi_f2d)
/usr/lib/gcc/arm-none-eabi/14.1.0/thumb/v7e-m/nofp/libgcc.a(_arm_addsubsf3.o)
                              build/./src/dht.o (__aeabi_fadd)
/usr/lib/gcc/arm-none-eabi/14.1.0/thumb/v7e-m/nofp/libgcc.a(_arm_muldivsf3.o)
                              build/./src/bme280.o (__aeabi_fdiv)
/usr/lib/gcc/arm-none-eabi/14.1.0/../../../../arm-none-eabi/lib/thumb/v7e-m/nofp/libc.a(libc_a-atexit.o)
                              /usr/lib/gcc/arm-none-eabi/14.1.0/../../../../arm-none-eabi/lib/thumb/v7e-m/nofp/crt0.o (atexit)
/usr/lib/gcc/arm-none-eabi/14.1.0/../../../../arm-none-eabi/lib/thumb/v7e-m/nofp/libc.a(libc_a-exit.o)
                              /usr/lib/gcc/arm-none-eabi/14.1.0/../../../../arm-none-eabi/lib/thumb/v7e-m/nofp/crt0.o (exit)
/usr/lib/gcc/arm-none-eabi/14.1.0/../../../../arm-none-eabi/lib/thumb/v7e-m/nofp/libc.a(libc_a-findfp.o)
                              /usr/lib/gcc/arm-none-eabi/14.1.0/../../../../arm-none-eabi/lib/thumb/v7e-m/nofp/libc.a(libc_a-exit.o) (__stdio_exit_handler)
/usr/lib/gcc/arm-none-eabi/14.1.0/../../../../arm-none-eabi/lib/thumb/v7e-m/nofp/libc.a(libc_a-fwalk.o)
                              /usr/lib/gcc/arm-none-eabi/14.1.0/../../../../arm-none-eabi/lib/thumb/v7e-m/nofp/libc.a(libc_a-findfp.o) (_fwalk_sglue)
/usr/lib/gcc/arm-none-eabi/14.1.0/../../../../arm-none-eabi/lib/thumb/v7e-m/nofp/libc.a(libc_a-stdio.o)
                              /usr/lib/gcc/arm-none-eabi/14.1.0/../../../../arm-none-eabi/lib/thumb/v7e-m/nofp/libc.a(libc_a-findfp.o) (__sread)
/usr/lib/gcc/arm-none-eabi/14.1.0/../../../../arm-none-eabi/lib/thumb/v7e-m/nofp/libc.a(libc_a-vsnprintf.o)
                              build/./src/lcd.o (vsnprintf)
/usr/lib/gcc/arm-none-eabi/14.1.0/../../../../arm-none-eabi/lib/thumb/v7e-m/nofp/libc.a(libc_a-memset.o)
                              /usr/lib/gcc/arm-none-eabi/14.1.0/../../../../arm-none-eabi/lib/thumb/v7e-m/nofp/crt0.o (memset)
/usr/lib/gcc/arm-none-eabi/14.1.0/../../../../arm-none-eabi/lib/thumb/v7e-m/nofp/libc.a(libc_a-closer.o)
                              /usr/lib/gcc/arm-none-eabi/14.1.0/../../../../arm-none-eabi/lib/thumb/v7e-m/nofp/libc.a(libc_a-stdio.o) (_close_r)
/usr/lib/gcc/arm-none-eabi/14.1.0/../../../../arm-none-eabi/lib/thumb/v7e-m/nofp/libc.a(libc_a-reent.o)
                              /usr/lib/gcc/arm-none-eabi/14.1.0/../../../../arm-none-eabi/lib/thumb/v7e-m/nofp/libc.a(libc_a-closer.o) (errno)
/usr/lib/gcc/arm-none-eabi/14.1.0/../../../../arm-none-eabi/lib/thumb/v7e-m/nofp/libc.a(libc_a-impure.o)
                              /usr/lib/gcc/arm-none-eabi/14.1.0/../../../../arm-none-eabi/lib/thumb/v7e-m/nofp/libc.a(libc_a-vsnprintf.o) (_impure_ptr)
/usr/lib/gcc/arm-none-eabi/14.1.0/../../../../arm-none-eabi/lib/thumb/v7e-m/nofp/libc.a(libc_a-lseekr.o)
                              /usr/lib/gcc/arm-none-eabi/14.1.0/../../../../arm-none-eabi/lib/thumb/v7e-m/nofp/libc.a(libc_a-stdio.o) (_lseek_r)
/usr/lib/gcc/arm-none-eabi/14.1.0/../../../../arm-none-eabi/lib/thumb/v7e-m/nofp/libc.a(libc_a-readr.o)
                              /usr/lib/gcc/arm-none-eabi/14.1.0/../../../../arm-none-eabi/lib/thumb/v7e-m/nofp/libc.a(libc_a-stdio.o) (_read_r)
/usr/lib/gcc/arm-none-eabi/14.1.0/../../../../arm-none-eabi/lib/thumb/v7e-m/nofp/libc.a(libc_a-writer.o)
                              /usr/lib/gcc/arm-none-eabi/14.1.0/../../../../arm-none-eabi/lib/thumb/v7e-m/nofp/libc.a(libc_a-stdio.o) (_write_r)
/usr/lib/gcc/arm-none-eabi/14.1.0/../../../../arm-none-eabi/lib/thumb/v7e-m/nofp/libc.a(libc_a-errno.o)
                              build/./src/syscalls.o (__errno)
/usr/lib/gcc/arm-none-eabi/14.1.0/../../../../arm-none-eabi/lib/thumb/v7e-m/nofp/libc.a(libc_a-init.o)
                              /usr/lib/gcc/arm-none-eabi/14.1.0/../../../../arm-none-eabi/lib/thumb/v7e-m/nofp/crt0.o (__libc_init_array)
/usr/lib/gcc/arm-none-eabi/14.1.0/../../../../arm-none-eabi/lib/thumb/v7e-m/nofp/libc.a(libc_a-fini.o)
                              /usr/lib/gcc/arm-none-eabi/14.1.0/../../../../arm-none-eabi/lib/thumb/v7e-m/nofp/crt0.o (__libc_fini_array)
/usr/lib/gcc/arm-none-eabi/14.1.0/../../../../arm-none-eabi/lib/thumb/v7e-m/nofp/libc.a(libc_a-lock.o)
                              /usr/lib/gcc/arm-none-eabi/14.1.0/../../../../arm-none-eabi/lib/thumb/v7e-m/nofp/libc.a(libc_a-findfp.o) (__retarget_lock_init_recursive)
/usr/lib/gcc/arm-none-eabi/14.1.0/../../../../arm-none-eabi/lib/thumb/v7e-m/nofp/libc.a(libc_a-strlen.o)
                              build/./src/lcd.o (strlen)
/usr/lib/gcc/arm-none-eabi/14.1.0/../../../../arm-none-eabi/lib/thumb/v7e-m/nofp/libc.a(libc_a-__atexit.o)
[...]
Memory Configuration

Name             Origin             Length             Attributes
RAM              0x20000000         0x00020000         xrw
FLASH            0x08000000         0x00080000         xr
*default*        0x00000000         0xffffffff

Linker script and memory map

LOAD /usr/lib/gcc/arm-none-eabi/14.1.0/thumb/v7e-m/nofp/crti.o
LOAD /usr/lib/gcc/arm-none-eabi/14.1.0/thumb/v7e-m/nofp/crtbegin.o
LOAD /usr/lib/gcc/arm-none-eabi/14.1.0/../../../../arm-none-eabi/lib/thumb/v7e-m/nofp/crt0.o
LOAD build/./src/startup_stm32f446retx.o
LOAD build/./src/dma.o
LOAD build/./src/clock.o
LOAD build/./src/system_stm32f4xx.o
LOAD build/./src/main.o
LOAD build/./src/timer.o
LOAD build/./src/syscalls.o
LOAD build/./src/lcd.o
LOAD build/./src/bme280.o
LOAD build/./src/debug.o
LOAD build/./src/uart.o
LOAD build/./src/adc.o
LOAD build/./src/pwm.o
LOAD build/./src/spi.o
LOAD build/./src/i2c.o
LOAD build/./src/dht.o
LOAD /usr/lib/gcc/arm-none-eabi/14.1.0/thumb/v7e-m/nofp/libgcc.a
START GROUP
LOAD /usr/lib/gcc/arm-none-eabi/14.1.0/thumb/v7e-m/nofp/libgcc.a
LOAD /usr/lib/gcc/arm-none-eabi/14.1.0/../../../../arm-none-eabi/lib/thumb/v7e-m/nofp/libc.a
END GROUP
START GROUP
LOAD /usr/lib/gcc/arm-none-eabi/14.1.0/thumb/v7e-m/nofp/libgcc.a
LOAD /usr/lib/gcc/arm-none-eabi/14.1.0/../../../../arm-none-eabi/lib/thumb/v7e-m/nofp/libc.a
LOAD /usr/lib/gcc/arm-none-eabi/14.1.0/../../../../arm-none-eabi/lib/thumb/v7e-m/nofp/libnosys.a
END GROUP
LOAD /usr/lib/gcc/arm-none-eabi/14.1.0/thumb/v7e-m/nofp/crtend.o
LOAD /usr/lib/gcc/arm-none-eabi/14.1.0/thumb/v7e-m/nofp/crtn.o
                0x20020000                        _estack = (ORIGIN (RAM) + LENGTH (RAM))
                0x00000200                        _Min_Heap_Size = 0x200
                0x00000400                        _Min_Stack_Size = 0x400

.isr_vector     0x08000000      0x1c4
                0x08000000                        . = ALIGN (0x4)
 *(.isr_vector)
 .isr_vector    0x08000000      0x1c4 build/./src/startup_stm32f446retx.o
                0x08000000                vectors
                0x080001c4                        . = ALIGN (0x4)

.text           0x08000200     0x71d8
                0x08000200                        . = ALIGN (0x4)
 *(.text)
 .text          0x08000200      0x378 /usr/lib/gcc/arm-none-eabi/14.1.0/thumb/v7e-m/nofp/libgcc.a(_arm_addsubdf3.o)
                0x08000200                __aeabi_drsub
                0x08000208                __aeabi_dsub
                0x08000208                __subdf3
                0x0800020c                __adddf3
                0x0800020c                __aeabi_dadd
                0x08000484                __aeabi_ui2d
                0x08000484                __floatunsidf
                0x080004a4                __floatsidf
                0x080004a4                __aeabi_i2d
                0x080004c8                __extendsfdf2
                0x080004c8                __aeabi_f2d
                0x0800050c                __aeabi_ul2d
                0x0800050c                __floatundidf
                0x0800051c                __floatdidf
                0x0800051c                __aeabi_l2d
 *fill*         0x08000578        0x8 
 .text          0x08000580       0xd8 /usr/lib/gcc/arm-none-eabi/14.1.0/../../../../arm-none-eabi/lib/thumb/v7e-m/nofp/libc.a(libc_a-strlen.o)
                0x08000580                strlen
 *fill*         0x08000658        0x8 
 .text          0x08000660       0xa0 /usr/lib/gcc/arm-none-eabi/14.1.0/../../../../arm-none-eabi/lib/thumb/v7e-m/nofp/libc.a(libc_a-memchr.o)
                0x08000660                memchr
 .text          0x08000700      0x134 /usr/lib/gcc/arm-none-eabi/14.1.0/../../../../arm-none-eabi/lib/thumb/v7e-m/nofp/libc.a(libc_a-memcpy.o)
                0x08000700                memcpy
 .text          0x08000834      0x424 /usr/lib/gcc/arm-none-eabi/14.1.0/thumb/v7e-m/nofp/libgcc.a(_arm_muldivdf3.o)
                0x08000834                __aeabi_dmul
                0x08000834                __muldf3
                0x08000a88                __aeabi_ddiv
                0x08000a88                __divdf3
 .text          0x08000c58      0x110 /usr/lib/gcc/arm-none-eabi/14.1.0/thumb/v7e-m/nofp/libgcc.a(_arm_cmpdf2.o)
                0x08000c58                __gtdf2
                0x08000c58                __gedf2
                0x08000c60                __ltdf2
                0x08000c60                __ledf2
                0x08000c68                __cmpdf2
                0x08000c68                __eqdf2
                0x08000c68                __nedf2
                0x08000ce4                __aeabi_cdrcmple
                0x08000cf4                __aeabi_cdcmple
                0x08000cf4                __aeabi_cdcmpeq
                0x08000d04                __aeabi_dcmpeq
                0x08000d18                __aeabi_dcmplt
                0x08000d2c                __aeabi_dcmple
                0x08000d40                __aeabi_dcmpge
                0x08000d54                __aeabi_dcmpgt
 .text          0x08000d68       0x2c /usr/lib/gcc/arm-none-eabi/14.1.0/thumb/v7e-m/nofp/libgcc.a(_arm_unorddf2.o)
                0x08000d68                __aeabi_dcmpun
                0x08000d68                __unorddf2
 .text          0x08000d94       0x50 /usr/lib/gcc/arm-none-eabi/14.1.0/thumb/v7e-m/nofp/libgcc.a(_arm_fixdfsi.o)
                0x08000d94                __fixdfsi
                0x08000d94                __aeabi_d2iz
 *(.text*)
 .text.__do_global_dtors_aux
                0x08000de4       0x24 /usr/lib/gcc/arm-none-eabi/14.1.0/thumb/v7e-m/nofp/crtbegin.o
 .text.frame_dummy
                0x08000e08       0x1c /usr/lib/gcc/arm-none-eabi/14.1.0/thumb/v7e-m/nofp/crtbegin.o
 .text.Reset_Handler
                0x08000e24       0xa4 build/./src/startup_stm32f446retx.o
                0x08000e24                Reset_Handler
 .text.Default_Handler
                0x08000ec8        0x8 build/./src/startup_stm32f446retx.o
                0x08000ec8                RTC_Alarm_IRQHandler
                0x08000ec8                EXTI2_IRQHandler
                0x08000ec8                TIM8_CC_IRQHandler
                0x08000ec8                DebugMon_Handler
                0x08000ec8                FMPI2C1_EV_IRQHandler
                0x08000ec8                SPI4_IRQHandler
                0x08000ec8                TIM1_CC_IRQHandler
                0x08000ec8                DMA2_Stream5_IRQHandler
                0x08000ec8                HardFault_Handler
                0x08000ec8                DMA1_Stream5_IRQHandler
                0x08000ec8                SysTick_Handler
                0x08000ec8                PVD_IRQHandler
                0x08000ec8                SDIO_IRQHandler
                0x08000ec8                TAMP_STAMP_IRQHandler
                0x08000ec8                PendSV_Handler
                0x08000ec8                NMI_Handler
                0x08000ec8                CAN2_RX1_IRQHandler
                0x08000ec8                EXTI3_IRQHandler
                0x08000ec8                TIM8_TRG_COM_TIM14_IRQHandler
                0x08000ec8                TIM1_UP_TIM10_IRQHandler
                0x08000ec8                TIM8_UP_TIM13_IRQHandler
                0x08000ec8                I2C3_ER_IRQHandler
                0x08000ec8                EXTI0_IRQHandler
                0x08000ec8                I2C2_EV_IRQHandler
                0x08000ec8                DMA1_Stream2_IRQHandler
                0x08000ec8                CAN1_RX0_IRQHandler
                0x08000ec8                FPU_IRQHandler
                0x08000ec8                OTG_HS_WKUP_IRQHandler
                0x08000ec8                UsageFault_Handler
                0x08000ec8                CAN2_SCE_IRQHandler
                0x08000ec8                DMA2_Stream2_IRQHandler
                0x08000ec8                SPI1_IRQHandler
                0x08000ec8                TIM6_DAC_IRQHandler
                0x08000ec8                TIM1_BRK_TIM9_IRQHandler
                0x08000ec8                DCMI_IRQHandler
                0x08000ec8                CAN2_RX0_IRQHandler
                0x08000ec8                DMA2_Stream3_IRQHandler
                0x08000ec8                SAI2_IRQHandler
                0x08000ec8                USART6_IRQHandler
                0x08000ec8                USART3_IRQHandler
                0x08000ec8                CAN1_RX1_IRQHandler
                0x08000ec8                UART5_IRQHandler
                0x08000ec8                DMA2_Stream0_IRQHandler
                0x08000ec8                TIM4_IRQHandler
                0x08000ec8                QUADSPI_IRQHandler
                0x08000ec8                I2C1_EV_IRQHandler
                0x08000ec8                DMA1_Stream6_IRQHandler
                0x08000ec8                DMA1_Stream1_IRQHandler
                0x08000ec8                UART4_IRQHandler
                0x08000ec8                TIM3_IRQHandler
                0x08000ec8                RCC_IRQHandler
                0x08000ec8                TIM8_BRK_TIM12_IRQHandler
                0x08000ec8                Default_Handler
                0x08000ec8                CEC_IRQHandler
                0x08000ec8                EXTI15_10_IRQHandler
                0x08000ec8                ADC_IRQHandler
                0x08000ec8                DMA1_Stream7_IRQHandler
                0x08000ec8                TIM7_IRQHandler
                0x08000ec8                CAN2_TX_IRQHandler
                0x08000ec8                TIM5_IRQHandler
                0x08000ec8                DMA2_Stream7_IRQHandler
                0x08000ec8                I2C3_EV_IRQHandler
                0x08000ec8                EXTI9_5_IRQHandler
                0x08000ec8                RTC_WKUP_IRQHandler
                0x08000ec8                SPDIF_RX_IRQHandler
                0x08000ec8                SPI2_IRQHandler
                0x08000ec8                OTG_HS_EP1_IN_IRQHandler
                0x08000ec8                MemManage_Handler
                0x08000ec8                DMA1_Stream0_IRQHandler
                0x08000ec8                CAN1_TX_IRQHandler
                0x08000ec8                SVC_Handler
                0x08000ec8                FMPI2C1_ER_IRQHandler
                0x08000ec8                EXTI4_IRQHandler
                0x08000ec8                OTG_HS_EP1_OUT_IRQHandler
                0x08000ec8                WWDG_IRQHandler
                0x08000ec8                OTG_FS_WKUP_IRQHandler
                0x08000ec8                TIM1_TRG_COM_TIM11_IRQHandler
                0x08000ec8                OTG_HS_IRQHandler
                0x08000ec8                EXTI1_IRQHandler
                0x08000ec8                I2C2_ER_IRQHandler
                0x08000ec8                DMA2_Stream1_IRQHandler
                0x08000ec8                CAN1_SCE_IRQHandler
                0x08000ec8                FLASH_IRQHandler
                0x08000ec8                DMA2_Stream4_IRQHandler
                0x08000ec8                BusFault_Handler
                0x08000ec8                USART1_IRQHandler
                0x08000ec8                OTG_FS_IRQHandler
                0x08000ec8                SPI3_IRQHandler
                0x08000ec8                DMA1_Stream4_IRQHandler
                0x08000ec8                I2C1_ER_IRQHandler
                0x08000ec8                FMC_IRQHandler
                0x08000ec8                DMA2_Stream6_IRQHandler
                0x08000ec8                SAI1_IRQHandler
                0x08000ec8                DMA1_Stream3_IRQHandler
 .text.SetSystemClock
                0x08000ed0       0xec build/./src/clock.o
                0x08000ed0                SetSystemClock
 .text.SetSystemClock180MHz
                0x08000fbc       0x12 build/./src/clock.o
                0x08000fbc                SetSystemClock180MHz
 *fill*         0x08000fce        0x2 
 .text.GetAHB1Clock
                0x08000fd0       0xdc build/./src/clock.o
                0x08000fd0                GetAHB1Clock
 .text.GetAPB1Clock
                0x080010ac       0x28 build/./src/clock.o
                0x080010ac                GetAPB1Clock
 .text.I2C_begin
                0x080010d4       0x38 build/./src/main.o
                0x080010d4                I2C_begin
 .text.main     0x0800110c       0x54 build/./src/main.o
                0x0800110c                main
 .text.TimerInit
                0x08001160       0x5c build/./src/timer.o
                0x08001160                TimerInit
 .text.TIM2_IRQHandler
                0x080011bc       0x38 build/./src/timer.o
                0x080011bc                TIM2_IRQHandler
 .text.ITM_SendChar
                0x080011f4       0x4c build/./src/syscalls.o
 .text._getpid  0x08001240        0xe build/./src/syscalls.o
                0x08001240                _getpid
 .text._kill    0x0800124e       0x20 build/./src/syscalls.o
                0x0800124e                _kill
 .text._exit    0x0800126e       0x16 build/./src/syscalls.o
                0x0800126e                _exit
 .text._read    0x08001284       0x3a build/./src/syscalls.o
                0x08001284                _read
 .text._write   0x080012be       0x38 build/./src/syscalls.o
                0x080012be                _write
 .text._close   0x080012f6       0x16 build/./src/syscalls.o
                0x080012f6                _close
 .text._fstat   0x0800130c       0x1e build/./src/syscalls.o
                0x0800130c                _fstat
 .text._isatty  0x0800132a       0x14 build/./src/syscalls.o
                0x0800132a                _isatty
 .text._lseek   0x0800133e       0x18 build/./src/syscalls.o
                0x0800133e                _lseek
 .text.kprintf  0x08001356       0x48 build/./src/debug.o
                0x08001356                kprintf
 *fill*         0x0800139e        0x2 
 .text.__NVIC_EnableIRQ
                0x080013a0       0x38 build/./src/uart.o
 .text.UartInit
                0x080013d8       0xa4 build/./src/uart.o
                0x080013d8                UartInit
 .text.UartSendBuffer
                0x0800147c       0x3c build/./src/uart.o
                0x0800147c                UartSendBuffer
 .text.USART_Handle_RxNIE
                0x080014b8       0x64 build/./src/uart.o
 .text.USART2_IRQHandler
                0x0800151c       0x1c build/./src/uart.o
                0x0800151c                USART2_IRQHandler
 .text.I2C_ClockEnable
                0x08001538       0x64 build/./src/i2c.o
                0x08001538                I2C_ClockEnable
 .text.I2C_AckControl
                0x0800159c       0x3a build/./src/i2c.o
                0x0800159c                I2C_AckControl
 .text.I2C_PerpheralControl
                0x080015d6       0x3a build/./src/i2c.o
                0x080015d6                I2C_PerpheralControl
 .text.I2C_GPIO_Init
                0x08001610       0x5c build/./src/i2c.o
                0x08001610                I2C_GPIO_Init
 .text.I2C_Init
                0x0800166c      0x168 build/./src/i2c.o
                0x0800166c                I2C_Init
 .text.I2C_MasterSendData
                0x080017d4       0x9e build/./src/i2c.o
                0x080017d4                I2C_MasterSendData
 .text.I2C_MasterReceiveData
                0x08001872       0xb4 build/./src/i2c.o
                0x08001872                I2C_MasterReceiveData
 *fill*         0x08001926        0x2 
 .text.atexit   0x08001928        0xc /usr/lib/gcc/arm-none-eabi/14.1.0/../../../../arm-none-eabi/lib/thumb/v7e-m/nofp/libc.a(libc_a-atexit.o)
                0x08001928                atexit
 .text.stdio_exit_handler
                0x08001934       0x18 /usr/lib/gcc/arm-none-eabi/14.1.0/../../../../arm-none-eabi/lib/thumb/v7e-m/nofp/libc.a(libc_a-findfp.o)
 .text.cleanup_stdio
                0x0800194c       0x40 /usr/lib/gcc/arm-none-eabi/14.1.0/../../../../arm-none-eabi/lib/thumb/v7e-m/nofp/libc.a(libc_a-findfp.o)
 .text.global_stdio_init.part.0
                0x0800198c       0xf0 /usr/lib/gcc/arm-none-eabi/14.1.0/../../../../arm-none-eabi/lib/thumb/v7e-m/nofp/libc.a(libc_a-findfp.o)
 .text.__sinit  0x08001a7c       0x3c /usr/lib/gcc/arm-none-eabi/14.1.0/../../../../arm-none-eabi/lib/thumb/v7e-m/nofp/libc.a(libc_a-findfp.o)
                0x08001a7c                __sinit
 .text.__sfp_lock_acquire
                0x08001ab8        0xc /usr/lib/gcc/arm-none-eabi/14.1.0/../../../../arm-none-eabi/lib/thumb/v7e-m/nofp/libc.a(libc_a-findfp.o)
                0x08001ab8                __sfp_lock_acquire
 .text.__sfp_lock_release
                0x08001ac4        0xc /usr/lib/gcc/arm-none-eabi/14.1.0/../../../../arm-none-eabi/lib/thumb/v7e-m/nofp/libc.a(libc_a-findfp.o)
                0x08001ac4                __sfp_lock_release
 .text._fwalk_sglue
                0x08001ad0       0x44 /usr/lib/gcc/arm-none-eabi/14.1.0/../../../../arm-none-eabi/lib/thumb/v7e-m/nofp/libc.a(libc_a-fwalk.o)
                0x08001ad0                _fwalk_sglue
 .text.__sread  0x08001b14       0x24 /usr/lib/gcc/arm-none-eabi/14.1.0/../../../../arm-none-eabi/lib/thumb/v7e-m/nofp/libc.a(libc_a-stdio.o)
                0x08001b14                __sread
 .text.__swrite
                0x08001b38       0x40 /usr/lib/gcc/arm-none-eabi/14.1.0/../../../../arm-none-eabi/lib/thumb/v7e-m/nofp/libc.a(libc_a-stdio.o)
                0x08001b38                __swrite
 .text.__sseek  0x08001b78       0x24 /usr/lib/gcc/arm-none-eabi/14.1.0/../../../../arm-none-eabi/lib/thumb/v7e-m/nofp/libc.a(libc_a-stdio.o)
                0x08001b78                __sseek
 .text.__sclose
                0x08001b9c        0x8 /usr/lib/gcc/arm-none-eabi/14.1.0/../../../../arm-none-eabi/lib/thumb/v7e-m/nofp/libc.a(libc_a-stdio.o)
                0x08001b9c                __sclose
 .text.vsnprintf
                0x08001ba4       0x78 /usr/lib/gcc/arm-none-eabi/14.1.0/../../../../arm-none-eabi/lib/thumb/v7e-m/nofp/libc.a(libc_a-vsnprintf.o)
                0x08001ba4                vsnprintf
 .text.memset   0x08001c1c       0xa4 /usr/lib/gcc/arm-none-eabi/14.1.0/../../../../arm-none-eabi/lib/thumb/v7e-m/nofp/libc.a(libc_a-memset.o)
                0x08001c1c                memset
 .text._close_r
                0x08001cc0       0x24 /usr/lib/gcc/arm-none-eabi/14.1.0/../../../../arm-none-eabi/lib/thumb/v7e-m/nofp/libc.a(libc_a-closer.o)
                0x08001cc0                _close_r
 .text._lseek_r
                0x08001ce4       0x2c /usr/lib/gcc/arm-none-eabi/14.1.0/../../../../arm-none-eabi/lib/thumb/v7e-m/nofp/libc.a(libc_a-lseekr.o)
                0x08001ce4                _lseek_r
 .text._read_r  0x08001d10       0x2c /usr/lib/gcc/arm-none-eabi/14.1.0/../../../../arm-none-eabi/lib/thumb/v7e-m/nofp/libc.a(libc_a-readr.o)
                0x08001d10                _read_r
 .text._write_r
                0x08001d3c       0x2c /usr/lib/gcc/arm-none-eabi/14.1.0/../../../../arm-none-eabi/lib/thumb/v7e-m/nofp/libc.a(libc_a-writer.o)
                0x08001d3c                _write_r
 .text.__errno  0x08001d68        0xc /usr/lib/gcc/arm-none-eabi/14.1.0/../../../../arm-none-eabi/lib/thumb/v7e-m/nofp/libc.a(libc_a-errno.o)
                0x08001d68                __errno
 .text.__libc_fini_array
                0x08001d74       0x28 /usr/lib/gcc/arm-none-eabi/14.1.0/../../../../arm-none-eabi/lib/thumb/v7e-m/nofp/libc.a(libc_a-fini.o)
                0x08001d74                __libc_fini_array
 .text.__retarget_lock_init_recursive
                0x08001d9c        0x4 /usr/lib/gcc/arm-none-eabi/14.1.0/../../../../arm-none-eabi/lib/thumb/v7e-m/nofp/libc.a(libc_a-lock.o)
                0x08001d9c                __retarget_lock_init_recursive
 .text.__retarget_lock_close_recursive
                0x08001da0        0x4 /usr/lib/gcc/arm-none-eabi/14.1.0/../../../../arm-none-eabi/lib/thumb/v7e-m/nofp/libc.a(libc_a-lock.o)
                0x08001da0                __retarget_lock_close_recursive
 .text.__retarget_lock_acquire_recursive
                0x08001da4        0x4 /usr/lib/gcc/arm-none-eabi/14.1.0/../../../../arm-none-eabi/lib/thumb/v7e-m/nofp/libc.a(libc_a-lock.o)
                0x08001da4                __retarget_lock_acquire_recursive
 .text.__retarget_lock_release_recursive
                0x08001da8        0x4 /usr/lib/gcc/arm-none-eabi/14.1.0/../../../../arm-none-eabi/lib/thumb/v7e-m/nofp/libc.a(libc_a-lock.o)
                0x08001da8                __retarget_lock_release_recursive
 .text.__register_exitproc
                0x08001dac       0x80 /usr/lib/gcc/arm-none-eabi/14.1.0/../../../../arm-none-eabi/lib/thumb/v7e-m/nofp/libc.a(libc_a-__atexit.o)
                0x08001dac                __register_exitproc
 .text.startup.register_fini
                0x08001e2c       0x14 /usr/lib/gcc/arm-none-eabi/14.1.0/../../../../arm-none-eabi/lib/thumb/v7e-m/nofp/libc.a(libc_a-__call_atexit.o)
 .text._malloc_trim_r
                0x08001e40       0xb8 /usr/lib/gcc/arm-none-eabi/14.1.0/../../../../arm-none-eabi/lib/thumb/v7e-m/nofp/libc.a(libc_a-freer.o)
                0x08001e40                _malloc_trim_r
 .text._free_r  0x08001ef8      0x1f8 /usr/lib/gcc/arm-none-eabi/14.1.0/../../../../arm-none-eabi/lib/thumb/v7e-m/nofp/libc.a(libc_a-freer.o)
                0x08001ef8                _free_r
 .text._malloc_r
                0x080020f0      0x564 /usr/lib/gcc/arm-none-eabi/14.1.0/../../../../arm-none-eabi/lib/thumb/v7e-m/nofp/libc.a(libc_a-mallocr.o)
                0x080020f0                _malloc_r
 .text.__malloc_lock
                0x08002654        0xc /usr/lib/gcc/arm-none-eabi/14.1.0/../../../../arm-none-eabi/lib/thumb/v7e-m/nofp/libc.a(libc_a-mlock.o)
                0x08002654                __malloc_lock
 .text.__malloc_unlock
                0x08002660        0xc /usr/lib/gcc/arm-none-eabi/14.1.0/../../../../arm-none-eabi/lib/thumb/v7e-m/nofp/libc.a(libc_a-mlock.o)
                0x08002660                __malloc_unlock
 .text._svfprintf_r
                0x0800266c     0x1994 /usr/lib/gcc/arm-none-eabi/14.1.0/../../../../arm-none-eabi/lib/thumb/v7e-m/nofp/libc.a(libc_a-svfprintf.o)
                0x0800266c                _svfprintf_r
 .text.__ssprint_r
                0x08004000       0x58 /usr/lib/gcc/arm-none-eabi/14.1.0/../../../../arm-none-eabi/lib/thumb/v7e-m/nofp/libc.a(libc_a-ssprint_r.o)
                0x08004000                __ssprint_r
 .text._fclose_r
                0x08004058       0xc0 /usr/lib/gcc/arm-none-eabi/14.1.0/../../../../arm-none-eabi/lib/thumb/v7e-m/nofp/libc.a(libc_a-fclose.o)
                0x08004058                _fclose_r
 .text.__sflush_r
                0x08004118      0x128 /usr/lib/gcc/arm-none-eabi/14.1.0/../../../../arm-none-eabi/lib/thumb/v7e-m/nofp/libc.a(libc_a-fflush.o)
                0x08004118                __sflush_r
 .text._fflush_r
                0x08004240       0x54 /usr/lib/gcc/arm-none-eabi/14.1.0/../../../../arm-none-eabi/lib/thumb/v7e-m/nofp/libc.a(libc_a-fflush.o)
                0x08004240                _fflush_r
 .text.strncpy  0x08004294       0x68 /usr/lib/gcc/arm-none-eabi/14.1.0/../../../../arm-none-eabi/lib/thumb/v7e-m/nofp/libc.a(libc_a-strncpy.o)
                0x08004294                strncpy
 .text._localeconv_r
                0x080042fc        0x8 /usr/lib/gcc/arm-none-eabi/14.1.0/../../../../arm-none-eabi/lib/thumb/v7e-m/nofp/libc.a(libc_a-localeconv.o)
                0x080042fc                _localeconv_r
 .text._sbrk_r  0x08004304       0x24 /usr/lib/gcc/arm-none-eabi/14.1.0/../../../../arm-none-eabi/lib/thumb/v7e-m/nofp/libc.a(libc_a-sbrkr.o)
                0x08004304                _sbrk_r
 .text.sysconf  0x08004328       0x1c /usr/lib/gcc/arm-none-eabi/14.1.0/../../../../arm-none-eabi/lib/thumb/v7e-m/nofp/libc.a(libc_a-sysconf.o)
                0x08004328                sysconf
 .text.frexp    0x08004344       0x6c /usr/lib/gcc/arm-none-eabi/14.1.0/../../../../arm-none-eabi/lib/thumb/v7e-m/nofp/libc.a(libm_a-s_frexp.o)
                0x08004344                frexp
 .text.quorem   0x080043b0      0x12c /usr/lib/gcc/arm-none-eabi/14.1.0/../../../../arm-none-eabi/lib/thumb/v7e-m/nofp/libc.a(libc_a-dtoa.o)
 *fill*         0x080044dc        0x4 
 .text._dtoa_r  0x080044e0      0xe80 /usr/lib/gcc/arm-none-eabi/14.1.0/../../../../arm-none-eabi/lib/thumb/v7e-m/nofp/libc.a(libc_a-dtoa.o)
                0x080044e0                _dtoa_r
 .text._Balloc  0x08005360       0x4c /usr/lib/gcc/arm-none-eabi/14.1.0/../../../../arm-none-eabi/lib/thumb/v7e-m/nofp/libc.a(libc_a-mprec.o)
                0x08005360                _Balloc
 .text._Bfree   0x080053ac       0x14 /usr/lib/gcc/arm-none-eabi/14.1.0/../../../../arm-none-eabi/lib/thumb/v7e-m/nofp/libc.a(libc_a-mprec.o)
                0x080053ac                _Bfree
 .text.__multadd
                0x080053c0       0xa0 /usr/lib/gcc/arm-none-eabi/14.1.0/../../../../arm-none-eabi/lib/thumb/v7e-m/nofp/libc.a(libc_a-mprec.o)
                0x080053c0                __multadd
 .text.__hi0bits
                0x08005460       0x44 /usr/lib/gcc/arm-none-eabi/14.1.0/../../../../arm-none-eabi/lib/thumb/v7e-m/nofp/libc.a(libc_a-mprec.o)
                0x08005460                __hi0bits
 .text.__lo0bits
                0x080054a4       0x60 /usr/lib/gcc/arm-none-eabi/14.1.0/../../../../arm-none-eabi/lib/thumb/v7e-m/nofp/libc.a(libc_a-mprec.o)
                0x080054a4                __lo0bits
 .text.__i2b    0x08005504       0x5c /usr/lib/gcc/arm-none-eabi/14.1.0/../../../../arm-none-eabi/lib/thumb/v7e-m/nofp/libc.a(libc_a-mprec.o)
                0x08005504                __i2b
 .text.__multiply
                0x08005560      0x16c /usr/lib/gcc/arm-none-eabi/14.1.0/../../../../arm-none-eabi/lib/thumb/v7e-m/nofp/libc.a(libc_a-mprec.o)
                0x08005560                __multiply
 .text.__pow5mult
                0x080056cc       0xb4 /usr/lib/gcc/arm-none-eabi/14.1.0/../../../../arm-none-eabi/lib/thumb/v7e-m/nofp/libc.a(libc_a-mprec.o)
                0x080056cc                __pow5mult
 .text.__lshift
                0x08005780       0xf0 /usr/lib/gcc/arm-none-eabi/14.1.0/../../../../arm-none-eabi/lib/thumb/v7e-m/nofp/libc.a(libc_a-mprec.o)
                0x08005780                __lshift
 .text.__mcmp   0x08005870       0x40 /usr/lib/gcc/arm-none-eabi/14.1.0/../../../../arm-none-eabi/lib/thumb/v7e-m/nofp/libc.a(libc_a-mprec.o)
                0x08005870                __mcmp
 .text.__mdiff  0x080058b0      0x178 /usr/lib/gcc/arm-none-eabi/14.1.0/../../../../arm-none-eabi/lib/thumb/v7e-m/nofp/libc.a(libc_a-mprec.o)
                0x080058b0                __mdiff
 .text.__d2b    0x08005a28       0xbc /usr/lib/gcc/arm-none-eabi/14.1.0/../../../../arm-none-eabi/lib/thumb/v7e-m/nofp/libc.a(libc_a-mprec.o)
                0x08005a28                __d2b
 .text.__ssputs_r
                0x08005ae4       0xc0 /usr/lib/gcc/arm-none-eabi/14.1.0/../../../../arm-none-eabi/lib/thumb/v7e-m/nofp/libc.a(libc_a-ssputs_r.o)
                0x08005ae4                __ssputs_r
 .text.memmove  0x08005ba4      0x100 /usr/lib/gcc/arm-none-eabi/14.1.0/../../../../arm-none-eabi/lib/thumb/v7e-m/nofp/libc.a(libc_a-memmove.o)
                0x08005ba4                memmove
 .text.__assert_func
                0x08005ca4       0x40 /usr/lib/gcc/arm-none-eabi/14.1.0/../../../../arm-none-eabi/lib/thumb/v7e-m/nofp/libc.a(libc_a-assert.o)
                0x08005ca4                __assert_func
 .text._calloc_r
                0x08005ce4       0x6c /usr/lib/gcc/arm-none-eabi/14.1.0/../../../../arm-none-eabi/lib/thumb/v7e-m/nofp/libc.a(libc_a-callocr.o)
                0x08005ce4                _calloc_r
 .text.__ascii_mbtowc
                0x08005d50       0x2c /usr/lib/gcc/arm-none-eabi/14.1.0/../../../../arm-none-eabi/lib/thumb/v7e-m/nofp/libc.a(libc_a-mbtowc_r.o)
                0x08005d50                __ascii_mbtowc
 .text._realloc_r
                0x08005d7c      0x344 /usr/lib/gcc/arm-none-eabi/14.1.0/../../../../arm-none-eabi/lib/thumb/v7e-m/nofp/libc.a(libc_a-reallocr.o)
                0x08005d7c                _realloc_r
 .text.__ascii_wctomb
                0x080060c0       0x1c /usr/lib/gcc/arm-none-eabi/14.1.0/../../../../arm-none-eabi/lib/thumb/v7e-m/nofp/libc.a(libc_a-wctomb_r.o)
                0x080060c0                __ascii_wctomb
 .text.fiprintf
                0x080060dc       0x28 /usr/lib/gcc/arm-none-eabi/14.1.0/../../../../arm-none-eabi/lib/thumb/v7e-m/nofp/libc.a(libc_a-fiprintf.o)
                0x080060dc                fiprintf
 .text._vfiprintf_r
                0x08006104      0xc80 /usr/lib/gcc/arm-none-eabi/14.1.0/../../../../arm-none-eabi/lib/thumb/v7e-m/nofp/libc.a(libc_a-vfiprintf.o)
                0x08006104                _vfiprintf_r
 .text.__sbprintf
                0x08006d84       0x80 /usr/lib/gcc/arm-none-eabi/14.1.0/../../../../arm-none-eabi/lib/thumb/v7e-m/nofp/libc.a(libc_a-vfiprintf.o)
 .text.__sprint_r
                0x08006e04       0x20 /usr/lib/gcc/arm-none-eabi/14.1.0/../../../../arm-none-eabi/lib/thumb/v7e-m/nofp/libc.a(libc_a-sprint_r.o)
                0x08006e04                __sprint_r
 .text.__sfvwrite_r
                0x08006e24      0x2f8 /usr/lib/gcc/arm-none-eabi/14.1.0/../../../../arm-none-eabi/lib/thumb/v7e-m/nofp/libc.a(libc_a-fvwrite.o)
                0x08006e24                __sfvwrite_r
 .text.__swsetup_r
                0x0800711c       0xc4 /usr/lib/gcc/arm-none-eabi/14.1.0/../../../../arm-none-eabi/lib/thumb/v7e-m/nofp/libc.a(libc_a-wsetup.o)
                0x0800711c                __swsetup_r
 .text.abort    0x080071e0       0x10 /usr/lib/gcc/arm-none-eabi/14.1.0/../../../../arm-none-eabi/lib/thumb/v7e-m/nofp/libc.a(libc_a-abort.o)
                0x080071e0                abort
 .text.__smakebuf_r
                0x080071f0       0xdc /usr/lib/gcc/arm-none-eabi/14.1.0/../../../../arm-none-eabi/lib/thumb/v7e-m/nofp/libc.a(libc_a-makebuf.o)
                0x080071f0                __smakebuf_r
 .text.raise    0x080072cc       0x58 /usr/lib/gcc/arm-none-eabi/14.1.0/../../../../arm-none-eabi/lib/thumb/v7e-m/nofp/libc.a(libc_a-signal.o)
                0x080072cc                raise
 .text._fstat_r
                0x08007324       0x2c /usr/lib/gcc/arm-none-eabi/14.1.0/../../../../arm-none-eabi/lib/thumb/v7e-m/nofp/libc.a(libc_a-fstatr.o)
                0x08007324                _fstat_r
 .text._isatty_r
                0x08007350       0x24 /usr/lib/gcc/arm-none-eabi/14.1.0/../../../../arm-none-eabi/lib/thumb/v7e-m/nofp/libc.a(libc_a-isattyr.o)
                0x08007350                _isatty_r
 .text._kill_r  0x08007374       0x2c /usr/lib/gcc/arm-none-eabi/14.1.0/../../../../arm-none-eabi/lib/thumb/v7e-m/nofp/libc.a(libc_a-signalr.o)
                0x08007374                _kill_r
 .text._getpid_r
                0x080073a0        0x4 /usr/lib/gcc/arm-none-eabi/14.1.0/../../../../arm-none-eabi/lib/thumb/v7e-m/nofp/libc.a(libc_a-signalr.o)
                0x080073a0                _getpid_r
 .text._sbrk    0x080073a4       0x1c /usr/lib/gcc/arm-none-eabi/14.1.0/../../../../arm-none-eabi/lib/thumb/v7e-m/nofp/libnosys.a(sbrk.o)
                0x080073a4                _sbrk
 *(.glue_7)
 .glue_7        0x080073c0        0x0 linker stubs
 *(.glue_7t)
 .glue_7t       0x080073c0        0x0 linker stubs
 *(.eh_frame)
 .eh_frame      0x080073c0        0x0 /usr/lib/gcc/arm-none-eabi/14.1.0/thumb/v7e-m/nofp/crtbegin.o
 *(.init)
 .init          0x080073c0        0x4 /usr/lib/gcc/arm-none-eabi/14.1.0/thumb/v7e-m/nofp/crti.o
                0x080073c0                _init
 .init          0x080073c4        0x8 /usr/lib/gcc/arm-none-eabi/14.1.0/thumb/v7e-m/nofp/crtn.o
 *(.fini)
 .fini          0x080073cc        0x4 /usr/lib/gcc/arm-none-eabi/14.1.0/thumb/v7e-m/nofp/crti.o
                0x080073cc                _fini
 .fini          0x080073d0        0x8 /usr/lib/gcc/arm-none-eabi/14.1.0/thumb/v7e-m/nofp/crtn.o
                0x080073d8                        . = ALIGN (0x4)
                0x080073d8                        _etext = .

.vfp11_veneer   0x080073d8        0x0
 .vfp11_veneer  0x080073d8        0x0 linker stubs

.v4_bx          0x080073d8        0x0
 .v4_bx         0x080073d8        0x0 linker stubs

.iplt           0x080073d8        0x0
 .iplt          0x080073d8        0x0 /usr/lib/gcc/arm-none-eabi/14.1.0/thumb/v7e-m/nofp/crtbegin.o

.rodata         0x080073d8      0x3b4
                0x080073d8                        . = ALIGN (0x4)
 *(.rodata)
 .rodata        0x080073d8       0x1c build/./src/main.o
 *(.rodata*)
 .rodata.AHBPrescTable
                0x080073f4       0x10 build/./src/system_stm32f4xx.o
                0x080073f4                AHBPrescTable
 .rodata.APBPrescTable
                0x08007404        0x8 build/./src/system_stm32f4xx.o
                0x08007404                APBPrescTable
 .rodata._svfprintf_r.str1.4
                0x0800740c      0x13f /usr/lib/gcc/arm-none-eabi/14.1.0/../../../../arm-none-eabi/lib/thumb/v7e-m/nofp/libc.a(libc_a-svfprintf.o)
                                 0x42 (size before relaxing)
 *fill*         0x0800754b        0x1 
 .rodata.zeroes.0
                0x0800754c       0x10 /usr/lib/gcc/arm-none-eabi/14.1.0/../../../../arm-none-eabi/lib/thumb/v7e-m/nofp/libc.a(libc_a-svfprintf.o)
 .rodata.blanks.1
                0x0800755c       0x10 /usr/lib/gcc/arm-none-eabi/14.1.0/../../../../arm-none-eabi/lib/thumb/v7e-m/nofp/libc.a(libc_a-svfprintf.o)
 .rodata._dtoa_r.str1.4
                0x0800756c       0x6a /usr/lib/gcc/arm-none-eabi/14.1.0/../../../../arm-none-eabi/lib/thumb/v7e-m/nofp/libc.a(libc_a-dtoa.o)
 .rodata.__multadd.str1.4
                0x0800756c       0x57 /usr/lib/gcc/arm-none-eabi/14.1.0/../../../../arm-none-eabi/lib/thumb/v7e-m/nofp/libc.a(libc_a-mprec.o)
 .rodata.p05.0  0x0800756c        0xc /usr/lib/gcc/arm-none-eabi/14.1.0/../../../../arm-none-eabi/lib/thumb/v7e-m/nofp/libc.a(libc_a-mprec.o)
 .rodata.__mprec_bigtens
                0x08007578       0x28 /usr/lib/gcc/arm-none-eabi/14.1.0/../../../../arm-none-eabi/lib/thumb/v7e-m/nofp/libc.a(libc_a-mprec.o)
                0x08007578                __mprec_bigtens
 .rodata.__mprec_tens
                0x080075a0       0xc8 /usr/lib/gcc/arm-none-eabi/14.1.0/../../../../arm-none-eabi/lib/thumb/v7e-m/nofp/libc.a(libc_a-mprec.o)
                0x080075a0                __mprec_tens
 .rodata._setlocale_r.str1.4
                0x08007668        0xd /usr/lib/gcc/arm-none-eabi/14.1.0/../../../../arm-none-eabi/lib/thumb/v7e-m/nofp/libc.a(libc_a-locale.o)
 .rodata.str1.4
                0x08007668        0x2 /usr/lib/gcc/arm-none-eabi/14.1.0/../../../../arm-none-eabi/lib/thumb/v7e-m/nofp/libc.a(libc_a-locale.o)
 .rodata.__assert_func.str1.4
                0x08007668       0x43 /usr/lib/gcc/arm-none-eabi/14.1.0/../../../../arm-none-eabi/lib/thumb/v7e-m/nofp/libc.a(libc_a-assert.o)
 .rodata._ctype_
                0x08007668      0x101 /usr/lib/gcc/arm-none-eabi/14.1.0/../../../../arm-none-eabi/lib/thumb/v7e-m/nofp/libc.a(libc_a-ctype_.o)
                0x08007668                _ctype_
 .rodata._vfiprintf_r.str1.4
                0x08007769       0x2f /usr/lib/gcc/arm-none-eabi/14.1.0/../../../../arm-none-eabi/lib/thumb/v7e-m/nofp/libc.a(libc_a-vfiprintf.o)
 *fill*         0x08007769        0x3 
 .rodata.zeroes.0
                0x0800776c       0x10 /usr/lib/gcc/arm-none-eabi/14.1.0/../../../../arm-none-eabi/lib/thumb/v7e-m/nofp/libc.a(libc_a-vfiprintf.o)
 .rodata.blanks.1
                0x0800777c       0x10 /usr/lib/gcc/arm-none-eabi/14.1.0/../../../../arm-none-eabi/lib/thumb/v7e-m/nofp/libc.a(libc_a-vfiprintf.o)
                0x0800778c                        . = ALIGN (0x4)

.ARM.extab      0x0800778c        0x0
                0x0800778c                        . = ALIGN (0x4)
 *(.ARM.extab* .gnu.linkonce.armextab.*)
                0x0800778c                        . = ALIGN (0x4)

.ARM            0x0800778c        0x8
                0x0800778c                        . = ALIGN (0x4)
                0x0800778c                        __exidx_start = .
 *(.ARM.exidx*)
 .ARM.exidx     0x0800778c        0x8 /usr/lib/gcc/arm-none-eabi/14.1.0/../../../../arm-none-eabi/lib/thumb/v7e-m/nofp/libc.a(libc_a-strlen.o)
 .ARM.exidx     0x08007794        0x0 /usr/lib/gcc/arm-none-eabi/14.1.0/../../../../arm-none-eabi/lib/thumb/v7e-m/nofp/libc.a(libc_a-memchr.o)
                                  0x8 (size before relaxing)
 .ARM.exidx     0x08007794        0x0 /usr/lib/gcc/arm-none-eabi/14.1.0/../../../../arm-none-eabi/lib/thumb/v7e-m/nofp/libc.a(libc_a-memcpy.o)
                                  0x8 (size before relaxing)
                0x08007794                        __exidx_end = .
                0x08007794                        . = ALIGN (0x4)

.preinit_array  0x08007794        0x0
                0x08007794                        . = ALIGN (0x4)
                0x08007794                        PROVIDE (__preinit_array_start = .)
 *(.preinit_array*)
                0x08007794                        PROVIDE (__preinit_array_end = .)
                0x08007794                        . = ALIGN (0x4)

.init_array     0x08007794        0x8
                0x08007794                        . = ALIGN (0x4)
                0x08007794                        PROVIDE (__init_array_start = .)
 *(SORT_BY_NAME(.init_array.*))
 .init_array.00000
                0x08007794        0x4 /usr/lib/gcc/arm-none-eabi/14.1.0/../../../../arm-none-eabi/lib/thumb/v7e-m/nofp/libc.a(libc_a-__call_atexit.o)
 *(.init_array*)
 .init_array    0x08007798        0x4 /usr/lib/gcc/arm-none-eabi/14.1.0/thumb/v7e-m/nofp/crtbegin.o
                0x0800779c                        PROVIDE (__init_array_end = .)
                0x0800779c                        . = ALIGN (0x4)

.fini_array     0x0800779c        0x4
                0x0800779c                        . = ALIGN (0x4)
                0x0800779c                        PROVIDE (__fini_array_start = .)
 *(SORT_BY_NAME(.fini_array.*))
 *(.fini_array*)
 .fini_array    0x0800779c        0x4 /usr/lib/gcc/arm-none-eabi/14.1.0/thumb/v7e-m/nofp/crtbegin.o
                0x080077a0                        PROVIDE (__fini_array_end = .)
                0x080077a0                        . = ALIGN (0x4)
                0x080077a0                        _sidata = LOADADDR (.data)

.rel.dyn        0x080077a0        0x0
 .rel.iplt      0x080077a0        0x0 /usr/lib/gcc/arm-none-eabi/14.1.0/thumb/v7e-m/nofp/crtbegin.o

.data           0x20000000      0x6b4 load address 0x080077a0
                0x20000000                        . = ALIGN (0x4)
                0x20000000                        _sdata = .
 *(.data)
 *(.data*)
 .data.__sglue  0x20000000        0xc /usr/lib/gcc/arm-none-eabi/14.1.0/../../../../arm-none-eabi/lib/thumb/v7e-m/nofp/libc.a(libc_a-findfp.o)
                0x20000000                __sglue
 .data._impure_ptr
                0x2000000c        0x4 /usr/lib/gcc/arm-none-eabi/14.1.0/../../../../arm-none-eabi/lib/thumb/v7e-m/nofp/libc.a(libc_a-impure.o)
                0x2000000c                _impure_ptr
 .data._impure_data
                0x20000010      0x120 /usr/lib/gcc/arm-none-eabi/14.1.0/../../../../arm-none-eabi/lib/thumb/v7e-m/nofp/libc.a(libc_a-impure.o)
                0x20000010                _impure_data
 .data.__atexit_recursive_mutex
                0x20000130        0x4 /usr/lib/gcc/arm-none-eabi/14.1.0/../../../../arm-none-eabi/lib/thumb/v7e-m/nofp/libc.a(libc_a-__call_atexit.o)
                0x20000130                __atexit_recursive_mutex
 .data.__malloc_sbrk_base
                0x20000134        0x4 /usr/lib/gcc/arm-none-eabi/14.1.0/../../../../arm-none-eabi/lib/thumb/v7e-m/nofp/libc.a(libc_a-mallocr.o)
                0x20000134                __malloc_sbrk_base
 .data.__malloc_trim_threshold
                0x20000138        0x4 /usr/lib/gcc/arm-none-eabi/14.1.0/../../../../arm-none-eabi/lib/thumb/v7e-m/nofp/libc.a(libc_a-mallocr.o)
                0x20000138                __malloc_trim_threshold
 *fill*         0x2000013c        0x4 
 .data.__malloc_av_
                0x20000140      0x408 /usr/lib/gcc/arm-none-eabi/14.1.0/../../../../arm-none-eabi/lib/thumb/v7e-m/nofp/libc.a(libc_a-mallocr.o)
                0x20000140                __malloc_av_
 .data.__global_locale
                0x20000548      0x16c /usr/lib/gcc/arm-none-eabi/14.1.0/../../../../arm-none-eabi/lib/thumb/v7e-m/nofp/libc.a(libc_a-locale.o)
                0x20000548                __global_locale
 *(.RamFunc)
 *(.RamFunc*)
                0x200006b4                        . = ALIGN (0x4)
                0x200006b4                        _edata = .

.igot.plt       0x200006b4        0x0 load address 0x08007e54
 .igot.plt      0x200006b4        0x0 /usr/lib/gcc/arm-none-eabi/14.1.0/thumb/v7e-m/nofp/crtbegin.o
                0x200006b4                        . = ALIGN (0x4)

.bss            0x200006b4      0x344 load address 0x08007e54
                0x200006b4                        _sbss = .
                0x200006b4                        __bss_start__ = _sbss
 *(.bss)
 *(.bss*)
 .bss.completed.1
                0x200006b4        0x1 /usr/lib/gcc/arm-none-eabi/14.1.0/thumb/v7e-m/nofp/crtbegin.o
 *fill*         0x200006b5        0x3 
 .bss.object.0  0x200006b8       0x18 /usr/lib/gcc/arm-none-eabi/14.1.0/thumb/v7e-m/nofp/crtbegin.o
 .bss.tick      0x200006d0        0x4 build/./src/timer.o
 .bss.handle    0x200006d4        0xc build/./src/uart.o
 .bss.__sf      0x200006e0      0x138 /usr/lib/gcc/arm-none-eabi/14.1.0/../../../../arm-none-eabi/lib/thumb/v7e-m/nofp/libc.a(libc_a-findfp.o)
                0x200006e0                __sf
 .bss.__stdio_exit_handler
                0x20000818        0x4 /usr/lib/gcc/arm-none-eabi/14.1.0/../../../../arm-none-eabi/lib/thumb/v7e-m/nofp/libc.a(libc_a-findfp.o)
                0x20000818                __stdio_exit_handler
 .bss.errno     0x2000081c        0x4 /usr/lib/gcc/arm-none-eabi/14.1.0/../../../../arm-none-eabi/lib/thumb/v7e-m/nofp/libc.a(libc_a-reent.o)
                0x2000081c                errno
 .bss.__lock___malloc_recursive_mutex
                0x20000820        0x1 /usr/lib/gcc/arm-none-eabi/14.1.0/../../../../arm-none-eabi/lib/thumb/v7e-m/nofp/libc.a(libc_a-lock.o)
                0x20000820                __lock___malloc_recursive_mutex
 *fill*         0x20000821        0x3 
 .bss.__lock___atexit_recursive_mutex
                0x20000824        0x1 /usr/lib/gcc/arm-none-eabi/14.1.0/../../../../arm-none-eabi/lib/thumb/v7e-m/nofp/libc.a(libc_a-lock.o)
                0x20000824                __lock___atexit_recursive_mutex
 *fill*         0x20000825        0x3 
 .bss.__lock___sfp_recursive_mutex
                0x20000828        0x1 /usr/lib/gcc/arm-none-eabi/14.1.0/../../../../arm-none-eabi/lib/thumb/v7e-m/nofp/libc.a(libc_a-lock.o)
                0x20000828                __lock___sfp_recursive_mutex
 *fill*         0x20000829        0x3 
 .bss.__atexit0
                0x2000082c      0x190 /usr/lib/gcc/arm-none-eabi/14.1.0/../../../../arm-none-eabi/lib/thumb/v7e-m/nofp/libc.a(libc_a-__atexit.o)
                0x2000082c                __atexit0
 .bss.__atexit  0x200009bc        0x4 /usr/lib/gcc/arm-none-eabi/14.1.0/../../../../arm-none-eabi/lib/thumb/v7e-m/nofp/libc.a(libc_a-__call_atexit.o)
                0x200009bc                __atexit
 .bss.__malloc_current_mallinfo
                0x200009c0       0x28 /usr/lib/gcc/arm-none-eabi/14.1.0/../../../../arm-none-eabi/lib/thumb/v7e-m/nofp/libc.a(libc_a-mallocr.o)
                0x200009c0                __malloc_current_mallinfo
 .bss.__malloc_max_total_mem
                0x200009e8        0x4 /usr/lib/gcc/arm-none-eabi/14.1.0/../../../../arm-none-eabi/lib/thumb/v7e-m/nofp/libc.a(libc_a-mallocr.o)
                0x200009e8                __malloc_max_total_mem
 .bss.__malloc_max_sbrked_mem
                0x200009ec        0x4 /usr/lib/gcc/arm-none-eabi/14.1.0/../../../../arm-none-eabi/lib/thumb/v7e-m/nofp/libc.a(libc_a-mallocr.o)
                0x200009ec                __malloc_max_sbrked_mem
 .bss.__malloc_top_pad
                0x200009f0        0x4 /usr/lib/gcc/arm-none-eabi/14.1.0/../../../../arm-none-eabi/lib/thumb/v7e-m/nofp/libc.a(libc_a-mallocr.o)
                0x200009f0                __malloc_top_pad
 .bss.heap_end.0
                0x200009f4        0x4 /usr/lib/gcc/arm-none-eabi/14.1.0/../../../../arm-none-eabi/lib/thumb/v7e-m/nofp/libnosys.a(sbrk.o)
 *(COMMON)
                0x200009f8                        . = ALIGN (0x4)
                0x200009f8                        _ebss = .
                0x200009f8                        __bss_end__ = _ebss

._user_heap_stack
                0x200009f8      0x600 load address 0x08007e54
                0x200009f8                        . = ALIGN (0x8)
                0x200009f8                        PROVIDE (end = .)
                [!provide]                        PROVIDE (_end = .)
                0x20000bf8                        . = (. + _Min_Heap_Size)
 *fill*         0x200009f8      0x200 
                0x20000ff8                        . = (. + _Min_Stack_Size)
 *fill*         0x20000bf8      0x400 
                0x20000ff8                        . = ALIGN (0x8)

.ARM.attributes
                0x00000000       0x2a
 *(.ARM.attributes)
 .ARM.attributes
                0x00000000       0x1e /usr/lib/gcc/arm-none-eabi/14.1.0/thumb/v7e-m/nofp/crti.o
 .ARM.attributes
                0x0000001e       0x2e /usr/lib/gcc/arm-none-eabi/14.1.0/thumb/v7e-m/nofp/crtbegin.o
 .ARM.attributes
                0x0000004c       0x2e build/./src/startup_stm32f446retx.o
 .ARM.attributes
                0x0000007a       0x2e build/./src/clock.o
 .ARM.attributes
                0x000000a8       0x2e build/./src/system_stm32f4xx.o
 .ARM.attributes
                0x000000d6       0x2e build/./src/main.o
 .ARM.attributes
                0x00000104       0x2e build/./src/timer.o
 .ARM.attributes
                0x00000132       0x2e build/./src/syscalls.o
 .ARM.attributes
                0x00000160       0x2e build/./src/debug.o
 .ARM.attributes
                0x0000018e       0x2e build/./src/uart.o
 .ARM.attributes
                0x000001bc       0x2e build/./src/i2c.o
 .ARM.attributes
                0x000001ea       0x1e /usr/lib/gcc/arm-none-eabi/14.1.0/thumb/v7e-m/nofp/libgcc.a(_arm_addsubdf3.o)
 .ARM.attributes
                0x00000208       0x2e /usr/lib/gcc/arm-none-eabi/14.1.0/../../../../arm-none-eabi/lib/thumb/v7e-m/nofp/libc.a(libc_a-atexit.o)
 .ARM.attributes
                0x00000236       0x2e /usr/lib/gcc/arm-none-eabi/14.1.0/../../../../arm-none-eabi/lib/thumb/v7e-m/nofp/libc.a(libc_a-findfp.o)
 .ARM.attributes
                0x00000264       0x2e /usr/lib/gcc/arm-none-eabi/14.1.0/../../../../arm-none-eabi/lib/thumb/v7e-m/nofp/libc.a(libc_a-fwalk.o)
 .ARM.attributes
                0x00000292       0x2e /usr/lib/gcc/arm-none-eabi/14.1.0/../../../../arm-none-eabi/lib/thumb/v7e-m/nofp/libc.a(libc_a-stdio.o)
 .ARM.attributes
                0x000002c0       0x2e /usr/lib/gcc/arm-none-eabi/14.1.0/../../../../arm-none-eabi/lib/thumb/v7e-m/nofp/libc.a(libc_a-vsnprintf.o)
 .ARM.attributes
                0x000002ee       0x2e /usr/lib/gcc/arm-none-eabi/14.1.0/../../../../arm-none-eabi/lib/thumb/v7e-m/nofp/libc.a(libc_a-memset.o)
 .ARM.attributes
                0x0000031c       0x2e /usr/lib/gcc/arm-none-eabi/14.1.0/../../../../arm-none-eabi/lib/thumb/v7e-m/nofp/libc.a(libc_a-closer.o)
 .ARM.attributes
                0x0000034a       0x2e /usr/lib/gcc/arm-none-eabi/14.1.0/../../../../arm-none-eabi/lib/thumb/v7e-m/nofp/libc.a(libc_a-reent.o)
 .ARM.attributes
                0x00000378       0x2e /usr/lib/gcc/arm-none-eabi/14.1.0/../../../../arm-none-eabi/lib/thumb/v7e-m/nofp/libc.a(libc_a-impure.o)
 .ARM.attributes
                0x000003a6       0x2e /usr/lib/gcc/arm-none-eabi/14.1.0/../../../../arm-none-eabi/lib/thumb/v7e-m/nofp/libc.a(libc_a-lseekr.o)
 .ARM.attributes
                0x000003d4       0x2e /usr/lib/gcc/arm-none-eabi/14.1.0/../../../../arm-none-eabi/lib/thumb/v7e-m/nofp/libc.a(libc_a-readr.o)
 .ARM.attributes
                0x00000402       0x2e /usr/lib/gcc/arm-none-eabi/14.1.0/../../../../arm-none-eabi/lib/thumb/v7e-m/nofp/libc.a(libc_a-writer.o)
 .ARM.attributes
                0x00000430       0x2e /usr/lib/gcc/arm-none-eabi/14.1.0/../../../../arm-none-eabi/lib/thumb/v7e-m/nofp/libc.a(libc_a-errno.o)
 .ARM.attributes
                0x0000045e       0x2e /usr/lib/gcc/arm-none-eabi/14.1.0/../../../../arm-none-eabi/lib/thumb/v7e-m/nofp/libc.a(libc_a-fini.o)
 .ARM.attributes
                0x0000048c       0x2e /usr/lib/gcc/arm-none-eabi/14.1.0/../../../../arm-none-eabi/lib/thumb/v7e-m/nofp/libc.a(libc_a-lock.o)
 .ARM.attributes
                0x000004ba       0x1c /usr/lib/gcc/arm-none-eabi/14.1.0/../../../../arm-none-eabi/lib/thumb/v7e-m/nofp/libc.a(libc_a-strlen.o)
 .ARM.attributes
                0x000004d6       0x2e /usr/lib/gcc/arm-none-eabi/14.1.0/../../../../arm-none-eabi/lib/thumb/v7e-m/nofp/libc.a(libc_a-__atexit.o)
 .ARM.attributes
                0x00000504       0x2e /usr/lib/gcc/arm-none-eabi/14.1.0/../../../../arm-none-eabi/lib/thumb/v7e-m/nofp/libc.a(libc_a-__call_atexit.o)
 .ARM.attributes
                0x00000532       0x2e /usr/lib/gcc/arm-none-eabi/14.1.0/../../../../arm-none-eabi/lib/thumb/v7e-m/nofp/libc.a(libc_a-freer.o)
 .ARM.attributes
                0x00000560       0x2e /usr/lib/gcc/arm-none-eabi/14.1.0/../../../../arm-none-eabi/lib/thumb/v7e-m/nofp/libc.a(libc_a-mallocr.o)
 .ARM.attributes
                0x0000058e       0x2e /usr/lib/gcc/arm-none-eabi/14.1.0/../../../../arm-none-eabi/lib/thumb/v7e-m/nofp/libc.a(libc_a-mlock.o)
 .ARM.attributes
                0x000005bc       0x2e /usr/lib/gcc/arm-none-eabi/14.1.0/../../../../arm-none-eabi/lib/thumb/v7e-m/nofp/libc.a(libc_a-svfprintf.o)
 .ARM.attributes
                0x000005ea       0x2e /usr/lib/gcc/arm-none-eabi/14.1.0/../../../../arm-none-eabi/lib/thumb/v7e-m/nofp/libc.a(libc_a-ssprint_r.o)
 .ARM.attributes
                0x00000618       0x2e /usr/lib/gcc/arm-none-eabi/14.1.0/../../../../arm-none-eabi/lib/thumb/v7e-m/nofp/libc.a(libc_a-fclose.o)
 .ARM.attributes
                0x00000646       0x2e /usr/lib/gcc/arm-none-eabi/14.1.0/../../../../arm-none-eabi/lib/thumb/v7e-m/nofp/libc.a(libc_a-fflush.o)
 .ARM.attributes
                0x00000674       0x2e /usr/lib/gcc/arm-none-eabi/14.1.0/../../../../arm-none-eabi/lib/thumb/v7e-m/nofp/libc.a(libc_a-strncpy.o)
 .ARM.attributes
                0x000006a2       0x2e /usr/lib/gcc/arm-none-eabi/14.1.0/../../../../arm-none-eabi/lib/thumb/v7e-m/nofp/libc.a(libc_a-localeconv.o)
 .ARM.attributes
                0x000006d0       0x2e /usr/lib/gcc/arm-none-eabi/14.1.0/../../../../arm-none-eabi/lib/thumb/v7e-m/nofp/libc.a(libc_a-sbrkr.o)
 .ARM.attributes
                0x000006fe       0x2e /usr/lib/gcc/arm-none-eabi/14.1.0/../../../../arm-none-eabi/lib/thumb/v7e-m/nofp/libc.a(libc_a-sysconf.o)
 .ARM.attributes
                0x0000072c       0x1c /usr/lib/gcc/arm-none-eabi/14.1.0/../../../../arm-none-eabi/lib/thumb/v7e-m/nofp/libc.a(libc_a-memchr.o)
 .ARM.attributes
                0x00000748       0x2e /usr/lib/gcc/arm-none-eabi/14.1.0/../../../../arm-none-eabi/lib/thumb/v7e-m/nofp/libc.a(libm_a-s_frexp.o)
 .ARM.attributes
                0x00000776       0x2e /usr/lib/gcc/arm-none-eabi/14.1.0/../../../../arm-none-eabi/lib/thumb/v7e-m/nofp/libc.a(libc_a-dtoa.o)
 .ARM.attributes
                0x000007a4       0x2e /usr/lib/gcc/arm-none-eabi/14.1.0/../../../../arm-none-eabi/lib/thumb/v7e-m/nofp/libc.a(libc_a-mprec.o)
 .ARM.attributes
                0x000007d2       0x2e /usr/lib/gcc/arm-none-eabi/14.1.0/../../../../arm-none-eabi/lib/thumb/v7e-m/nofp/libc.a(libc_a-ssputs_r.o)
 .ARM.attributes
                0x00000800       0x2e /usr/lib/gcc/arm-none-eabi/14.1.0/../../../../arm-none-eabi/lib/thumb/v7e-m/nofp/libc.a(libc_a-memmove.o)
 .ARM.attributes
                0x0000082e       0x2e /usr/lib/gcc/arm-none-eabi/14.1.0/../../../../arm-none-eabi/lib/thumb/v7e-m/nofp/libc.a(libc_a-locale.o)
 .ARM.attributes
                0x0000085c       0x1c /usr/lib/gcc/arm-none-eabi/14.1.0/../../../../arm-none-eabi/lib/thumb/v7e-m/nofp/libc.a(libc_a-memcpy.o)
 .ARM.attributes
                0x00000878       0x2e /usr/lib/gcc/arm-none-eabi/14.1.0/../../../../arm-none-eabi/lib/thumb/v7e-m/nofp/libc.a(libc_a-assert.o)
 .ARM.attributes
                0x000008a6       0x2e /usr/lib/gcc/arm-none-eabi/14.1.0/../../../../arm-none-eabi/lib/thumb/v7e-m/nofp/libc.a(libc_a-callocr.o)
 .ARM.attributes
                0x000008d4       0x2e /usr/lib/gcc/arm-none-eabi/14.1.0/../../../../arm-none-eabi/lib/thumb/v7e-m/nofp/libc.a(libc_a-mbtowc_r.o)
 .ARM.attributes
                0x00000902       0x2e /usr/lib/gcc/arm-none-eabi/14.1.0/../../../../arm-none-eabi/lib/thumb/v7e-m/nofp/libc.a(libc_a-reallocr.o)
 .ARM.attributes
                0x00000930       0x2e /usr/lib/gcc/arm-none-eabi/14.1.0/../../../../arm-none-eabi/lib/thumb/v7e-m/nofp/libc.a(libc_a-wctomb_r.o)
 .ARM.attributes
                0x0000095e       0x2e /usr/lib/gcc/arm-none-eabi/14.1.0/../../../../arm-none-eabi/lib/thumb/v7e-m/nofp/libc.a(libc_a-ctype_.o)
 .ARM.attributes
                0x0000098c       0x2e /usr/lib/gcc/arm-none-eabi/14.1.0/../../../../arm-none-eabi/lib/thumb/v7e-m/nofp/libc.a(libc_a-fiprintf.o)
 .ARM.attributes
                0x000009ba       0x2e /usr/lib/gcc/arm-none-eabi/14.1.0/../../../../arm-none-eabi/lib/thumb/v7e-m/nofp/libc.a(libc_a-vfiprintf.o)
 .ARM.attributes
                0x000009e8       0x2e /usr/lib/gcc/arm-none-eabi/14.1.0/../../../../arm-none-eabi/lib/thumb/v7e-m/nofp/libc.a(libc_a-sprint_r.o)
 .ARM.attributes
                0x00000a16       0x2e /usr/lib/gcc/arm-none-eabi/14.1.0/../../../../arm-none-eabi/lib/thumb/v7e-m/nofp/libc.a(libc_a-fvwrite.o)
 .ARM.attributes
                0x00000a44       0x2e /usr/lib/gcc/arm-none-eabi/14.1.0/../../../../arm-none-eabi/lib/thumb/v7e-m/nofp/libc.a(libc_a-wsetup.o)
 .ARM.attributes
                0x00000a72       0x2e /usr/lib/gcc/arm-none-eabi/14.1.0/../../../../arm-none-eabi/lib/thumb/v7e-m/nofp/libc.a(libc_a-abort.o)
 .ARM.attributes
                0x00000aa0       0x2e /usr/lib/gcc/arm-none-eabi/14.1.0/../../../../arm-none-eabi/lib/thumb/v7e-m/nofp/libc.a(libc_a-makebuf.o)
 .ARM.attributes
                0x00000ace       0x2e /usr/lib/gcc/arm-none-eabi/14.1.0/../../../../arm-none-eabi/lib/thumb/v7e-m/nofp/libc.a(libc_a-signal.o)
 .ARM.attributes
                0x00000afc       0x2e /usr/lib/gcc/arm-none-eabi/14.1.0/../../../../arm-none-eabi/lib/thumb/v7e-m/nofp/libc.a(libc_a-fstatr.o)
 .ARM.attributes
                0x00000b2a       0x2e /usr/lib/gcc/arm-none-eabi/14.1.0/../../../../arm-none-eabi/lib/thumb/v7e-m/nofp/libc.a(libc_a-isattyr.o)
 .ARM.attributes
                0x00000b58       0x2e /usr/lib/gcc/arm-none-eabi/14.1.0/../../../../arm-none-eabi/lib/thumb/v7e-m/nofp/libc.a(libc_a-signalr.o)
 .ARM.attributes
                0x00000b86       0x1e /usr/lib/gcc/arm-none-eabi/14.1.0/thumb/v7e-m/nofp/libgcc.a(_arm_muldivdf3.o)
 .ARM.attributes
                0x00000ba4       0x1e /usr/lib/gcc/arm-none-eabi/14.1.0/thumb/v7e-m/nofp/libgcc.a(_arm_cmpdf2.o)
 .ARM.attributes
                0x00000bc2       0x1e /usr/lib/gcc/arm-none-eabi/14.1.0/thumb/v7e-m/nofp/libgcc.a(_arm_unorddf2.o)
 .ARM.attributes
                0x00000be0       0x1e /usr/lib/gcc/arm-none-eabi/14.1.0/thumb/v7e-m/nofp/libgcc.a(_arm_fixdfsi.o)
 .ARM.attributes
                0x00000bfe       0x2e /usr/lib/gcc/arm-none-eabi/14.1.0/../../../../arm-none-eabi/lib/thumb/v7e-m/nofp/libnosys.a(sbrk.o)
 .ARM.attributes
                0x00000c2c       0x1e /usr/lib/gcc/arm-none-eabi/14.1.0/thumb/v7e-m/nofp/crtn.o
OUTPUT(build/final.elf elf32-littlearm)
LOAD linker stubs

.debug_info     0x00000000    0x1fb87
 .debug_info    0x00000000      0x1ff build/./src/startup_stm32f446retx.o
 .debug_info    0x000001ff      0x522 build/./src/clock.o
 .debug_info    0x00000721      0x3f3 build/./src/system_stm32f4xx.o
 .debug_info    0x00000b14      0x32d build/./src/main.o
 .debug_info    0x00000e41      0x965 build/./src/timer.o
 .debug_info    0x000017a6      0xa1b build/./src/syscalls.o
 .debug_info    0x000021c1      0x159 build/./src/debug.o
 .debug_info    0x0000231a      0x9f9 build/./src/uart.o
 .debug_info    0x00002d13      0x8a9 build/./src/i2c.o
 .debug_info    0x000035bc       0xd3 /usr/lib/gcc/arm-none-eabi/14.1.0/thumb/v7e-m/nofp/libgcc.a(_arm_addsubdf3.o)
 .debug_info    0x0000368f      0x11e /usr/lib/gcc/arm-none-eabi/14.1.0/../../../../arm-none-eabi/lib/thumb/v7e-m/nofp/libc.a(libc_a-atexit.o)
 .debug_info    0x000037ad     0x10e0 /usr/lib/gcc/arm-none-eabi/14.1.0/../../../../arm-none-eabi/lib/thumb/v7e-m/nofp/libc.a(libc_a-findfp.o)
 .debug_info    0x0000488d      0x7ee /usr/lib/gcc/arm-none-eabi/14.1.0/../../../../arm-none-eabi/lib/thumb/v7e-m/nofp/libc.a(libc_a-fwalk.o)
 .debug_info    0x0000507b      0xaa8 /usr/lib/gcc/arm-none-eabi/14.1.0/../../../../arm-none-eabi/lib/thumb/v7e-m/nofp/libc.a(libc_a-stdio.o)
 .debug_info    0x00005b23      0x982 /usr/lib/gcc/arm-none-eabi/14.1.0/../../../../arm-none-eabi/lib/thumb/v7e-m/nofp/libc.a(libc_a-vsnprintf.o)
 .debug_info    0x000064a5      0x135 /usr/lib/gcc/arm-none-eabi/14.1.0/../../../../arm-none-eabi/lib/thumb/v7e-m/nofp/libc.a(libc_a-memset.o)
 .debug_info    0x000065da      0x77a /usr/lib/gcc/arm-none-eabi/14.1.0/../../../../arm-none-eabi/lib/thumb/v7e-m/nofp/libc.a(libc_a-closer.o)
 .debug_info    0x00006d54      0x83b /usr/lib/gcc/arm-none-eabi/14.1.0/../../../../arm-none-eabi/lib/thumb/v7e-m/nofp/libc.a(libc_a-reent.o)
 .debug_info    0x0000758f      0x733 /usr/lib/gcc/arm-none-eabi/14.1.0/../../../../arm-none-eabi/lib/thumb/v7e-m/nofp/libc.a(libc_a-impure.o)
 .debug_info    0x00007cc2      0x7c6 /usr/lib/gcc/arm-none-eabi/14.1.0/../../../../arm-none-eabi/lib/thumb/v7e-m/nofp/libc.a(libc_a-lseekr.o)
 .debug_info    0x00008488      0x7dd /usr/lib/gcc/arm-none-eabi/14.1.0/../../../../arm-none-eabi/lib/thumb/v7e-m/nofp/libc.a(libc_a-readr.o)
 .debug_info    0x00008c65      0x7e3 /usr/lib/gcc/arm-none-eabi/14.1.0/../../../../arm-none-eabi/lib/thumb/v7e-m/nofp/libc.a(libc_a-writer.o)
 .debug_info    0x00009448      0x719 /usr/lib/gcc/arm-none-eabi/14.1.0/../../../../arm-none-eabi/lib/thumb/v7e-m/nofp/libc.a(libc_a-errno.o)
 .debug_info    0x00009b61       0xf7 /usr/lib/gcc/arm-none-eabi/14.1.0/../../../../arm-none-eabi/lib/thumb/v7e-m/nofp/libc.a(libc_a-fini.o)
 .debug_info    0x00009c58      0x218 /usr/lib/gcc/arm-none-eabi/14.1.0/../../../../arm-none-eabi/lib/thumb/v7e-m/nofp/libc.a(libc_a-lock.o)
 .debug_info    0x00009e70       0x33 /usr/lib/gcc/arm-none-eabi/14.1.0/../../../../arm-none-eabi/lib/thumb/v7e-m/nofp/libc.a(libc_a-strlen.o)
 .debug_info    0x00009ea3      0x25f /usr/lib/gcc/arm-none-eabi/14.1.0/../../../../arm-none-eabi/lib/thumb/v7e-m/nofp/libc.a(libc_a-__atexit.o)
 .debug_info    0x0000a102      0x2dd /usr/lib/gcc/arm-none-eabi/14.1.0/../../../../arm-none-eabi/lib/thumb/v7e-m/nofp/libc.a(libc_a-__call_atexit.o)
 .debug_info    0x0000a3df      0xb5f /usr/lib/gcc/arm-none-eabi/14.1.0/../../../../arm-none-eabi/lib/thumb/v7e-m/nofp/libc.a(libc_a-freer.o)
 .debug_info    0x0000af3e      0xce1 /usr/lib/gcc/arm-none-eabi/14.1.0/../../../../arm-none-eabi/lib/thumb/v7e-m/nofp/libc.a(libc_a-mallocr.o)
 .debug_info    0x0000bc1f      0x789 /usr/lib/gcc/arm-none-eabi/14.1.0/../../../../arm-none-eabi/lib/thumb/v7e-m/nofp/libc.a(libc_a-mlock.o)
 .debug_info    0x0000c3a8     0x1a59 /usr/lib/gcc/arm-none-eabi/14.1.0/../../../../arm-none-eabi/lib/thumb/v7e-m/nofp/libc.a(libc_a-svfprintf.o)
 .debug_info    0x0000de01      0x84a /usr/lib/gcc/arm-none-eabi/14.1.0/../../../../arm-none-eabi/lib/thumb/v7e-m/nofp/libc.a(libc_a-ssprint_r.o)
 .debug_info    0x0000e64b      0x8eb /usr/lib/gcc/arm-none-eabi/14.1.0/../../../../arm-none-eabi/lib/thumb/v7e-m/nofp/libc.a(libc_a-fclose.o)
 .debug_info    0x0000ef36      0xab4 /usr/lib/gcc/arm-none-eabi/14.1.0/../../../../arm-none-eabi/lib/thumb/v7e-m/nofp/libc.a(libc_a-fflush.o)
 .debug_info    0x0000f9ea      0x14a /usr/lib/gcc/arm-none-eabi/14.1.0/../../../../arm-none-eabi/lib/thumb/v7e-m/nofp/libc.a(libc_a-strncpy.o)
 .debug_info    0x0000fb34      0xa36 /usr/lib/gcc/arm-none-eabi/14.1.0/../../../../arm-none-eabi/lib/thumb/v7e-m/nofp/libc.a(libc_a-localeconv.o)
 .debug_info    0x0001056a      0x7a0 /usr/lib/gcc/arm-none-eabi/14.1.0/../../../../arm-none-eabi/lib/thumb/v7e-m/nofp/libc.a(libc_a-sbrkr.o)
 .debug_info    0x00010d0a       0xc1 /usr/lib/gcc/arm-none-eabi/14.1.0/../../../../arm-none-eabi/lib/thumb/v7e-m/nofp/libc.a(libc_a-sysconf.o)
 .debug_info    0x00010dcb       0x25 /usr/lib/gcc/arm-none-eabi/14.1.0/../../../../arm-none-eabi/lib/thumb/v7e-m/nofp/libc.a(libc_a-memchr.o)
 .debug_info    0x00010df0      0x1e0 /usr/lib/gcc/arm-none-eabi/14.1.0/../../../../arm-none-eabi/lib/thumb/v7e-m/nofp/libc.a(libm_a-s_frexp.o)
 .debug_info    0x00010fd0     0x18fd /usr/lib/gcc/arm-none-eabi/14.1.0/../../../../arm-none-eabi/lib/thumb/v7e-m/nofp/libc.a(libc_a-dtoa.o)
 .debug_info    0x000128cd     0x1e44 /usr/lib/gcc/arm-none-eabi/14.1.0/../../../../arm-none-eabi/lib/thumb/v7e-m/nofp/libc.a(libc_a-mprec.o)
 .debug_info    0x00014711      0x8cc /usr/lib/gcc/arm-none-eabi/14.1.0/../../../../arm-none-eabi/lib/thumb/v7e-m/nofp/libc.a(libc_a-ssputs_r.o)
 .debug_info    0x00014fdd      0x148 /usr/lib/gcc/arm-none-eabi/14.1.0/../../../../arm-none-eabi/lib/thumb/v7e-m/nofp/libc.a(libc_a-memmove.o)
 .debug_info    0x00015125      0xbe1 /usr/lib/gcc/arm-none-eabi/14.1.0/../../../../arm-none-eabi/lib/thumb/v7e-m/nofp/libc.a(libc_a-locale.o)
 .debug_info    0x00015d06       0x33 /usr/lib/gcc/arm-none-eabi/14.1.0/../../../../arm-none-eabi/lib/thumb/v7e-m/nofp/libc.a(libc_a-memcpy.o)
 .debug_info    0x00015d39      0x84d /usr/lib/gcc/arm-none-eabi/14.1.0/../../../../arm-none-eabi/lib/thumb/v7e-m/nofp/libc.a(libc_a-assert.o)
 .debug_info    0x00016586      0x8e3 /usr/lib/gcc/arm-none-eabi/14.1.0/../../../../arm-none-eabi/lib/thumb/v7e-m/nofp/libc.a(libc_a-callocr.o)
 .debug_info    0x00016e69      0xad8 /usr/lib/gcc/arm-none-eabi/14.1.0/../../../../arm-none-eabi/lib/thumb/v7e-m/nofp/libc.a(libc_a-mbtowc_r.o)
 .debug_info    0x00017941      0xbd3 /usr/lib/gcc/arm-none-eabi/14.1.0/../../../../arm-none-eabi/lib/thumb/v7e-m/nofp/libc.a(libc_a-reallocr.o)
 .debug_info    0x00018514      0xa94 /usr/lib/gcc/arm-none-eabi/14.1.0/../../../../arm-none-eabi/lib/thumb/v7e-m/nofp/libc.a(libc_a-wctomb_r.o)
 .debug_info    0x00018fa8       0xb9 /usr/lib/gcc/arm-none-eabi/14.1.0/../../../../arm-none-eabi/lib/thumb/v7e-m/nofp/libc.a(libc_a-ctype_.o)
 .debug_info    0x00019061      0x87c /usr/lib/gcc/arm-none-eabi/14.1.0/../../../../arm-none-eabi/lib/thumb/v7e-m/nofp/libc.a(libc_a-fiprintf.o)
 .debug_info    0x000198dd     0x1399 /usr/lib/gcc/arm-none-eabi/14.1.0/../../../../arm-none-eabi/lib/thumb/v7e-m/nofp/libc.a(libc_a-vfiprintf.o)
 .debug_info    0x0001ac76      0x809 /usr/lib/gcc/arm-none-eabi/14.1.0/../../../../arm-none-eabi/lib/thumb/v7e-m/nofp/libc.a(libc_a-sprint_r.o)
 .debug_info    0x0001b47f      0xb16 /usr/lib/gcc/arm-none-eabi/14.1.0/../../../../arm-none-eabi/lib/thumb/v7e-m/nofp/libc.a(libc_a-fvwrite.o)
 .debug_info    0x0001bf95      0x7d9 /usr/lib/gcc/arm-none-eabi/14.1.0/../../../../arm-none-eabi/lib/thumb/v7e-m/nofp/libc.a(libc_a-wsetup.o)
 .debug_info    0x0001c76e       0xd8 /usr/lib/gcc/arm-none-eabi/14.1.0/../../../../arm-none-eabi/lib/thumb/v7e-m/nofp/libc.a(libc_a-abort.o)
 .debug_info    0x0001c846      0xc12 /usr/lib/gcc/arm-none-eabi/14.1.0/../../../../arm-none-eabi/lib/thumb/v7e-m/nofp/libc.a(libc_a-makebuf.o)
 .debug_info    0x0001d458      0xc61 /usr/lib/gcc/arm-none-eabi/14.1.0/../../../../arm-none-eabi/lib/thumb/v7e-m/nofp/libc.a(libc_a-signal.o)
 .debug_info    0x0001e0b9      0x99f /usr/lib/gcc/arm-none-eabi/14.1.0/../../../../arm-none-eabi/lib/thumb/v7e-m/nofp/libc.a(libc_a-fstatr.o)
 .debug_info    0x0001ea58      0x77a /usr/lib/gcc/arm-none-eabi/14.1.0/../../../../arm-none-eabi/lib/thumb/v7e-m/nofp/libc.a(libc_a-isattyr.o)
 .debug_info    0x0001f1d2      0x807 /usr/lib/gcc/arm-none-eabi/14.1.0/../../../../arm-none-eabi/lib/thumb/v7e-m/nofp/libc.a(libc_a-signalr.o)
 .debug_info    0x0001f9d9       0x57 /usr/lib/gcc/arm-none-eabi/14.1.0/thumb/v7e-m/nofp/libgcc.a(_arm_muldivdf3.o)
 .debug_info    0x0001fa30       0xdf /usr/lib/gcc/arm-none-eabi/14.1.0/thumb/v7e-m/nofp/libgcc.a(_arm_cmpdf2.o)
 .debug_info    0x0001fb0f       0x3c /usr/lib/gcc/arm-none-eabi/14.1.0/thumb/v7e-m/nofp/libgcc.a(_arm_unorddf2.o)
 .debug_info    0x0001fb4b       0x3c /usr/lib/gcc/arm-none-eabi/14.1.0/thumb/v7e-m/nofp/libgcc.a(_arm_fixdfsi.o)

.debug_abbrev   0x00000000     0x7bc6
 .debug_abbrev  0x00000000      0x123 build/./src/startup_stm32f446retx.o
 .debug_abbrev  0x00000123      0x141 build/./src/clock.o
 .debug_abbrev  0x00000264      0x115 build/./src/system_stm32f4xx.o
 .debug_abbrev  0x00000379      0x14e build/./src/main.o
 .debug_abbrev  0x000004c7      0x1de build/./src/timer.o
 .debug_abbrev  0x000006a5      0x234 build/./src/syscalls.o
 .debug_abbrev  0x000008d9       0xf4 build/./src/debug.o
 .debug_abbrev  0x000009cd      0x1d6 build/./src/uart.o
 .debug_abbrev  0x00000ba3      0x1a1 build/./src/i2c.o
 .debug_abbrev  0x00000d44       0x28 /usr/lib/gcc/arm-none-eabi/14.1.0/thumb/v7e-m/nofp/libgcc.a(_arm_addsubdf3.o)
 .debug_abbrev  0x00000d6c       0xc1 /usr/lib/gcc/arm-none-eabi/14.1.0/../../../../arm-none-eabi/lib/thumb/v7e-m/nofp/libc.a(libc_a-atexit.o)
 .debug_abbrev  0x00000e2d      0x484 /usr/lib/gcc/arm-none-eabi/14.1.0/../../../../arm-none-eabi/lib/thumb/v7e-m/nofp/libc.a(libc_a-findfp.o)
 .debug_abbrev  0x000012b1      0x1d9 /usr/lib/gcc/arm-none-eabi/14.1.0/../../../../arm-none-eabi/lib/thumb/v7e-m/nofp/libc.a(libc_a-fwalk.o)
 .debug_abbrev  0x0000148a      0x260 /usr/lib/gcc/arm-none-eabi/14.1.0/../../../../arm-none-eabi/lib/thumb/v7e-m/nofp/libc.a(libc_a-stdio.o)
 .debug_abbrev  0x000016ea      0x2bd /usr/lib/gcc/arm-none-eabi/14.1.0/../../../../arm-none-eabi/lib/thumb/v7e-m/nofp/libc.a(libc_a-vsnprintf.o)
 .debug_abbrev  0x000019a7       0xb7 /usr/lib/gcc/arm-none-eabi/14.1.0/../../../../arm-none-eabi/lib/thumb/v7e-m/nofp/libc.a(libc_a-memset.o)
 .debug_abbrev  0x00001a5e      0x1ec /usr/lib/gcc/arm-none-eabi/14.1.0/../../../../arm-none-eabi/lib/thumb/v7e-m/nofp/libc.a(libc_a-closer.o)
 .debug_abbrev  0x00001c4a      0x22a /usr/lib/gcc/arm-none-eabi/14.1.0/../../../../arm-none-eabi/lib/thumb/v7e-m/nofp/libc.a(libc_a-reent.o)
 .debug_abbrev  0x00001e74      0x185 /usr/lib/gcc/arm-none-eabi/14.1.0/../../../../arm-none-eabi/lib/thumb/v7e-m/nofp/libc.a(libc_a-impure.o)
 .debug_abbrev  0x00001ff9      0x200 /usr/lib/gcc/arm-none-eabi/14.1.0/../../../../arm-none-eabi/lib/thumb/v7e-m/nofp/libc.a(libc_a-lseekr.o)
 .debug_abbrev  0x000021f9      0x1ec /usr/lib/gcc/arm-none-eabi/14.1.0/../../../../arm-none-eabi/lib/thumb/v7e-m/nofp/libc.a(libc_a-readr.o)
 .debug_abbrev  0x000023e5      0x1f1 /usr/lib/gcc/arm-none-eabi/14.1.0/../../../../arm-none-eabi/lib/thumb/v7e-m/nofp/libc.a(libc_a-writer.o)
 .debug_abbrev  0x000025d6      0x19a /usr/lib/gcc/arm-none-eabi/14.1.0/../../../../arm-none-eabi/lib/thumb/v7e-m/nofp/libc.a(libc_a-errno.o)
 .debug_abbrev  0x00002770       0xcc /usr/lib/gcc/arm-none-eabi/14.1.0/../../../../arm-none-eabi/lib/thumb/v7e-m/nofp/libc.a(libc_a-fini.o)
 .debug_abbrev  0x0000283c      0x115 /usr/lib/gcc/arm-none-eabi/14.1.0/../../../../arm-none-eabi/lib/thumb/v7e-m/nofp/libc.a(libc_a-lock.o)
 .debug_abbrev  0x00002951       0x28 /usr/lib/gcc/arm-none-eabi/14.1.0/../../../../arm-none-eabi/lib/thumb/v7e-m/nofp/libc.a(libc_a-strlen.o)
 .debug_abbrev  0x00002979      0x189 /usr/lib/gcc/arm-none-eabi/14.1.0/../../../../arm-none-eabi/lib/thumb/v7e-m/nofp/libc.a(libc_a-__atexit.o)
 .debug_abbrev  0x00002b02      0x20c /usr/lib/gcc/arm-none-eabi/14.1.0/../../../../arm-none-eabi/lib/thumb/v7e-m/nofp/libc.a(libc_a-__call_atexit.o)
 .debug_abbrev  0x00002d0e      0x27f /usr/lib/gcc/arm-none-eabi/14.1.0/../../../../arm-none-eabi/lib/thumb/v7e-m/nofp/libc.a(libc_a-freer.o)
 .debug_abbrev  0x00002f8d      0x2d7 /usr/lib/gcc/arm-none-eabi/14.1.0/../../../../arm-none-eabi/lib/thumb/v7e-m/nofp/libc.a(libc_a-mallocr.o)
 .debug_abbrev  0x00003264      0x1fb /usr/lib/gcc/arm-none-eabi/14.1.0/../../../../arm-none-eabi/lib/thumb/v7e-m/nofp/libc.a(libc_a-mlock.o)
 .debug_abbrev  0x0000345f      0x401 /usr/lib/gcc/arm-none-eabi/14.1.0/../../../../arm-none-eabi/lib/thumb/v7e-m/nofp/libc.a(libc_a-svfprintf.o)
 .debug_abbrev  0x00003860      0x1e0 /usr/lib/gcc/arm-none-eabi/14.1.0/../../../../arm-none-eabi/lib/thumb/v7e-m/nofp/libc.a(libc_a-ssprint_r.o)
 .debug_abbrev  0x00003a40      0x2a2 /usr/lib/gcc/arm-none-eabi/14.1.0/../../../../arm-none-eabi/lib/thumb/v7e-m/nofp/libc.a(libc_a-fclose.o)
 .debug_abbrev  0x00003ce2      0x323 /usr/lib/gcc/arm-none-eabi/14.1.0/../../../../arm-none-eabi/lib/thumb/v7e-m/nofp/libc.a(libc_a-fflush.o)
 .debug_abbrev  0x00004005       0xbe /usr/lib/gcc/arm-none-eabi/14.1.0/../../../../arm-none-eabi/lib/thumb/v7e-m/nofp/libc.a(libc_a-strncpy.o)
 .debug_abbrev  0x000040c3      0x273 /usr/lib/gcc/arm-none-eabi/14.1.0/../../../../arm-none-eabi/lib/thumb/v7e-m/nofp/libc.a(libc_a-localeconv.o)
 .debug_abbrev  0x00004336      0x216 /usr/lib/gcc/arm-none-eabi/14.1.0/../../../../arm-none-eabi/lib/thumb/v7e-m/nofp/libc.a(libc_a-sbrkr.o)
 .debug_abbrev  0x0000454c       0x80 /usr/lib/gcc/arm-none-eabi/14.1.0/../../../../arm-none-eabi/lib/thumb/v7e-m/nofp/libc.a(libc_a-sysconf.o)
 .debug_abbrev  0x000045cc       0x14 /usr/lib/gcc/arm-none-eabi/14.1.0/../../../../arm-none-eabi/lib/thumb/v7e-m/nofp/libc.a(libc_a-memchr.o)
 .debug_abbrev  0x000045e0      0x162 /usr/lib/gcc/arm-none-eabi/14.1.0/../../../../arm-none-eabi/lib/thumb/v7e-m/nofp/libc.a(libm_a-s_frexp.o)
 .debug_abbrev  0x00004742      0x36d /usr/lib/gcc/arm-none-eabi/14.1.0/../../../../arm-none-eabi/lib/thumb/v7e-m/nofp/libc.a(libc_a-dtoa.o)
 .debug_abbrev  0x00004aaf      0x50b /usr/lib/gcc/arm-none-eabi/14.1.0/../../../../arm-none-eabi/lib/thumb/v7e-m/nofp/libc.a(libc_a-mprec.o)
 .debug_abbrev  0x00004fba      0x25a /usr/lib/gcc/arm-none-eabi/14.1.0/../../../../arm-none-eabi/lib/thumb/v7e-m/nofp/libc.a(libc_a-ssputs_r.o)
 .debug_abbrev  0x00005214       0xc3 /usr/lib/gcc/arm-none-eabi/14.1.0/../../../../arm-none-eabi/lib/thumb/v7e-m/nofp/libc.a(libc_a-memmove.o)
 .debug_abbrev  0x000052d7      0x2e2 /usr/lib/gcc/arm-none-eabi/14.1.0/../../../../arm-none-eabi/lib/thumb/v7e-m/nofp/libc.a(libc_a-locale.o)
 .debug_abbrev  0x000055b9       0x28 /usr/lib/gcc/arm-none-eabi/14.1.0/../../../../arm-none-eabi/lib/thumb/v7e-m/nofp/libc.a(libc_a-memcpy.o)
 .debug_abbrev  0x000055e1      0x226 /usr/lib/gcc/arm-none-eabi/14.1.0/../../../../arm-none-eabi/lib/thumb/v7e-m/nofp/libc.a(libc_a-assert.o)
 .debug_abbrev  0x00005807      0x25b /usr/lib/gcc/arm-none-eabi/14.1.0/../../../../arm-none-eabi/lib/thumb/v7e-m/nofp/libc.a(libc_a-callocr.o)
 .debug_abbrev  0x00005a62      0x24d /usr/lib/gcc/arm-none-eabi/14.1.0/../../../../arm-none-eabi/lib/thumb/v7e-m/nofp/libc.a(libc_a-mbtowc_r.o)
 .debug_abbrev  0x00005caf      0x2a3 /usr/lib/gcc/arm-none-eabi/14.1.0/../../../../arm-none-eabi/lib/thumb/v7e-m/nofp/libc.a(libc_a-reallocr.o)
 .debug_abbrev  0x00005f52      0x257 /usr/lib/gcc/arm-none-eabi/14.1.0/../../../../arm-none-eabi/lib/thumb/v7e-m/nofp/libc.a(libc_a-wctomb_r.o)
 .debug_abbrev  0x000061a9       0x62 /usr/lib/gcc/arm-none-eabi/14.1.0/../../../../arm-none-eabi/lib/thumb/v7e-m/nofp/libc.a(libc_a-ctype_.o)
 .debug_abbrev  0x0000620b      0x252 /usr/lib/gcc/arm-none-eabi/14.1.0/../../../../arm-none-eabi/lib/thumb/v7e-m/nofp/libc.a(libc_a-fiprintf.o)
 .debug_abbrev  0x0000645d      0x3e6 /usr/lib/gcc/arm-none-eabi/14.1.0/../../../../arm-none-eabi/lib/thumb/v7e-m/nofp/libc.a(libc_a-vfiprintf.o)
 .debug_abbrev  0x00006843      0x1d4 /usr/lib/gcc/arm-none-eabi/14.1.0/../../../../arm-none-eabi/lib/thumb/v7e-m/nofp/libc.a(libc_a-sprint_r.o)
 .debug_abbrev  0x00006a17      0x260 /usr/lib/gcc/arm-none-eabi/14.1.0/../../../../arm-none-eabi/lib/thumb/v7e-m/nofp/libc.a(libc_a-fvwrite.o)
 .debug_abbrev  0x00006c77      0x21e /usr/lib/gcc/arm-none-eabi/14.1.0/../../../../arm-none-eabi/lib/thumb/v7e-m/nofp/libc.a(libc_a-wsetup.o)
 .debug_abbrev  0x00006e95       0x99 /usr/lib/gcc/arm-none-eabi/14.1.0/../../../../arm-none-eabi/lib/thumb/v7e-m/nofp/libc.a(libc_a-abort.o)
 .debug_abbrev  0x00006f2e      0x2c1 /usr/lib/gcc/arm-none-eabi/14.1.0/../../../../arm-none-eabi/lib/thumb/v7e-m/nofp/libc.a(libc_a-makebuf.o)
 .debug_abbrev  0x000071ef      0x313 /usr/lib/gcc/arm-none-eabi/14.1.0/../../../../arm-none-eabi/lib/thumb/v7e-m/nofp/libc.a(libc_a-signal.o)
 .debug_abbrev  0x00007502      0x1ff /usr/lib/gcc/arm-none-eabi/14.1.0/../../../../arm-none-eabi/lib/thumb/v7e-m/nofp/libc.a(libc_a-fstatr.o)
 .debug_abbrev  0x00007701      0x1ec /usr/lib/gcc/arm-none-eabi/14.1.0/../../../../arm-none-eabi/lib/thumb/v7e-m/nofp/libc.a(libc_a-isattyr.o)
 .debug_abbrev  0x000078ed      0x239 /usr/lib/gcc/arm-none-eabi/14.1.0/../../../../arm-none-eabi/lib/thumb/v7e-m/nofp/libc.a(libc_a-signalr.o)
 .debug_abbrev  0x00007b26       0x28 /usr/lib/gcc/arm-none-eabi/14.1.0/thumb/v7e-m/nofp/libgcc.a(_arm_muldivdf3.o)
 .debug_abbrev  0x00007b4e       0x28 /usr/lib/gcc/arm-none-eabi/14.1.0/thumb/v7e-m/nofp/libgcc.a(_arm_cmpdf2.o)
 .debug_abbrev  0x00007b76       0x28 /usr/lib/gcc/arm-none-eabi/14.1.0/thumb/v7e-m/nofp/libgcc.a(_arm_unorddf2.o)
 .debug_abbrev  0x00007b9e       0x28 /usr/lib/gcc/arm-none-eabi/14.1.0/thumb/v7e-m/nofp/libgcc.a(_arm_fixdfsi.o)

.debug_loc      0x00000000     0x13a2
 .debug_loc     0x00000000       0x7c build/./src/startup_stm32f446retx.o
 .debug_loc     0x0000007c      0x168 build/./src/clock.o
 .debug_loc     0x000001e4       0xa0 build/./src/system_stm32f4xx.o
 .debug_loc     0x00000284       0x88 build/./src/main.o
 .debug_loc     0x0000030c      0x218 build/./src/timer.o
 .debug_loc     0x00000524      0x614 build/./src/syscalls.o
 .debug_loc     0x00000b38       0x76 build/./src/debug.o
 .debug_loc     0x00000bae      0x28c build/./src/uart.o
 .debug_loc     0x00000e3a      0x568 build/./src/i2c.o

.debug_aranges  0x00000000      0xc48
 .debug_aranges
                0x00000000       0x28 build/./src/startup_stm32f446retx.o
 .debug_aranges
                0x00000028       0x48 build/./src/clock.o
 .debug_aranges
                0x00000070       0x28 build/./src/system_stm32f4xx.o
 .debug_aranges
                0x00000098       0x28 build/./src/main.o
 .debug_aranges
                0x000000c0       0x50 build/./src/timer.o
 .debug_aranges
                0x00000110       0xb0 build/./src/syscalls.o
 .debug_aranges
                0x000001c0       0x20 build/./src/debug.o
 .debug_aranges
                0x000001e0       0x58 build/./src/uart.o
 .debug_aranges
                0x00000238       0xa0 build/./src/i2c.o
 .debug_aranges
                0x000002d8       0x20 /usr/lib/gcc/arm-none-eabi/14.1.0/thumb/v7e-m/nofp/libgcc.a(_arm_addsubdf3.o)
 .debug_aranges
                0x000002f8       0x20 /usr/lib/gcc/arm-none-eabi/14.1.0/../../../../arm-none-eabi/lib/thumb/v7e-m/nofp/libc.a(libc_a-atexit.o)
 .debug_aranges
                0x00000318       0x70 /usr/lib/gcc/arm-none-eabi/14.1.0/../../../../arm-none-eabi/lib/thumb/v7e-m/nofp/libc.a(libc_a-findfp.o)
 .debug_aranges
                0x00000388       0x20 /usr/lib/gcc/arm-none-eabi/14.1.0/../../../../arm-none-eabi/lib/thumb/v7e-m/nofp/libc.a(libc_a-fwalk.o)
 .debug_aranges
                0x000003a8       0x40 /usr/lib/gcc/arm-none-eabi/14.1.0/../../../../arm-none-eabi/lib/thumb/v7e-m/nofp/libc.a(libc_a-stdio.o)
 .debug_aranges
                0x000003e8       0x28 /usr/lib/gcc/arm-none-eabi/14.1.0/../../../../arm-none-eabi/lib/thumb/v7e-m/nofp/libc.a(libc_a-vsnprintf.o)
 .debug_aranges
                0x00000410       0x20 /usr/lib/gcc/arm-none-eabi/14.1.0/../../../../arm-none-eabi/lib/thumb/v7e-m/nofp/libc.a(libc_a-memset.o)
 .debug_aranges
                0x00000430       0x20 /usr/lib/gcc/arm-none-eabi/14.1.0/../../../../arm-none-eabi/lib/thumb/v7e-m/nofp/libc.a(libc_a-closer.o)
 .debug_aranges
                0x00000450       0x20 /usr/lib/gcc/arm-none-eabi/14.1.0/../../../../arm-none-eabi/lib/thumb/v7e-m/nofp/libc.a(libc_a-reent.o)
 .debug_aranges
                0x00000470       0x18 /usr/lib/gcc/arm-none-eabi/14.1.0/../../../../arm-none-eabi/lib/thumb/v7e-m/nofp/libc.a(libc_a-impure.o)
 .debug_aranges
                0x00000488       0x20 /usr/lib/gcc/arm-none-eabi/14.1.0/../../../../arm-none-eabi/lib/thumb/v7e-m/nofp/libc.a(libc_a-lseekr.o)
 .debug_aranges
                0x000004a8       0x20 /usr/lib/gcc/arm-none-eabi/14.1.0/../../../../arm-none-eabi/lib/thumb/v7e-m/nofp/libc.a(libc_a-readr.o)
 .debug_aranges
                0x000004c8       0x20 /usr/lib/gcc/arm-none-eabi/14.1.0/../../../../arm-none-eabi/lib/thumb/v7e-m/nofp/libc.a(libc_a-writer.o)
 .debug_aranges
                0x000004e8       0x20 /usr/lib/gcc/arm-none-eabi/14.1.0/../../../../arm-none-eabi/lib/thumb/v7e-m/nofp/libc.a(libc_a-errno.o)
 .debug_aranges
                0x00000508       0x20 /usr/lib/gcc/arm-none-eabi/14.1.0/../../../../arm-none-eabi/lib/thumb/v7e-m/nofp/libc.a(libc_a-fini.o)
 .debug_aranges
                0x00000528       0x68 /usr/lib/gcc/arm-none-eabi/14.1.0/../../../../arm-none-eabi/lib/thumb/v7e-m/nofp/libc.a(libc_a-lock.o)
 .debug_aranges
                0x00000590       0x20 /usr/lib/gcc/arm-none-eabi/14.1.0/../../../../arm-none-eabi/lib/thumb/v7e-m/nofp/libc.a(libc_a-strlen.o)
 .debug_aranges
                0x000005b0       0x20 /usr/lib/gcc/arm-none-eabi/14.1.0/../../../../arm-none-eabi/lib/thumb/v7e-m/nofp/libc.a(libc_a-__atexit.o)
 .debug_aranges
                0x000005d0       0x28 /usr/lib/gcc/arm-none-eabi/14.1.0/../../../../arm-none-eabi/lib/thumb/v7e-m/nofp/libc.a(libc_a-__call_atexit.o)
 .debug_aranges
                0x000005f8       0x28 /usr/lib/gcc/arm-none-eabi/14.1.0/../../../../arm-none-eabi/lib/thumb/v7e-m/nofp/libc.a(libc_a-freer.o)
 .debug_aranges
                0x00000620       0x20 /usr/lib/gcc/arm-none-eabi/14.1.0/../../../../arm-none-eabi/lib/thumb/v7e-m/nofp/libc.a(libc_a-mallocr.o)
 .debug_aranges
                0x00000640       0x28 /usr/lib/gcc/arm-none-eabi/14.1.0/../../../../arm-none-eabi/lib/thumb/v7e-m/nofp/libc.a(libc_a-mlock.o)
 .debug_aranges
                0x00000668       0x20 /usr/lib/gcc/arm-none-eabi/14.1.0/../../../../arm-none-eabi/lib/thumb/v7e-m/nofp/libc.a(libc_a-svfprintf.o)
 .debug_aranges
                0x00000688       0x20 /usr/lib/gcc/arm-none-eabi/14.1.0/../../../../arm-none-eabi/lib/thumb/v7e-m/nofp/libc.a(libc_a-ssprint_r.o)
 .debug_aranges
                0x000006a8       0x28 /usr/lib/gcc/arm-none-eabi/14.1.0/../../../../arm-none-eabi/lib/thumb/v7e-m/nofp/libc.a(libc_a-fclose.o)
 .debug_aranges
                0x000006d0       0x30 /usr/lib/gcc/arm-none-eabi/14.1.0/../../../../arm-none-eabi/lib/thumb/v7e-m/nofp/libc.a(libc_a-fflush.o)
 .debug_aranges
                0x00000700       0x20 /usr/lib/gcc/arm-none-eabi/14.1.0/../../../../arm-none-eabi/lib/thumb/v7e-m/nofp/libc.a(libc_a-strncpy.o)
 .debug_aranges
                0x00000720       0x30 /usr/lib/gcc/arm-none-eabi/14.1.0/../../../../arm-none-eabi/lib/thumb/v7e-m/nofp/libc.a(libc_a-localeconv.o)
 .debug_aranges
                0x00000750       0x20 /usr/lib/gcc/arm-none-eabi/14.1.0/../../../../arm-none-eabi/lib/thumb/v7e-m/nofp/libc.a(libc_a-sbrkr.o)
 .debug_aranges
                0x00000770       0x20 /usr/lib/gcc/arm-none-eabi/14.1.0/../../../../arm-none-eabi/lib/thumb/v7e-m/nofp/libc.a(libc_a-sysconf.o)
 .debug_aranges
                0x00000790       0x20 /usr/lib/gcc/arm-none-eabi/14.1.0/../../../../arm-none-eabi/lib/thumb/v7e-m/nofp/libc.a(libc_a-memchr.o)
 .debug_aranges
                0x000007b0       0x20 /usr/lib/gcc/arm-none-eabi/14.1.0/../../../../arm-none-eabi/lib/thumb/v7e-m/nofp/libc.a(libm_a-s_frexp.o)
 .debug_aranges
                0x000007d0       0x28 /usr/lib/gcc/arm-none-eabi/14.1.0/../../../../arm-none-eabi/lib/thumb/v7e-m/nofp/libc.a(libc_a-dtoa.o)
 .debug_aranges
                0x000007f8       0xb0 /usr/lib/gcc/arm-none-eabi/14.1.0/../../../../arm-none-eabi/lib/thumb/v7e-m/nofp/libc.a(libc_a-mprec.o)
 .debug_aranges
                0x000008a8       0x20 /usr/lib/gcc/arm-none-eabi/14.1.0/../../../../arm-none-eabi/lib/thumb/v7e-m/nofp/libc.a(libc_a-ssputs_r.o)
 .debug_aranges
                0x000008c8       0x20 /usr/lib/gcc/arm-none-eabi/14.1.0/../../../../arm-none-eabi/lib/thumb/v7e-m/nofp/libc.a(libc_a-memmove.o)
 .debug_aranges
                0x000008e8       0x30 /usr/lib/gcc/arm-none-eabi/14.1.0/../../../../arm-none-eabi/lib/thumb/v7e-m/nofp/libc.a(libc_a-locale.o)
 .debug_aranges
                0x00000918       0x20 /usr/lib/gcc/arm-none-eabi/14.1.0/../../../../arm-none-eabi/lib/thumb/v7e-m/nofp/libc.a(libc_a-memcpy.o)
 .debug_aranges
                0x00000938       0x28 /usr/lib/gcc/arm-none-eabi/14.1.0/../../../../arm-none-eabi/lib/thumb/v7e-m/nofp/libc.a(libc_a-assert.o)
 .debug_aranges
                0x00000960       0x20 /usr/lib/gcc/arm-none-eabi/14.1.0/../../../../arm-none-eabi/lib/thumb/v7e-m/nofp/libc.a(libc_a-callocr.o)
 .debug_aranges
                0x00000980       0x28 /usr/lib/gcc/arm-none-eabi/14.1.0/../../../../arm-none-eabi/lib/thumb/v7e-m/nofp/libc.a(libc_a-mbtowc_r.o)
 .debug_aranges
                0x000009a8       0x20 /usr/lib/gcc/arm-none-eabi/14.1.0/../../../../arm-none-eabi/lib/thumb/v7e-m/nofp/libc.a(libc_a-reallocr.o)
 .debug_aranges
                0x000009c8       0x28 /usr/lib/gcc/arm-none-eabi/14.1.0/../../../../arm-none-eabi/lib/thumb/v7e-m/nofp/libc.a(libc_a-wctomb_r.o)
 .debug_aranges
                0x000009f0       0x18 /usr/lib/gcc/arm-none-eabi/14.1.0/../../../../arm-none-eabi/lib/thumb/v7e-m/nofp/libc.a(libc_a-ctype_.o)
 .debug_aranges
                0x00000a08       0x28 /usr/lib/gcc/arm-none-eabi/14.1.0/../../../../arm-none-eabi/lib/thumb/v7e-m/nofp/libc.a(libc_a-fiprintf.o)
 .debug_aranges
                0x00000a30       0x30 /usr/lib/gcc/arm-none-eabi/14.1.0/../../../../arm-none-eabi/lib/thumb/v7e-m/nofp/libc.a(libc_a-vfiprintf.o)
 .debug_aranges
                0x00000a60       0x20 /usr/lib/gcc/arm-none-eabi/14.1.0/../../../../arm-none-eabi/lib/thumb/v7e-m/nofp/libc.a(libc_a-sprint_r.o)
 .debug_aranges
                0x00000a80       0x20 /usr/lib/gcc/arm-none-eabi/14.1.0/../../../../arm-none-eabi/lib/thumb/v7e-m/nofp/libc.a(libc_a-fvwrite.o)
 .debug_aranges
                0x00000aa0       0x20 /usr/lib/gcc/arm-none-eabi/14.1.0/../../../../arm-none-eabi/lib/thumb/v7e-m/nofp/libc.a(libc_a-wsetup.o)
 .debug_aranges
                0x00000ac0       0x20 /usr/lib/gcc/arm-none-eabi/14.1.0/../../../../arm-none-eabi/lib/thumb/v7e-m/nofp/libc.a(libc_a-abort.o)
 .debug_aranges
                0x00000ae0       0x28 /usr/lib/gcc/arm-none-eabi/14.1.0/../../../../arm-none-eabi/lib/thumb/v7e-m/nofp/libc.a(libc_a-makebuf.o)
 .debug_aranges
                0x00000b08       0x58 /usr/lib/gcc/arm-none-eabi/14.1.0/../../../../arm-none-eabi/lib/thumb/v7e-m/nofp/libc.a(libc_a-signal.o)
 .debug_aranges
                0x00000b60       0x20 /usr/lib/gcc/arm-none-eabi/14.1.0/../../../../arm-none-eabi/lib/thumb/v7e-m/nofp/libc.a(libc_a-fstatr.o)
 .debug_aranges
                0x00000b80       0x20 /usr/lib/gcc/arm-none-eabi/14.1.0/../../../../arm-none-eabi/lib/thumb/v7e-m/nofp/libc.a(libc_a-isattyr.o)
 .debug_aranges
                0x00000ba0       0x28 /usr/lib/gcc/arm-none-eabi/14.1.0/../../../../arm-none-eabi/lib/thumb/v7e-m/nofp/libc.a(libc_a-signalr.o)
 .debug_aranges
                0x00000bc8       0x20 /usr/lib/gcc/arm-none-eabi/14.1.0/thumb/v7e-m/nofp/libgcc.a(_arm_muldivdf3.o)
 .debug_aranges
                0x00000be8       0x20 /usr/lib/gcc/arm-none-eabi/14.1.0/thumb/v7e-m/nofp/libgcc.a(_arm_cmpdf2.o)
 .debug_aranges
                0x00000c08       0x20 /usr/lib/gcc/arm-none-eabi/14.1.0/thumb/v7e-m/nofp/libgcc.a(_arm_unorddf2.o)
 .debug_aranges
                0x00000c28       0x20 /usr/lib/gcc/arm-none-eabi/14.1.0/thumb/v7e-m/nofp/libgcc.a(_arm_fixdfsi.o)

.debug_ranges   0x00000000      0x248
 .debug_ranges  0x00000000       0x18 build/./src/startup_stm32f446retx.o
 .debug_ranges  0x00000018       0x38 build/./src/clock.o
 .debug_ranges  0x00000050       0x18 build/./src/system_stm32f4xx.o
 .debug_ranges  0x00000068       0x18 build/./src/main.o
 .debug_ranges  0x00000080       0x40 build/./src/timer.o
 .debug_ranges  0x000000c0       0xa0 build/./src/syscalls.o
 .debug_ranges  0x00000160       0x10 build/./src/debug.o
 .debug_ranges  0x00000170       0x48 build/./src/uart.o
 .debug_ranges  0x000001b8       0x90 build/./src/i2c.o

.debug_line     0x00000000     0xf33b
 .debug_line    0x00000000      0x139 build/./src/startup_stm32f446retx.o
 .debug_line    0x00000139      0x263 build/./src/clock.o
 .debug_line    0x0000039c      0x168 build/./src/system_stm32f4xx.o
 .debug_line    0x00000504      0x124 build/./src/main.o
 .debug_line    0x00000628      0x250 build/./src/timer.o
 .debug_line    0x00000878      0x36e build/./src/syscalls.o
 .debug_line    0x00000be6       0xbd build/./src/debug.o
 .debug_line    0x00000ca3      0x2b4 build/./src/uart.o
 .debug_line    0x00000f57      0x54a build/./src/i2c.o
 .debug_line    0x000014a1      0x16f /usr/lib/gcc/arm-none-eabi/14.1.0/thumb/v7e-m/nofp/libgcc.a(_arm_addsubdf3.o)
 .debug_line    0x00001610       0xe4 /usr/lib/gcc/arm-none-eabi/14.1.0/../../../../arm-none-eabi/lib/thumb/v7e-m/nofp/libc.a(libc_a-atexit.o)
 .debug_line    0x000016f4      0x6cc /usr/lib/gcc/arm-none-eabi/14.1.0/../../../../arm-none-eabi/lib/thumb/v7e-m/nofp/libc.a(libc_a-findfp.o)
 .debug_line    0x00001dc0      0x1fd /usr/lib/gcc/arm-none-eabi/14.1.0/../../../../arm-none-eabi/lib/thumb/v7e-m/nofp/libc.a(libc_a-fwalk.o)
 .debug_line    0x00001fbd      0x281 /usr/lib/gcc/arm-none-eabi/14.1.0/../../../../arm-none-eabi/lib/thumb/v7e-m/nofp/libc.a(libc_a-stdio.o)
 .debug_line    0x0000223e      0x365 /usr/lib/gcc/arm-none-eabi/14.1.0/../../../../arm-none-eabi/lib/thumb/v7e-m/nofp/libc.a(libc_a-vsnprintf.o)
 .debug_line    0x000025a3      0x1d7 /usr/lib/gcc/arm-none-eabi/14.1.0/../../../../arm-none-eabi/lib/thumb/v7e-m/nofp/libc.a(libc_a-memset.o)
 .debug_line    0x0000277a      0x1bf /usr/lib/gcc/arm-none-eabi/14.1.0/../../../../arm-none-eabi/lib/thumb/v7e-m/nofp/libc.a(libc_a-closer.o)
 .debug_line    0x00002939      0x21c /usr/lib/gcc/arm-none-eabi/14.1.0/../../../../arm-none-eabi/lib/thumb/v7e-m/nofp/libc.a(libc_a-reent.o)
 .debug_line    0x00002b55      0x108 /usr/lib/gcc/arm-none-eabi/14.1.0/../../../../arm-none-eabi/lib/thumb/v7e-m/nofp/libc.a(libc_a-impure.o)
 .debug_line    0x00002c5d      0x1c5 /usr/lib/gcc/arm-none-eabi/14.1.0/../../../../arm-none-eabi/lib/thumb/v7e-m/nofp/libc.a(libc_a-lseekr.o)
 .debug_line    0x00002e22      0x1c4 /usr/lib/gcc/arm-none-eabi/14.1.0/../../../../arm-none-eabi/lib/thumb/v7e-m/nofp/libc.a(libc_a-readr.o)
 .debug_line    0x00002fe6      0x1c5 /usr/lib/gcc/arm-none-eabi/14.1.0/../../../../arm-none-eabi/lib/thumb/v7e-m/nofp/libc.a(libc_a-writer.o)
 .debug_line    0x000031ab      0x12d /usr/lib/gcc/arm-none-eabi/14.1.0/../../../../arm-none-eabi/lib/thumb/v7e-m/nofp/libc.a(libc_a-errno.o)
 .debug_line    0x000032d8       0xe8 /usr/lib/gcc/arm-none-eabi/14.1.0/../../../../arm-none-eabi/lib/thumb/v7e-m/nofp/libc.a(libc_a-fini.o)
 .debug_line    0x000033c0      0x17d /usr/lib/gcc/arm-none-eabi/14.1.0/../../../../arm-none-eabi/lib/thumb/v7e-m/nofp/libc.a(libc_a-lock.o)
 .debug_line    0x0000353d       0x86 /usr/lib/gcc/arm-none-eabi/14.1.0/../../../../arm-none-eabi/lib/thumb/v7e-m/nofp/libc.a(libc_a-strlen.o)
 .debug_line    0x000035c3      0x196 /usr/lib/gcc/arm-none-eabi/14.1.0/../../../../arm-none-eabi/lib/thumb/v7e-m/nofp/libc.a(libc_a-__atexit.o)
 .debug_line    0x00003759      0x2b3 /usr/lib/gcc/arm-none-eabi/14.1.0/../../../../arm-none-eabi/lib/thumb/v7e-m/nofp/libc.a(libc_a-__call_atexit.o)
 .debug_line    0x00003a0c      0x577 /usr/lib/gcc/arm-none-eabi/14.1.0/../../../../arm-none-eabi/lib/thumb/v7e-m/nofp/libc.a(libc_a-freer.o)
 .debug_line    0x00003f83      0x921 /usr/lib/gcc/arm-none-eabi/14.1.0/../../../../arm-none-eabi/lib/thumb/v7e-m/nofp/libc.a(libc_a-mallocr.o)
 .debug_line    0x000048a4      0x18a /usr/lib/gcc/arm-none-eabi/14.1.0/../../../../arm-none-eabi/lib/thumb/v7e-m/nofp/libc.a(libc_a-mlock.o)
 .debug_line    0x00004a2e     0x2042 /usr/lib/gcc/arm-none-eabi/14.1.0/../../../../arm-none-eabi/lib/thumb/v7e-m/nofp/libc.a(libc_a-svfprintf.o)
 .debug_line    0x00006a70      0x20c /usr/lib/gcc/arm-none-eabi/14.1.0/../../../../arm-none-eabi/lib/thumb/v7e-m/nofp/libc.a(libc_a-ssprint_r.o)
 .debug_line    0x00006c7c      0x2c1 /usr/lib/gcc/arm-none-eabi/14.1.0/../../../../arm-none-eabi/lib/thumb/v7e-m/nofp/libc.a(libc_a-fclose.o)
 .debug_line    0x00006f3d      0x4e3 /usr/lib/gcc/arm-none-eabi/14.1.0/../../../../arm-none-eabi/lib/thumb/v7e-m/nofp/libc.a(libc_a-fflush.o)
 .debug_line    0x00007420      0x19e /usr/lib/gcc/arm-none-eabi/14.1.0/../../../../arm-none-eabi/lib/thumb/v7e-m/nofp/libc.a(libc_a-strncpy.o)
 .debug_line    0x000075be      0x1c9 /usr/lib/gcc/arm-none-eabi/14.1.0/../../../../arm-none-eabi/lib/thumb/v7e-m/nofp/libc.a(libc_a-localeconv.o)
 .debug_line    0x00007787      0x1bf /usr/lib/gcc/arm-none-eabi/14.1.0/../../../../arm-none-eabi/lib/thumb/v7e-m/nofp/libc.a(libc_a-sbrkr.o)
 .debug_line    0x00007946      0x107 /usr/lib/gcc/arm-none-eabi/14.1.0/../../../../arm-none-eabi/lib/thumb/v7e-m/nofp/libc.a(libc_a-sysconf.o)
 .debug_line    0x00007a4d       0x84 /usr/lib/gcc/arm-none-eabi/14.1.0/../../../../arm-none-eabi/lib/thumb/v7e-m/nofp/libc.a(libc_a-memchr.o)
 .debug_line    0x00007ad1      0x201 /usr/lib/gcc/arm-none-eabi/14.1.0/../../../../arm-none-eabi/lib/thumb/v7e-m/nofp/libc.a(libm_a-s_frexp.o)
 .debug_line    0x00007cd2     0x14b0 /usr/lib/gcc/arm-none-eabi/14.1.0/../../../../arm-none-eabi/lib/thumb/v7e-m/nofp/libc.a(libc_a-dtoa.o)
 .debug_line    0x00009182     0x14ff /usr/lib/gcc/arm-none-eabi/14.1.0/../../../../arm-none-eabi/lib/thumb/v7e-m/nofp/libc.a(libc_a-mprec.o)
 .debug_line    0x0000a681      0x2a7 /usr/lib/gcc/arm-none-eabi/14.1.0/../../../../arm-none-eabi/lib/thumb/v7e-m/nofp/libc.a(libc_a-ssputs_r.o)
 .debug_line    0x0000a928      0x212 /usr/lib/gcc/arm-none-eabi/14.1.0/../../../../arm-none-eabi/lib/thumb/v7e-m/nofp/libc.a(libc_a-memmove.o)
 .debug_line    0x0000ab3a      0x2ee /usr/lib/gcc/arm-none-eabi/14.1.0/../../../../arm-none-eabi/lib/thumb/v7e-m/nofp/libc.a(libc_a-locale.o)
 .debug_line    0x0000ae28       0xb9 /usr/lib/gcc/arm-none-eabi/14.1.0/../../../../arm-none-eabi/lib/thumb/v7e-m/nofp/libc.a(libc_a-memcpy.o)
 .debug_line    0x0000aee1      0x1de /usr/lib/gcc/arm-none-eabi/14.1.0/../../../../arm-none-eabi/lib/thumb/v7e-m/nofp/libc.a(libc_a-assert.o)
 .debug_line    0x0000b0bf      0x229 /usr/lib/gcc/arm-none-eabi/14.1.0/../../../../arm-none-eabi/lib/thumb/v7e-m/nofp/libc.a(libc_a-callocr.o)
 .debug_line    0x0000b2e8      0x25a /usr/lib/gcc/arm-none-eabi/14.1.0/../../../../arm-none-eabi/lib/thumb/v7e-m/nofp/libc.a(libc_a-mbtowc_r.o)
 .debug_line    0x0000b542      0x6b9 /usr/lib/gcc/arm-none-eabi/14.1.0/../../../../arm-none-eabi/lib/thumb/v7e-m/nofp/libc.a(libc_a-reallocr.o)
 .debug_line    0x0000bbfb      0x246 /usr/lib/gcc/arm-none-eabi/14.1.0/../../../../arm-none-eabi/lib/thumb/v7e-m/nofp/libc.a(libc_a-wctomb_r.o)
 .debug_line    0x0000be41       0xb8 /usr/lib/gcc/arm-none-eabi/14.1.0/../../../../arm-none-eabi/lib/thumb/v7e-m/nofp/libc.a(libc_a-ctype_.o)
 .debug_line    0x0000bef9      0x1dd /usr/lib/gcc/arm-none-eabi/14.1.0/../../../../arm-none-eabi/lib/thumb/v7e-m/nofp/libc.a(libc_a-fiprintf.o)
 .debug_line    0x0000c0d6     0x12ac /usr/lib/gcc/arm-none-eabi/14.1.0/../../../../arm-none-eabi/lib/thumb/v7e-m/nofp/libc.a(libc_a-vfiprintf.o)
 .debug_line    0x0000d382      0x1b5 /usr/lib/gcc/arm-none-eabi/14.1.0/../../../../arm-none-eabi/lib/thumb/v7e-m/nofp/libc.a(libc_a-sprint_r.o)
 .debug_line    0x0000d537      0x615 /usr/lib/gcc/arm-none-eabi/14.1.0/../../../../arm-none-eabi/lib/thumb/v7e-m/nofp/libc.a(libc_a-fvwrite.o)
 .debug_line    0x0000db4c      0x2dc /usr/lib/gcc/arm-none-eabi/14.1.0/../../../../arm-none-eabi/lib/thumb/v7e-m/nofp/libc.a(libc_a-wsetup.o)
 .debug_line    0x0000de28      0x141 /usr/lib/gcc/arm-none-eabi/14.1.0/../../../../arm-none-eabi/lib/thumb/v7e-m/nofp/libc.a(libc_a-abort.o)
 .debug_line    0x0000df69      0x3f9 /usr/lib/gcc/arm-none-eabi/14.1.0/../../../../arm-none-eabi/lib/thumb/v7e-m/nofp/libc.a(libc_a-makebuf.o)
 .debug_line    0x0000e362      0x6eb /usr/lib/gcc/arm-none-eabi/14.1.0/../../../../arm-none-eabi/lib/thumb/v7e-m/nofp/libc.a(libc_a-signal.o)
 .debug_line    0x0000ea4d      0x253 /usr/lib/gcc/arm-none-eabi/14.1.0/../../../../arm-none-eabi/lib/thumb/v7e-m/nofp/libc.a(libc_a-fstatr.o)
 .debug_line    0x0000eca0      0x1c0 /usr/lib/gcc/arm-none-eabi/14.1.0/../../../../arm-none-eabi/lib/thumb/v7e-m/nofp/libc.a(libc_a-isattyr.o)
 .debug_line    0x0000ee60      0x1f8 /usr/lib/gcc/arm-none-eabi/14.1.0/../../../../arm-none-eabi/lib/thumb/v7e-m/nofp/libc.a(libc_a-signalr.o)
 .debug_line    0x0000f058      0x184 /usr/lib/gcc/arm-none-eabi/14.1.0/thumb/v7e-m/nofp/libgcc.a(_arm_muldivdf3.o)
 .debug_line    0x0000f1dc       0xa6 /usr/lib/gcc/arm-none-eabi/14.1.0/thumb/v7e-m/nofp/libgcc.a(_arm_cmpdf2.o)
 .debug_line    0x0000f282       0x57 /usr/lib/gcc/arm-none-eabi/14.1.0/thumb/v7e-m/nofp/libgcc.a(_arm_unorddf2.o)
 .debug_line    0x0000f2d9       0x62 /usr/lib/gcc/arm-none-eabi/14.1.0/thumb/v7e-m/nofp/libgcc.a(_arm_fixdfsi.o)

.debug_str      0x00000000     0x3393
 .debug_str     0x00000000     0x3393 build/./src/startup_stm32f446retx.o
                                0x220 (size before relaxing)
 .debug_str     0x00003393      0x36f build/./src/clock.o
 .debug_str     0x00003393      0x303 build/./src/system_stm32f4xx.o
 .debug_str     0x00003393      0x261 build/./src/main.o
 .debug_str     0x00003393      0x8dd build/./src/timer.o
 .debug_str     0x00003393      0x477 build/./src/syscalls.o
 .debug_str     0x00003393      0x1b4 build/./src/debug.o
 .debug_str     0x00003393      0x92f build/./src/uart.o
 .debug_str     0x00003393      0x478 build/./src/i2c.o
 .debug_str     0x00003393      0x14c /usr/lib/gcc/arm-none-eabi/14.1.0/thumb/v7e-m/nofp/libgcc.a(_arm_addsubdf3.o)