Archive member included to satisfy reference by file (symbol)

/usr/lib/gcc/arm-none-eabi/14.1.0/thumb/v7e-m/nofp/libgcc.a(_arm_mulsf3.o)
                              build/./src/dht.o (__aeabi_fmul)
/usr/lib/gcc/arm-none-eabi/14.1.0/thumb/v7e-m/nofp/libgcc.a(_arm_addsubsf3.o)
                              build/./src/dht.o (__aeabi_fadd)
/usr/lib/gcc/arm-none-eabi/14.1.0/thumb/v7e-m/nofp/libgcc.a(_arm_muldivsf3.o)
                              build/./src/dht.o (__aeabi_fdiv)
/usr/lib/gcc/arm-none-eabi/14.1.0/../../../../arm-none-eabi/lib/thumb/v7e-m/nofp/libc.a(libc_a-atexit.o)
                              /usr/lib/gcc/arm-none-eabi/14.1.0/../../../../arm-none-eabi/lib/thumb/v7e-m/nofp/crt0.o (atexit)
/usr/lib/gcc/arm-none-eabi/14.1.0/../../../../arm-none-eabi/lib/thumb/v7e-m/nofp/libc.a(libc_a-exit.o)
                              /usr/lib/gcc/arm-none-eabi/14.1.0/../../../../arm-none-eabi/lib/thumb/v7e-m/nofp/crt0.o (exit)
/usr/lib/gcc/arm-none-eabi/14.1.0/../../../../arm-none-eabi/lib/thumb/v7e-m/nofp/libc.a(libc_a-findfp.o)
                              /usr/lib/gcc/arm-none-eabi/14.1.0/../../../../arm-none-eabi/lib/thumb/v7e-m/nofp/libc.a(libc_a-exit.o) (__stdio_exit_handler)
/usr/lib/gcc/arm-none-eabi/14.1.0/../../../../arm-none-eabi/lib/thumb/v7e-m/nofp/libc.a(libc_a-fwalk.o)
                              /usr/lib/gcc/arm-none-eabi/14.1.0/../../../../arm-none-eabi/lib/thumb/v7e-m/nofp/libc.a(libc_a-findfp.o) (_fwalk_sglue)
/usr/lib/gcc/arm-none-eabi/14.1.0/../../../../arm-none-eabi/lib/thumb/v7e-m/nofp/libc.a(libc_a-stdio.o)
                              /usr/lib/gcc/arm-none-eabi/14.1.0/../../../../arm-none-eabi/lib/thumb/v7e-m/nofp/libc.a(libc_a-findfp.o) (__sread)
/usr/lib/gcc/arm-none-eabi/14.1.0/../../../../arm-none-eabi/lib/thumb/v7e-m/nofp/libc.a(libc_a-vsnprintf.o)
                              build/./src/debug.o (vsnprintf)
/usr/lib/gcc/arm-none-eabi/14.1.0/../../../../arm-none-eabi/lib/thumb/v7e-m/nofp/libc.a(libc_a-memset.o)
                              /usr/lib/gcc/arm-none-eabi/14.1.0/../../../../arm-none-eabi/lib/thumb/v7e-m/nofp/crt0.o (memset)
/usr/lib/gcc/arm-none-eabi/14.1.0/../../../../arm-none-eabi/lib/thumb/v7e-m/nofp/libc.a(libc_a-closer.o)
                              /usr/lib/gcc/arm-none-eabi/14.1.0/../../../../arm-none-eabi/lib/thumb/v7e-m/nofp/libc.a(libc_a-stdio.o) (_close_r)
/usr/lib/gcc/arm-none-eabi/14.1.0/../../../../arm-none-eabi/lib/thumb/v7e-m/nofp/libc.a(libc_a-reent.o)
                              /usr/lib/gcc/arm-none-eabi/14.1.0/../../../../arm-none-eabi/lib/thumb/v7e-m/nofp/libc.a(libc_a-closer.o) (errno)
/usr/lib/gcc/arm-none-eabi/14.1.0/../../../../arm-none-eabi/lib/thumb/v7e-m/nofp/libc.a(libc_a-impure.o)
                              /usr/lib/gcc/arm-none-eabi/14.1.0/../../../../arm-none-eabi/lib/thumb/v7e-m/nofp/libc.a(libc_a-vsnprintf.o) (_impure_ptr)
/usr/lib/gcc/arm-none-eabi/14.1.0/../../../../arm-none-eabi/lib/thumb/v7e-m/nofp/libc.a(libc_a-lseekr.o)
                              /usr/lib/gcc/arm-none-eabi/14.1.0/../../../../arm-none-eabi/lib/thumb/v7e-m/nofp/libc.a(libc_a-stdio.o) (_lseek_r)
/usr/lib/gcc/arm-none-eabi/14.1.0/../../../../arm-none-eabi/lib/thumb/v7e-m/nofp/libc.a(libc_a-readr.o)
                              /usr/lib/gcc/arm-none-eabi/14.1.0/../../../../arm-none-eabi/lib/thumb/v7e-m/nofp/libc.a(libc_a-stdio.o) (_read_r)
/usr/lib/gcc/arm-none-eabi/14.1.0/../../../../arm-none-eabi/lib/thumb/v7e-m/nofp/libc.a(libc_a-writer.o)
                              /usr/lib/gcc/arm-none-eabi/14.1.0/../../../../arm-none-eabi/lib/thumb/v7e-m/nofp/libc.a(libc_a-stdio.o) (_write_r)
/usr/lib/gcc/arm-none-eabi/14.1.0/../../../../arm-none-eabi/lib/thumb/v7e-m/nofp/libc.a(libc_a-errno.o)
                              build/./src/syscalls.o (__errno)
/usr/lib/gcc/arm-none-eabi/14.1.0/../../../../arm-none-eabi/lib/thumb/v7e-m/nofp/libc.a(libc_a-init.o)
                              /usr/lib/gcc/arm-none-eabi/14.1.0/../../../../arm-none-eabi/lib/thumb/v7e-m/nofp/crt0.o (__libc_init_array)
/usr/lib/gcc/arm-none-eabi/14.1.0/../../../../arm-none-eabi/lib/thumb/v7e-m/nofp/libc.a(libc_a-fini.o)
                              /usr/lib/gcc/arm-none-eabi/14.1.0/../../../../arm-none-eabi/lib/thumb/v7e-m/nofp/crt0.o (__libc_fini_array)
/usr/lib/gcc/arm-none-eabi/14.1.0/../../../../arm-none-eabi/lib/thumb/v7e-m/nofp/libc.a(libc_a-lock.o)
                              /usr/lib/gcc/arm-none-eabi/14.1.0/../../../../arm-none-eabi/lib/thumb/v7e-m/nofp/libc.a(libc_a-findfp.o) (__retarget_lock_init_recursive)
/usr/lib/gcc/arm-none-eabi/14.1.0/../../../../arm-none-eabi/lib/thumb/v7e-m/nofp/libc.a(libc_a-__atexit.o)
                              /usr/lib/gcc/arm-none-eabi/14.1.0/../../../../arm-none-eabi/lib/thumb/v7e-m/nofp/libc.a(libc_a-atexit.o) (__register_exitproc)
/usr/lib/gcc/arm-none-eabi/14.1.0/../../../../arm-none-eabi/lib/thumb/v7e-m/nofp/libc.a(libc_a-__call_atexit.o)
[...]
Memory Configuration

Name             Origin             Length             Attributes
RAM              0x20000000         0x00020000         xrw
FLASH            0x08000000         0x00080000         xr
*default*        0x00000000         0xffffffff

Linker script and memory map

LOAD /usr/lib/gcc/arm-none-eabi/14.1.0/thumb/v7e-m/nofp/crti.o
LOAD /usr/lib/gcc/arm-none-eabi/14.1.0/thumb/v7e-m/nofp/crtbegin.o
LOAD /usr/lib/gcc/arm-none-eabi/14.1.0/../../../../arm-none-eabi/lib/thumb/v7e-m/nofp/crt0.o
LOAD build/./src/startup_stm32f446retx.o
LOAD build/./src/dma.o
LOAD build/./src/clock.o
LOAD build/./src/system_stm32f4xx.o
LOAD build/./src/main.o
LOAD build/./src/timer.o
LOAD build/./src/syscalls.o
LOAD build/./src/tft.o
LOAD build/./src/debug.o
LOAD build/./src/ili9488.o
LOAD build/./src/uart.o
LOAD build/./src/adc.o
LOAD build/./src/pwm.o
LOAD build/./src/spi.o
LOAD build/./src/i2c.o
LOAD build/./src/dht.o
LOAD /usr/lib/gcc/arm-none-eabi/14.1.0/thumb/v7e-m/nofp/libgcc.a
START GROUP
LOAD /usr/lib/gcc/arm-none-eabi/14.1.0/thumb/v7e-m/nofp/libgcc.a
LOAD /usr/lib/gcc/arm-none-eabi/14.1.0/../../../../arm-none-eabi/lib/thumb/v7e-m/nofp/libc.a
END GROUP
START GROUP
LOAD /usr/lib/gcc/arm-none-eabi/14.1.0/thumb/v7e-m/nofp/libgcc.a
LOAD /usr/lib/gcc/arm-none-eabi/14.1.0/../../../../arm-none-eabi/lib/thumb/v7e-m/nofp/libc.a
LOAD /usr/lib/gcc/arm-none-eabi/14.1.0/../../../../arm-none-eabi/lib/thumb/v7e-m/nofp/libnosys.a
END GROUP
LOAD /usr/lib/gcc/arm-none-eabi/14.1.0/thumb/v7e-m/nofp/crtend.o
LOAD /usr/lib/gcc/arm-none-eabi/14.1.0/thumb/v7e-m/nofp/crtn.o
                0x20020000                        _estack = (ORIGIN (RAM) + LENGTH (RAM))
                0x00000200                        _Min_Heap_Size = 0x200
                0x00000400                        _Min_Stack_Size = 0x400

.isr_vector     0x08000000      0x1c4
                0x08000000                        . = ALIGN (0x4)
 *(.isr_vector)
 .isr_vector    0x08000000      0x1c4 build/./src/startup_stm32f446retx.o
                0x08000000                vectors
                0x080001c4                        . = ALIGN (0x4)

.text           0x080001c4     0x113c
                0x080001c4                        . = ALIGN (0x4)
 *(.text)
 *(.text*)
 .text.__do_global_dtors_aux
                0x080001c4       0x24 /usr/lib/gcc/arm-none-eabi/14.1.0/thumb/v7e-m/nofp/crtbegin.o
 .text.frame_dummy
                0x080001e8       0x1c /usr/lib/gcc/arm-none-eabi/14.1.0/thumb/v7e-m/nofp/crtbegin.o
 .text.Reset_Handler
                0x08000204       0xa0 build/./src/startup_stm32f446retx.o
                0x08000204                Reset_Handler
 .text.Default_Handler
                0x080002a4        0x8 build/./src/startup_stm32f446retx.o
                0x080002a4                RTC_Alarm_IRQHandler
                0x080002a4                EXTI2_IRQHandler
                0x080002a4                TIM8_CC_IRQHandler
                0x080002a4                DebugMon_Handler
                0x080002a4                FMPI2C1_EV_IRQHandler
                0x080002a4                SPI4_IRQHandler
                0x080002a4                TIM1_CC_IRQHandler
                0x080002a4                DMA2_Stream5_IRQHandler
                0x080002a4                HardFault_Handler
                0x080002a4                DMA1_Stream5_IRQHandler
                0x080002a4                SysTick_Handler
                0x080002a4                PVD_IRQHandler
                0x080002a4                SDIO_IRQHandler
                0x080002a4                TAMP_STAMP_IRQHandler
                0x080002a4                PendSV_Handler
                0x080002a4                NMI_Handler
                0x080002a4                CAN2_RX1_IRQHandler
                0x080002a4                EXTI3_IRQHandler
                0x080002a4                TIM8_TRG_COM_TIM14_IRQHandler
                0x080002a4                TIM1_UP_TIM10_IRQHandler
                0x080002a4                TIM8_UP_TIM13_IRQHandler
                0x080002a4                I2C3_ER_IRQHandler
                0x080002a4                EXTI0_IRQHandler
                0x080002a4                I2C2_EV_IRQHandler
                0x080002a4                DMA1_Stream2_IRQHandler
                0x080002a4                CAN1_RX0_IRQHandler
                0x080002a4                FPU_IRQHandler
                0x080002a4                OTG_HS_WKUP_IRQHandler
                0x080002a4                UsageFault_Handler
                0x080002a4                CAN2_SCE_IRQHandler
                0x080002a4                DMA2_Stream2_IRQHandler
                0x080002a4                SPI1_IRQHandler
                0x080002a4                TIM6_DAC_IRQHandler
                0x080002a4                TIM1_BRK_TIM9_IRQHandler
                0x080002a4                DCMI_IRQHandler
                0x080002a4                CAN2_RX0_IRQHandler
                0x080002a4                DMA2_Stream3_IRQHandler
                0x080002a4                SAI2_IRQHandler
                0x080002a4                USART6_IRQHandler
                0x080002a4                USART3_IRQHandler
                0x080002a4                CAN1_RX1_IRQHandler
                0x080002a4                UART5_IRQHandler
                0x080002a4                DMA2_Stream0_IRQHandler
                0x080002a4                TIM4_IRQHandler
                0x080002a4                QUADSPI_IRQHandler
                0x080002a4                I2C1_EV_IRQHandler
                0x080002a4                DMA1_Stream6_IRQHandler
                0x080002a4                DMA1_Stream1_IRQHandler
                0x080002a4                UART4_IRQHandler
                0x080002a4                TIM3_IRQHandler
                0x080002a4                RCC_IRQHandler
                0x080002a4                TIM8_BRK_TIM12_IRQHandler
                0x080002a4                Default_Handler
                0x080002a4                CEC_IRQHandler
                0x080002a4                EXTI15_10_IRQHandler
                0x080002a4                ADC_IRQHandler
                0x080002a4                DMA1_Stream7_IRQHandler
                0x080002a4                TIM7_IRQHandler
                0x080002a4                CAN2_TX_IRQHandler
                0x080002a4                TIM5_IRQHandler
                0x080002a4                DMA2_Stream7_IRQHandler
                0x080002a4                I2C3_EV_IRQHandler
                0x080002a4                EXTI9_5_IRQHandler
                0x080002a4                RTC_WKUP_IRQHandler
                0x080002a4                SPDIF_RX_IRQHandler
                0x080002a4                SPI2_IRQHandler
                0x080002a4                OTG_HS_EP1_IN_IRQHandler
                0x080002a4                MemManage_Handler
                0x080002a4                DMA1_Stream0_IRQHandler
                0x080002a4                CAN1_TX_IRQHandler
                0x080002a4                SVC_Handler
                0x080002a4                FMPI2C1_ER_IRQHandler
                0x080002a4                EXTI4_IRQHandler
                0x080002a4                OTG_HS_EP1_OUT_IRQHandler
                0x080002a4                WWDG_IRQHandler
                0x080002a4                OTG_FS_WKUP_IRQHandler
                0x080002a4                TIM1_TRG_COM_TIM11_IRQHandler
                0x080002a4                OTG_HS_IRQHandler
                0x080002a4                EXTI1_IRQHandler
                0x080002a4                I2C2_ER_IRQHandler
                0x080002a4                DMA2_Stream1_IRQHandler
                0x080002a4                CAN1_SCE_IRQHandler
                0x080002a4                FLASH_IRQHandler
                0x080002a4                DMA2_Stream4_IRQHandler
                0x080002a4                BusFault_Handler
                0x080002a4                USART1_IRQHandler
                0x080002a4                OTG_FS_IRQHandler
                0x080002a4                SPI3_IRQHandler
                0x080002a4                DMA1_Stream4_IRQHandler
                0x080002a4                I2C1_ER_IRQHandler
                0x080002a4                FMC_IRQHandler
                0x080002a4                DMA2_Stream6_IRQHandler
                0x080002a4                SAI1_IRQHandler
                0x080002a4                DMA1_Stream3_IRQHandler
 .text.SetSystemClock
                0x080002ac       0xec build/./src/clock.o
                0x080002ac                SetSystemClock
 .text.SetSystemClock180MHz
                0x08000398       0x12 build/./src/clock.o
                0x08000398                SetSystemClock180MHz
 .text.main     0x080003aa      0x176 build/./src/main.o
                0x080003aa                main
 .text.TimerInit
                0x08000520       0x5c build/./src/timer.o
                0x08000520                TimerInit
 .text.DelayUS  0x0800057c       0x2c build/./src/timer.o
                0x0800057c                DelayUS
 .text.DelayMS  0x080005a8       0x28 build/./src/timer.o
                0x080005a8                DelayMS
 .text.TIM2_IRQHandler
                0x080005d0       0x38 build/./src/timer.o
                0x080005d0                TIM2_IRQHandler
 .text.SPI_GPIO_Init
                0x08000608       0x48 build/./src/ili9488.o
                0x08000608                SPI_GPIO_Init
 .text.ILI9488_GPIO_Init
                0x08000650       0x90 build/./src/ili9488.o
 .text.ILI9488_SendCommand
                0x080006e0       0x54 build/./src/ili9488.o
 .text.ILI9488_SendData
                0x08000734       0x54 build/./src/ili9488.o
 .text.ILI9488_SendData_Multi
                0x08000788       0x78 build/./src/ili9488.o
                0x08000788                ILI9488_SendData_Multi
 .text.ILI9488_Init
                0x08000800      0x1d8 build/./src/ili9488.o
                0x08000800                ILI9488_Init
 .text.setAddrWindow
                0x080009d8       0x90 build/./src/ili9488.o
 .text.ILI9488_FillRect
                0x08000a68      0x28c build/./src/ili9488.o
                0x08000a68                ILI9488_FillRect
 .text.ILI9488_SetRotation
                0x08000cf4       0xa4 build/./src/ili9488.o
                0x08000cf4                ILI9488_SetRotation
 .text.ILI9488_FillScreen
                0x08000d98       0x34 build/./src/ili9488.o
                0x08000d98                ILI9488_FillScreen
 .text.ILI9488_DrawPixel
                0x08000dcc      0x100 build/./src/ili9488.o
                0x08000dcc                ILI9488_DrawPixel
 .text.ILI9488_DrawCircle
                0x08000ecc      0x166 build/./src/ili9488.o
                0x08000ecc                ILI9488_DrawCircle
 *fill*         0x08001032        0x2 
 .text.USART_Handle_RxNIE
                0x08001034       0x64 build/./src/uart.o
 .text.USART2_IRQHandler
                0x08001098       0x1c build/./src/uart.o
                0x08001098                USART2_IRQHandler
 .text.SPI_Init
                0x080010b4       0xec build/./src/spi.o
                0x080010b4                SPI_Init
 .text.SPI_MasterTransmit
                0x080011a0       0x78 build/./src/spi.o
                0x080011a0                SPI_MasterTransmit
 .text.atexit   0x08001218        0xc /usr/lib/gcc/arm-none-eabi/14.1.0/../../../../arm-none-eabi/lib/thumb/v7e-m/nofp/libc.a(libc_a-atexit.o)
                0x08001218                atexit
 .text.__libc_fini_array
                0x08001224       0x28 /usr/lib/gcc/arm-none-eabi/14.1.0/../../../../arm-none-eabi/lib/thumb/v7e-m/nofp/libc.a(libc_a-fini.o)
                0x08001224                __libc_fini_array
 .text.__retarget_lock_acquire_recursive
                0x0800124c        0x4 /usr/lib/gcc/arm-none-eabi/14.1.0/../../../../arm-none-eabi/lib/thumb/v7e-m/nofp/libc.a(libc_a-lock.o)
                0x0800124c                __retarget_lock_acquire_recursive
 .text.__retarget_lock_release_recursive
                0x08001250        0x4 /usr/lib/gcc/arm-none-eabi/14.1.0/../../../../arm-none-eabi/lib/thumb/v7e-m/nofp/libc.a(libc_a-lock.o)
                0x08001250                __retarget_lock_release_recursive
 .text.__register_exitproc
                0x08001254       0x80 /usr/lib/gcc/arm-none-eabi/14.1.0/../../../../arm-none-eabi/lib/thumb/v7e-m/nofp/libc.a(libc_a-__atexit.o)
                0x08001254                __register_exitproc
 .text.startup.register_fini
                0x080012d4       0x14 /usr/lib/gcc/arm-none-eabi/14.1.0/../../../../arm-none-eabi/lib/thumb/v7e-m/nofp/libc.a(libc_a-__call_atexit.o)
 *(.glue_7)
 .glue_7        0x080012e8        0x0 linker stubs
 *(.glue_7t)
 .glue_7t       0x080012e8        0x0 linker stubs
 *(.eh_frame)
 .eh_frame      0x080012e8        0x0 /usr/lib/gcc/arm-none-eabi/14.1.0/thumb/v7e-m/nofp/crtbegin.o
 *(.init)
 .init          0x080012e8        0x4 /usr/lib/gcc/arm-none-eabi/14.1.0/thumb/v7e-m/nofp/crti.o
                0x080012e8                _init
 .init          0x080012ec        0x8 /usr/lib/gcc/arm-none-eabi/14.1.0/thumb/v7e-m/nofp/crtn.o
 *(.fini)
 .fini          0x080012f4        0x4 /usr/lib/gcc/arm-none-eabi/14.1.0/thumb/v7e-m/nofp/crti.o
                0x080012f4                _fini
 .fini          0x080012f8        0x8 /usr/lib/gcc/arm-none-eabi/14.1.0/thumb/v7e-m/nofp/crtn.o
                0x08001300                        . = ALIGN (0x4)
                0x08001300                        _etext = .

.vfp11_veneer   0x08001300        0x0
 .vfp11_veneer  0x08001300        0x0 linker stubs

.v4_bx          0x08001300        0x0
 .v4_bx         0x08001300        0x0 linker stubs

.iplt           0x08001300        0x0
 .iplt          0x08001300        0x0 /usr/lib/gcc/arm-none-eabi/14.1.0/thumb/v7e-m/nofp/crtbegin.o

.rodata         0x08001300        0x0
                0x08001300                        . = ALIGN (0x4)
 *(.rodata)
 *(.rodata*)
                0x08001300                        . = ALIGN (0x4)

.ARM.extab      0x08001300        0x0
                0x08001300                        . = ALIGN (0x4)
 *(.ARM.extab* .gnu.linkonce.armextab.*)
                0x08001300                        . = ALIGN (0x4)

.ARM            0x08001300        0x0
                0x08001300                        . = ALIGN (0x4)
                0x08001300                        __exidx_start = .
 *(.ARM.exidx*)
                0x08001300                        __exidx_end = .
                0x08001300                        . = ALIGN (0x4)

.preinit_array  0x08001300        0x0
                0x08001300                        . = ALIGN (0x4)
                0x08001300                        PROVIDE (__preinit_array_start = .)
 *(.preinit_array*)
                0x08001300                        PROVIDE (__preinit_array_end = .)
                0x08001300                        . = ALIGN (0x4)

.init_array     0x08001300        0x8
                0x08001300                        . = ALIGN (0x4)
                0x08001300                        PROVIDE (__init_array_start = .)
 *(SORT_BY_NAME(.init_array.*))
 .init_array.00000
                0x08001300        0x4 /usr/lib/gcc/arm-none-eabi/14.1.0/../../../../arm-none-eabi/lib/thumb/v7e-m/nofp/libc.a(libc_a-__call_atexit.o)
 *(.init_array*)
 .init_array    0x08001304        0x4 /usr/lib/gcc/arm-none-eabi/14.1.0/thumb/v7e-m/nofp/crtbegin.o
                0x08001308                        PROVIDE (__init_array_end = .)
                0x08001308                        . = ALIGN (0x4)

.fini_array     0x08001308        0x4
                0x08001308                        . = ALIGN (0x4)
                0x08001308                        PROVIDE (__fini_array_start = .)
 *(SORT_BY_NAME(.fini_array.*))
 *(.fini_array*)
 .fini_array    0x08001308        0x4 /usr/lib/gcc/arm-none-eabi/14.1.0/thumb/v7e-m/nofp/crtbegin.o
                0x0800130c                        PROVIDE (__fini_array_end = .)
                0x0800130c                        . = ALIGN (0x4)
                0x0800130c                        _sidata = LOADADDR (.data)

.rel.dyn        0x0800130c        0x0
 .rel.iplt      0x0800130c        0x0 /usr/lib/gcc/arm-none-eabi/14.1.0/thumb/v7e-m/nofp/crtbegin.o

.data           0x20000000        0x4 load address 0x0800130c
                0x20000000                        . = ALIGN (0x4)
                0x20000000                        _sdata = .
 *(.data)
 *(.data*)
 .data.__atexit_recursive_mutex
                0x20000000        0x4 /usr/lib/gcc/arm-none-eabi/14.1.0/../../../../arm-none-eabi/lib/thumb/v7e-m/nofp/libc.a(libc_a-__call_atexit.o)
                0x20000000                __atexit_recursive_mutex
 *(.RamFunc)
 *(.RamFunc*)
                0x20000004                        . = ALIGN (0x4)
                0x20000004                        _edata = .

.igot.plt       0x20000004        0x0 load address 0x08001310
 .igot.plt      0x20000004        0x0 /usr/lib/gcc/arm-none-eabi/14.1.0/thumb/v7e-m/nofp/crtbegin.o
                0x20000004                        . = ALIGN (0x4)

.bss            0x20000004      0x200 load address 0x08001310
                0x20000004                        _sbss = .
                0x20000004                        __bss_start__ = _sbss
 *(.bss)
 *(.bss*)
 .bss.completed.1
                0x20000004        0x1 /usr/lib/gcc/arm-none-eabi/14.1.0/thumb/v7e-m/nofp/crtbegin.o
 *fill*         0x20000005        0x3 
 .bss.object.0  0x20000008       0x18 /usr/lib/gcc/arm-none-eabi/14.1.0/thumb/v7e-m/nofp/crtbegin.o
 .bss.tick      0x20000020        0x4 build/./src/timer.o
 .bss.ili9488_spi
                0x20000024       0x24 build/./src/ili9488.o
                0x20000024                ili9488_spi
 .bss.height    0x20000048        0x2 build/./src/ili9488.o
 .bss.width     0x2000004a        0x2 build/./src/ili9488.o
 .bss.handle    0x2000004c       0x20 build/./src/uart.o
 .bss.__lock___atexit_recursive_mutex
                0x2000006c        0x1 /usr/lib/gcc/arm-none-eabi/14.1.0/../../../../arm-none-eabi/lib/thumb/v7e-m/nofp/libc.a(libc_a-lock.o)
                0x2000006c                __lock___atexit_recursive_mutex
 *fill*         0x2000006d        0x3 
 .bss.__atexit0
                0x20000070      0x190 /usr/lib/gcc/arm-none-eabi/14.1.0/../../../../arm-none-eabi/lib/thumb/v7e-m/nofp/libc.a(libc_a-__atexit.o)
                0x20000070                __atexit0
 .bss.__atexit  0x20000200        0x4 /usr/lib/gcc/arm-none-eabi/14.1.0/../../../../arm-none-eabi/lib/thumb/v7e-m/nofp/libc.a(libc_a-__call_atexit.o)
                0x20000200                __atexit
 *(COMMON)
                0x20000204                        . = ALIGN (0x4)
                0x20000204                        _ebss = .
                0x20000204                        __bss_end__ = _ebss

._user_heap_stack
                0x20000204      0x604 load address 0x08001310
                0x20000208                        . = ALIGN (0x8)
 *fill*         0x20000204        0x4 
                0x20000208                        PROVIDE (end = .)
                [!provide]                        PROVIDE (_end = .)
                0x20000408                        . = (. + _Min_Heap_Size)
 *fill*         0x20000208      0x200 
                0x20000808                        . = (. + _Min_Stack_Size)
 *fill*         0x20000408      0x400 
                0x20000808                        . = ALIGN (0x8)

.ARM.attributes
                0x00000000       0x2a
 *(.ARM.attributes)
 .ARM.attributes
                0x00000000       0x1e /usr/lib/gcc/arm-none-eabi/14.1.0/thumb/v7e-m/nofp/crti.o
 .ARM.attributes
                0x0000001e       0x2e /usr/lib/gcc/arm-none-eabi/14.1.0/thumb/v7e-m/nofp/crtbegin.o
 .ARM.attributes
                0x0000004c       0x2e build/./src/startup_stm32f446retx.o
 .ARM.attributes
                0x0000007a       0x2e build/./src/clock.o
 .ARM.attributes
                0x000000a8       0x2e build/./src/main.o
 .ARM.attributes
                0x000000d6       0x2e build/./src/timer.o
 .ARM.attributes
                0x00000104       0x2e build/./src/ili9488.o
 .ARM.attributes
                0x00000132       0x2e build/./src/uart.o
 .ARM.attributes
                0x00000160       0x2e build/./src/spi.o
 .ARM.attributes
                0x0000018e       0x2e /usr/lib/gcc/arm-none-eabi/14.1.0/../../../../arm-none-eabi/lib/thumb/v7e-m/nofp/libc.a(libc_a-atexit.o)
 .ARM.attributes
                0x000001bc       0x2e /usr/lib/gcc/arm-none-eabi/14.1.0/../../../../arm-none-eabi/lib/thumb/v7e-m/nofp/libc.a(libc_a-fini.o)
 .ARM.attributes
                0x000001ea       0x2e /usr/lib/gcc/arm-none-eabi/14.1.0/../../../../arm-none-eabi/lib/thumb/v7e-m/nofp/libc.a(libc_a-lock.o)
 .ARM.attributes
                0x00000218       0x2e /usr/lib/gcc/arm-none-eabi/14.1.0/../../../../arm-none-eabi/lib/thumb/v7e-m/nofp/libc.a(libc_a-__atexit.o)
 .ARM.attributes
                0x00000246       0x2e /usr/lib/gcc/arm-none-eabi/14.1.0/../../../../arm-none-eabi/lib/thumb/v7e-m/nofp/libc.a(libc_a-__call_atexit.o)
 .ARM.attributes
                0x00000274       0x1e /usr/lib/gcc/arm-none-eabi/14.1.0/thumb/v7e-m/nofp/crtn.o
OUTPUT(build/final.elf elf32-littlearm)
LOAD linker stubs

.comment        0x00000000       0x3c
 .comment       0x00000000       0x3c build/./src/startup_stm32f446retx.o
                                 0x1f (size before relaxing)
 .comment       0x0000003c       0x1f build/./src/clock.o
 .comment       0x0000003c       0x1f build/./src/main.o
 .comment       0x0000003c       0x1f build/./src/timer.o
 .comment       0x0000003c       0x1f build/./src/ili9488.o
 .comment       0x0000003c       0x1f build/./src/uart.o
 .comment       0x0000003c       0x1f build/./src/spi.o
 .comment       0x0000003c       0x1f /usr/lib/gcc/arm-none-eabi/14.1.0/../../../../arm-none-eabi/lib/thumb/v7e-m/nofp/libc.a(libc_a-atexit.o)
 .comment       0x0000003c       0x1f /usr/lib/gcc/arm-none-eabi/14.1.0/../../../../arm-none-eabi/lib/thumb/v7e-m/nofp/libc.a(libc_a-fini.o)
 .comment       0x0000003c       0x1f /usr/lib/gcc/arm-none-eabi/14.1.0/../../../../arm-none-eabi/lib/thumb/v7e-m/nofp/libc.a(libc_a-lock.o)
 .comment       0x0000003c       0x1f /usr/lib/gcc/arm-none-eabi/14.1.0/../../../../arm-none-eabi/lib/thumb/v7e-m/nofp/libc.a(libc_a-__atexit.o)
 .comment       0x0000003c       0x1f /usr/lib/gcc/arm-none-eabi/14.1.0/../../../../arm-none-eabi/lib/thumb/v7e-m/nofp/libc.a(libc_a-__call_atexit.o)

.debug_info     0x00000000      0x969
 .debug_info    0x00000000      0x11e /usr/lib/gcc/arm-none-eabi/14.1.0/../../../../arm-none-eabi/lib/thumb/v7e-m/nofp/libc.a(libc_a-atexit.o)
 .debug_info    0x0000011e       0xf7 /usr/lib/gcc/arm-none-eabi/14.1.0/../../../../arm-none-eabi/lib/thumb/v7e-m/nofp/libc.a(libc_a-fini.o)
 .debug_info    0x00000215      0x218 /usr/lib/gcc/arm-none-eabi/14.1.0/../../../../arm-none-eabi/lib/thumb/v7e-m/nofp/libc.a(libc_a-lock.o)
 .debug_info    0x0000042d      0x25f /usr/lib/gcc/arm-none-eabi/14.1.0/../../../../arm-none-eabi/lib/thumb/v7e-m/nofp/libc.a(libc_a-__atexit.o)
 .debug_info    0x0000068c      0x2dd /usr/lib/gcc/arm-none-eabi/14.1.0/../../../../arm-none-eabi/lib/thumb/v7e-m/nofp/libc.a(libc_a-__call_atexit.o)

.debug_abbrev   0x00000000      0x637
 .debug_abbrev  0x00000000       0xc1 /usr/lib/gcc/arm-none-eabi/14.1.0/../../../../arm-none-eabi/lib/thumb/v7e-m/nofp/libc.a(libc_a-atexit.o)
 .debug_abbrev  0x000000c1       0xcc /usr/lib/gcc/arm-none-eabi/14.1.0/../../../../arm-none-eabi/lib/thumb/v7e-m/nofp/libc.a(libc_a-fini.o)
 .debug_abbrev  0x0000018d      0x115 /usr/lib/gcc/arm-none-eabi/14.1.0/../../../../arm-none-eabi/lib/thumb/v7e-m/nofp/libc.a(libc_a-lock.o)
 .debug_abbrev  0x000002a2      0x189 /usr/lib/gcc/arm-none-eabi/14.1.0/../../../../arm-none-eabi/lib/thumb/v7e-m/nofp/libc.a(libc_a-__atexit.o)
 .debug_abbrev  0x0000042b      0x20c /usr/lib/gcc/arm-none-eabi/14.1.0/../../../../arm-none-eabi/lib/thumb/v7e-m/nofp/libc.a(libc_a-__call_atexit.o)

.debug_loclists
                0x00000000      0x24c
 .debug_loclists
                0x00000000       0x30 /usr/lib/gcc/arm-none-eabi/14.1.0/../../../../arm-none-eabi/lib/thumb/v7e-m/nofp/libc.a(libc_a-atexit.o)
 .debug_loclists
                0x00000030       0x4c /usr/lib/gcc/arm-none-eabi/14.1.0/../../../../arm-none-eabi/lib/thumb/v7e-m/nofp/libc.a(libc_a-fini.o)
 .debug_loclists
                0x0000007c       0x29 /usr/lib/gcc/arm-none-eabi/14.1.0/../../../../arm-none-eabi/lib/thumb/v7e-m/nofp/libc.a(libc_a-lock.o)
 .debug_loclists
                0x000000a5       0x8e /usr/lib/gcc/arm-none-eabi/14.1.0/../../../../arm-none-eabi/lib/thumb/v7e-m/nofp/libc.a(libc_a-__atexit.o)
 .debug_loclists
                0x00000133      0x119 /usr/lib/gcc/arm-none-eabi/14.1.0/../../../../arm-none-eabi/lib/thumb/v7e-m/nofp/libc.a(libc_a-__call_atexit.o)

.debug_aranges  0x00000000       0xf0
 .debug_aranges
                0x00000000       0x20 /usr/lib/gcc/arm-none-eabi/14.1.0/../../../../arm-none-eabi/lib/thumb/v7e-m/nofp/libc.a(libc_a-atexit.o)
 .debug_aranges
                0x00000020       0x20 /usr/lib/gcc/arm-none-eabi/14.1.0/../../../../arm-none-eabi/lib/thumb/v7e-m/nofp/libc.a(libc_a-fini.o)
 .debug_aranges
                0x00000040       0x68 /usr/lib/gcc/arm-none-eabi/14.1.0/../../../../arm-none-eabi/lib/thumb/v7e-m/nofp/libc.a(libc_a-lock.o)
 .debug_aranges
                0x000000a8       0x20 /usr/lib/gcc/arm-none-eabi/14.1.0/../../../../arm-none-eabi/lib/thumb/v7e-m/nofp/libc.a(libc_a-__atexit.o)
 .debug_aranges
                0x000000c8       0x28 /usr/lib/gcc/arm-none-eabi/14.1.0/../../../../arm-none-eabi/lib/thumb/v7e-m/nofp/libc.a(libc_a-__call_atexit.o)

.debug_rnglists
                0x00000000       0xbd
 .debug_rnglists
                0x00000000       0x13 /usr/lib/gcc/arm-none-eabi/14.1.0/../../../../arm-none-eabi/lib/thumb/v7e-m/nofp/libc.a(libc_a-atexit.o)
 .debug_rnglists
                0x00000013       0x13 /usr/lib/gcc/arm-none-eabi/14.1.0/../../../../arm-none-eabi/lib/thumb/v7e-m/nofp/libc.a(libc_a-fini.o)
 .debug_rnglists
                0x00000026       0x49 /usr/lib/gcc/arm-none-eabi/14.1.0/../../../../arm-none-eabi/lib/thumb/v7e-m/nofp/libc.a(libc_a-lock.o)
 .debug_rnglists
                0x0000006f       0x14 /usr/lib/gcc/arm-none-eabi/14.1.0/../../../../arm-none-eabi/lib/thumb/v7e-m/nofp/libc.a(libc_a-__atexit.o)
 .debug_rnglists
                0x00000083       0x3a /usr/lib/gcc/arm-none-eabi/14.1.0/../../../../arm-none-eabi/lib/thumb/v7e-m/nofp/libc.a(libc_a-__call_atexit.o)

.debug_line     0x00000000      0x792
 .debug_line    0x00000000       0xe4 /usr/lib/gcc/arm-none-eabi/14.1.0/../../../../arm-none-eabi/lib/thumb/v7e-m/nofp/libc.a(libc_a-atexit.o)
 .debug_line    0x000000e4       0xe8 /usr/lib/gcc/arm-none-eabi/14.1.0/../../../../arm-none-eabi/lib/thumb/v7e-m/nofp/libc.a(libc_a-fini.o)
 .debug_line    0x000001cc      0x17d /usr/lib/gcc/arm-none-eabi/14.1.0/../../../../arm-none-eabi/lib/thumb/v7e-m/nofp/libc.a(libc_a-lock.o)
 .debug_line    0x00000349      0x196 /usr/lib/gcc/arm-none-eabi/14.1.0/../../../../arm-none-eabi/lib/thumb/v7e-m/nofp/libc.a(libc_a-__atexit.o)
 .debug_line    0x000004df      0x2b3 /usr/lib/gcc/arm-none-eabi/14.1.0/../../../../arm-none-eabi/lib/thumb/v7e-m/nofp/libc.a(libc_a-__call_atexit.o)

.debug_str      0x00000000      0x5bd
 .debug_str     0x00000000      0x5bd /usr/lib/gcc/arm-none-eabi/14.1.0/../../../../arm-none-eabi/lib/thumb/v7e-m/nofp/libc.a(libc_a-atexit.o)
                                0x1f8 (size before relaxing)
 .debug_str     0x000005bd      0x1f2 /usr/lib/gcc/arm-none-eabi/14.1.0/../../../../arm-none-eabi/lib/thumb/v7e-m/nofp/libc.a(libc_a-fini.o)
 .debug_str     0x000005bd      0x352 /usr/lib/gcc/arm-none-eabi/14.1.0/../../../../arm-none-eabi/lib/thumb/v7e-m/nofp/libc.a(libc_a-lock.o)
 .debug_str     0x000005bd      0x2cf /usr/lib/gcc/arm-none-eabi/14.1.0/../../../../arm-none-eabi/lib/thumb/v7e-m/nofp/libc.a(libc_a-__atexit.o)
 .debug_str     0x000005bd      0x2f8 /usr/lib/gcc/arm-none-eabi/14.1.0/../../../../arm-none-eabi/lib/thumb/v7e-m/nofp/libc.a(libc_a-__call_atexit.o)

.debug_frame    0x00000000      0x194
 .debug_frame   0x00000000       0x20 /usr/lib/gcc/arm-none-eabi/14.1.0/../../../../arm-none-eabi/lib/thumb/v7e-m/nofp/libc.a(libc_a-atexit.o)
 .debug_frame   0x00000020       0x34 /usr/lib/gcc/arm-none-eabi/14.1.0/../../../../arm-none-eabi/lib/thumb/v7e-m/nofp/libc.a(libc_a-fini.o)
 .debug_frame   0x00000054       0xb0 /usr/lib/gcc/arm-none-eabi/14.1.0/../../../../arm-none-eabi/lib/thumb/v7e-m/nofp/libc.a(libc_a-lock.o)
 .debug_frame   0x00000104       0x34 /usr/lib/gcc/arm-none-eabi/14.1.0/../../../../arm-none-eabi/lib/thumb/v7e-m/nofp/libc.a(libc_a-__atexit.o)
 .debug_frame   0x00000138       0x5c /usr/lib/gcc/arm-none-eabi/14.1.0/../../../../arm-none-eabi/lib/thumb/v7e-m/nofp/libc.a(libc_a-__call_atexit.o)
