Archive member included to satisfy reference by file (symbol)

/usr/lib/gcc/arm-none-eabi/14.1.0/thumb/v7e-m/nofp/libgcc.a(_arm_mulsf3.o)
                              build/./src/dht.o (__aeabi_fmul)
/usr/lib/gcc/arm-none-eabi/14.1.0/thumb/v7e-m/nofp/libgcc.a(_arm_addsubsf3.o)
                              build/./src/dht.o (__aeabi_fadd)
/usr/lib/gcc/arm-none-eabi/14.1.0/thumb/v7e-m/nofp/libgcc.a(_arm_muldivsf3.o)
                              build/./src/dht.o (__aeabi_fdiv)
/usr/lib/gcc/arm-none-eabi/14.1.0/../../../../arm-none-eabi/lib/thumb/v7e-m/nofp/libc.a(libc_a-atexit.o)
                              /usr/lib/gcc/arm-none-eabi/14.1.0/../../../../arm-none-eabi/lib/thumb/v7e-m/nofp/crt0.o (atexit)
/usr/lib/gcc/arm-none-eabi/14.1.0/../../../../arm-none-eabi/lib/thumb/v7e-m/nofp/libc.a(libc_a-exit.o)
                              /usr/lib/gcc/arm-none-eabi/14.1.0/../../../../arm-none-eabi/lib/thumb/v7e-m/nofp/crt0.o (exit)
/usr/lib/gcc/arm-none-eabi/14.1.0/../../../../arm-none-eabi/lib/thumb/v7e-m/nofp/libc.a(libc_a-findfp.o)
                              /usr/lib/gcc/arm-none-eabi/14.1.0/../../../../arm-none-eabi/lib/thumb/v7e-m/nofp/libc.a(libc_a-exit.o) (__stdio_exit_handler)
/usr/lib/gcc/arm-none-eabi/14.1.0/../../../../arm-none-eabi/lib/thumb/v7e-m/nofp/libc.a(libc_a-fwalk.o)
                              /usr/lib/gcc/arm-none-eabi/14.1.0/../../../../arm-none-eabi/lib/thumb/v7e-m/nofp/libc.a(libc_a-findfp.o) (_fwalk_sglue)
/usr/lib/gcc/arm-none-eabi/14.1.0/../../../../arm-none-eabi/lib/thumb/v7e-m/nofp/libc.a(libc_a-stdio.o)
                              /usr/lib/gcc/arm-none-eabi/14.1.0/../../../../arm-none-eabi/lib/thumb/v7e-m/nofp/libc.a(libc_a-findfp.o) (__sread)
/usr/lib/gcc/arm-none-eabi/14.1.0/../../../../arm-none-eabi/lib/thumb/v7e-m/nofp/libc.a(libc_a-vsnprintf.o)
                              build/./src/debug.o (vsnprintf)
/usr/lib/gcc/arm-none-eabi/14.1.0/../../../../arm-none-eabi/lib/thumb/v7e-m/nofp/libc.a(libc_a-memset.o)
                              /usr/lib/gcc/arm-none-eabi/14.1.0/../../../../arm-none-eabi/lib/thumb/v7e-m/nofp/crt0.o (memset)
/usr/lib/gcc/arm-none-eabi/14.1.0/../../../../arm-none-eabi/lib/thumb/v7e-m/nofp/libc.a(libc_a-closer.o)
                              /usr/lib/gcc/arm-none-eabi/14.1.0/../../../../arm-none-eabi/lib/thumb/v7e-m/nofp/libc.a(libc_a-stdio.o) (_close_r)
/usr/lib/gcc/arm-none-eabi/14.1.0/../../../../arm-none-eabi/lib/thumb/v7e-m/nofp/libc.a(libc_a-reent.o)
                              /usr/lib/gcc/arm-none-eabi/14.1.0/../../../../arm-none-eabi/lib/thumb/v7e-m/nofp/libc.a(libc_a-closer.o) (errno)
/usr/lib/gcc/arm-none-eabi/14.1.0/../../../../arm-none-eabi/lib/thumb/v7e-m/nofp/libc.a(libc_a-impure.o)
                              /usr/lib/gcc/arm-none-eabi/14.1.0/../../../../arm-none-eabi/lib/thumb/v7e-m/nofp/libc.a(libc_a-vsnprintf.o) (_impure_ptr)
/usr/lib/gcc/arm-none-eabi/14.1.0/../../../../arm-none-eabi/lib/thumb/v7e-m/nofp/libc.a(libc_a-lseekr.o)
                              /usr/lib/gcc/arm-none-eabi/14.1.0/../../../../arm-none-eabi/lib/thumb/v7e-m/nofp/libc.a(libc_a-stdio.o) (_lseek_r)
/usr/lib/gcc/arm-none-eabi/14.1.0/../../../../arm-none-eabi/lib/thumb/v7e-m/nofp/libc.a(libc_a-readr.o)
                              /usr/lib/gcc/arm-none-eabi/14.1.0/../../../../arm-none-eabi/lib/thumb/v7e-m/nofp/libc.a(libc_a-stdio.o) (_read_r)
/usr/lib/gcc/arm-none-eabi/14.1.0/../../../../arm-none-eabi/lib/thumb/v7e-m/nofp/libc.a(libc_a-writer.o)
                              /usr/lib/gcc/arm-none-eabi/14.1.0/../../../../arm-none-eabi/lib/thumb/v7e-m/nofp/libc.a(libc_a-stdio.o) (_write_r)
/usr/lib/gcc/arm-none-eabi/14.1.0/../../../../arm-none-eabi/lib/thumb/v7e-m/nofp/libc.a(libc_a-errno.o)
                              build/./src/syscalls.o (__errno)
/usr/lib/gcc/arm-none-eabi/14.1.0/../../../../arm-none-eabi/lib/thumb/v7e-m/nofp/libc.a(libc_a-init.o)
                              /usr/lib/gcc/arm-none-eabi/14.1.0/../../../../arm-none-eabi/lib/thumb/v7e-m/nofp/crt0.o (__libc_init_array)
/usr/lib/gcc/arm-none-eabi/14.1.0/../../../../arm-none-eabi/lib/thumb/v7e-m/nofp/libc.a(libc_a-fini.o)
                              /usr/lib/gcc/arm-none-eabi/14.1.0/../../../../arm-none-eabi/lib/thumb/v7e-m/nofp/crt0.o (__libc_fini_array)
/usr/lib/gcc/arm-none-eabi/14.1.0/../../../../arm-none-eabi/lib/thumb/v7e-m/nofp/libc.a(libc_a-lock.o)
                              /usr/lib/gcc/arm-none-eabi/14.1.0/../../../../arm-none-eabi/lib/thumb/v7e-m/nofp/libc.a(libc_a-findfp.o) (__retarget_lock_init_recursive)
/usr/lib/gcc/arm-none-eabi/14.1.0/../../../../arm-none-eabi/lib/thumb/v7e-m/nofp/libc.a(libc_a-__atexit.o)
                              /usr/lib/gcc/arm-none-eabi/14.1.0/../../../../arm-none-eabi/lib/thumb/v7e-m/nofp/libc.a(libc_a-atexit.o) (__register_exitproc)
/usr/lib/gcc/arm-none-eabi/14.1.0/../../../../arm-none-eabi/lib/thumb/v7e-m/nofp/libc.a(libc_a-__call_atexit.o)
[...]
Memory Configuration

Name             Origin             Length             Attributes
RAM              0x20000000         0x00020000         xrw
FLASH            0x08000000         0x00080000         xr
*default*        0x00000000         0xffffffff

Linker script and memory map

LOAD /usr/lib/gcc/arm-none-eabi/14.1.0/thumb/v7e-m/nofp/crti.o
LOAD /usr/lib/gcc/arm-none-eabi/14.1.0/thumb/v7e-m/nofp/crtbegin.o
LOAD /usr/lib/gcc/arm-none-eabi/14.1.0/../../../../arm-none-eabi/lib/thumb/v7e-m/nofp/crt0.o
LOAD build/./src/startup_stm32f446retx.o
LOAD build/./src/dma.o
LOAD build/./src/clock.o
LOAD build/./src/system_stm32f4xx.o
LOAD build/./src/main.o
LOAD build/./src/timer.o
LOAD build/./src/syscalls.o
LOAD build/./src/debug.o
LOAD build/./src/uart.o
LOAD build/./src/adc.o
LOAD build/./src/pwm.o
LOAD build/./src/spi.o
LOAD build/./src/i2c.o
LOAD build/./src/dht.o
LOAD /usr/lib/gcc/arm-none-eabi/14.1.0/thumb/v7e-m/nofp/libgcc.a
START GROUP
LOAD /usr/lib/gcc/arm-none-eabi/14.1.0/thumb/v7e-m/nofp/libgcc.a
LOAD /usr/lib/gcc/arm-none-eabi/14.1.0/../../../../arm-none-eabi/lib/thumb/v7e-m/nofp/libc.a
END GROUP
START GROUP
LOAD /usr/lib/gcc/arm-none-eabi/14.1.0/thumb/v7e-m/nofp/libgcc.a
LOAD /usr/lib/gcc/arm-none-eabi/14.1.0/../../../../arm-none-eabi/lib/thumb/v7e-m/nofp/libc.a
LOAD /usr/lib/gcc/arm-none-eabi/14.1.0/../../../../arm-none-eabi/lib/thumb/v7e-m/nofp/libnosys.a
END GROUP
LOAD /usr/lib/gcc/arm-none-eabi/14.1.0/thumb/v7e-m/nofp/crtend.o
LOAD /usr/lib/gcc/arm-none-eabi/14.1.0/thumb/v7e-m/nofp/crtn.o
                0x20020000                        _estack = (ORIGIN (RAM) + LENGTH (RAM))
                0x00000200                        _Min_Heap_Size = 0x200
                0x00000400                        _Min_Stack_Size = 0x400

.isr_vector     0x08000000      0x1c4
                0x08000000                        . = ALIGN (0x4)
 *(.isr_vector)
 .isr_vector    0x08000000      0x1c4 build/./src/startup_stm32f446retx.o
                0x08000000                vectors
                0x080001c4                        . = ALIGN (0x4)

.text           0x080001c4      0xb60
                0x080001c4                        . = ALIGN (0x4)
 *(.text)
 *(.text*)
 .text.__do_global_dtors_aux
                0x080001c4       0x24 /usr/lib/gcc/arm-none-eabi/14.1.0/thumb/v7e-m/nofp/crtbegin.o
 .text.frame_dummy
                0x080001e8       0x1c /usr/lib/gcc/arm-none-eabi/14.1.0/thumb/v7e-m/nofp/crtbegin.o
 .text.Reset_Handler
                0x08000204       0xa4 build/./src/startup_stm32f446retx.o
                0x08000204                Reset_Handler
 .text.Default_Handler
                0x080002a8        0x8 build/./src/startup_stm32f446retx.o
                0x080002a8                RTC_Alarm_IRQHandler
                0x080002a8                EXTI2_IRQHandler
                0x080002a8                TIM8_CC_IRQHandler
                0x080002a8                DebugMon_Handler
                0x080002a8                FMPI2C1_EV_IRQHandler
                0x080002a8                SPI4_IRQHandler
                0x080002a8                TIM1_CC_IRQHandler
                0x080002a8                DMA2_Stream5_IRQHandler
                0x080002a8                HardFault_Handler
                0x080002a8                DMA1_Stream5_IRQHandler
                0x080002a8                SysTick_Handler
                0x080002a8                PVD_IRQHandler
                0x080002a8                SDIO_IRQHandler
                0x080002a8                TAMP_STAMP_IRQHandler
                0x080002a8                PendSV_Handler
                0x080002a8                NMI_Handler
                0x080002a8                CAN2_RX1_IRQHandler
                0x080002a8                EXTI3_IRQHandler
                0x080002a8                TIM8_TRG_COM_TIM14_IRQHandler
                0x080002a8                TIM1_UP_TIM10_IRQHandler
                0x080002a8                TIM8_UP_TIM13_IRQHandler
                0x080002a8                I2C3_ER_IRQHandler
                0x080002a8                EXTI0_IRQHandler
                0x080002a8                I2C2_EV_IRQHandler
                0x080002a8                DMA1_Stream2_IRQHandler
                0x080002a8                CAN1_RX0_IRQHandler
                0x080002a8                FPU_IRQHandler
                0x080002a8                OTG_HS_WKUP_IRQHandler
                0x080002a8                UsageFault_Handler
                0x080002a8                CAN2_SCE_IRQHandler
                0x080002a8                DMA2_Stream2_IRQHandler
                0x080002a8                SPI1_IRQHandler
                0x080002a8                TIM6_DAC_IRQHandler
                0x080002a8                TIM1_BRK_TIM9_IRQHandler
                0x080002a8                DCMI_IRQHandler
                0x080002a8                CAN2_RX0_IRQHandler
                0x080002a8                DMA2_Stream3_IRQHandler
                0x080002a8                SAI2_IRQHandler
                0x080002a8                USART6_IRQHandler
                0x080002a8                USART3_IRQHandler
                0x080002a8                CAN1_RX1_IRQHandler
                0x080002a8                UART5_IRQHandler
                0x080002a8                DMA2_Stream0_IRQHandler
                0x080002a8                TIM4_IRQHandler
                0x080002a8                QUADSPI_IRQHandler
                0x080002a8                I2C1_EV_IRQHandler
                0x080002a8                DMA1_Stream6_IRQHandler
                0x080002a8                DMA1_Stream1_IRQHandler
                0x080002a8                UART4_IRQHandler
                0x080002a8                TIM3_IRQHandler
                0x080002a8                RCC_IRQHandler
                0x080002a8                TIM8_BRK_TIM12_IRQHandler
                0x080002a8                Default_Handler
                0x080002a8                CEC_IRQHandler
                0x080002a8                EXTI15_10_IRQHandler
                0x080002a8                ADC_IRQHandler
                0x080002a8                DMA1_Stream7_IRQHandler
                0x080002a8                TIM7_IRQHandler
                0x080002a8                CAN2_TX_IRQHandler
                0x080002a8                TIM5_IRQHandler
                0x080002a8                DMA2_Stream7_IRQHandler
                0x080002a8                I2C3_EV_IRQHandler
                0x080002a8                EXTI9_5_IRQHandler
                0x080002a8                RTC_WKUP_IRQHandler
                0x080002a8                SPDIF_RX_IRQHandler
                0x080002a8                SPI2_IRQHandler
                0x080002a8                OTG_HS_EP1_IN_IRQHandler
                0x080002a8                MemManage_Handler
                0x080002a8                DMA1_Stream0_IRQHandler
                0x080002a8                CAN1_TX_IRQHandler
                0x080002a8                SVC_Handler
                0x080002a8                FMPI2C1_ER_IRQHandler
                0x080002a8                EXTI4_IRQHandler
                0x080002a8                OTG_HS_EP1_OUT_IRQHandler
                0x080002a8                WWDG_IRQHandler
                0x080002a8                OTG_FS_WKUP_IRQHandler
                0x080002a8                TIM1_TRG_COM_TIM11_IRQHandler
                0x080002a8                OTG_HS_IRQHandler
                0x080002a8                EXTI1_IRQHandler
                0x080002a8                I2C2_ER_IRQHandler
                0x080002a8                DMA2_Stream1_IRQHandler
                0x080002a8                CAN1_SCE_IRQHandler
                0x080002a8                FLASH_IRQHandler
                0x080002a8                DMA2_Stream4_IRQHandler
                0x080002a8                BusFault_Handler
                0x080002a8                USART1_IRQHandler
                0x080002a8                OTG_FS_IRQHandler
                0x080002a8                SPI3_IRQHandler
                0x080002a8                DMA1_Stream4_IRQHandler
                0x080002a8                I2C1_ER_IRQHandler
                0x080002a8                FMC_IRQHandler
                0x080002a8                DMA2_Stream6_IRQHandler
                0x080002a8                SAI1_IRQHandler
                0x080002a8                DMA1_Stream3_IRQHandler
 .text.SetSystemClock
                0x080002b0       0xec build/./src/clock.o
                0x080002b0                SetSystemClock
 .text.SetSystemClock180MHz
                0x0800039c       0x12 build/./src/clock.o
                0x0800039c                SetSystemClock180MHz
 *fill*         0x080003ae        0x2 
 .text.GetAHB1Clock
                0x080003b0       0xdc build/./src/clock.o
                0x080003b0                GetAHB1Clock
 .text.GetAPB1Clock
                0x0800048c       0x28 build/./src/clock.o
                0x0800048c                GetAPB1Clock
 .text.I2C_GPIO_Init
                0x080004b4       0x5c build/./src/main.o
                0x080004b4                I2C_GPIO_Init
 .text.main     0x08000510       0x68 build/./src/main.o
                0x08000510                main
 .text.__NVIC_EnableIRQ
                0x08000578       0x38 build/./src/timer.o
 .text.TIM2_Init
                0x080005b0       0x88 build/./src/timer.o
                0x080005b0                TIM2_Init
 .text.TIM2_IRQHandler
                0x08000638       0x38 build/./src/timer.o
                0x08000638                TIM2_IRQHandler
 .text.GetTick  0x08000670       0x24 build/./src/timer.o
                0x08000670                GetTick
 .text.__NVIC_EnableIRQ
                0x08000694       0x38 build/./src/uart.o
 .text.UartInit
                0x080006cc       0xa4 build/./src/uart.o
                0x080006cc                UartInit
 .text.USART_Handle_RxNIE
                0x08000770       0x64 build/./src/uart.o
 .text.USART2_IRQHandler
                0x080007d4       0x1c build/./src/uart.o
                0x080007d4                USART2_IRQHandler
 .text.I2C_WaitFlagTimeout
                0x080007f0       0x40 build/./src/i2c.o
 .text.I2C_CheckValidation
                0x08000830       0x44 build/./src/i2c.o
 .text.I2C_PeripheralControl
                0x08000874       0x36 build/./src/i2c.o
 *fill*         0x080008aa        0x2 
 .text.I2C_EnableClock
                0x080008ac       0x64 build/./src/i2c.o
 .text.I2C_ACKControl
                0x08000910       0x3e build/./src/i2c.o
                0x08000910                I2C_ACKControl
 .text.I2C_GenStartCondition
                0x0800094e       0x2a build/./src/i2c.o
                0x0800094e                I2C_GenStartCondition
 .text.I2C_MasterSendAddress
                0x08000978       0x34 build/./src/i2c.o
                0x08000978                I2C_MasterSendAddress
 .text.I2C_GenStopCondition
                0x080009ac       0x20 build/./src/i2c.o
                0x080009ac                I2C_GenStopCondition
 .text.I2C_Init
                0x080009cc      0x114 build/./src/i2c.o
                0x080009cc                I2C_Init
 .text.I2C_MasterSendData
                0x08000ae0       0xb6 build/./src/i2c.o
                0x08000ae0                I2C_MasterSendData
 .text.I2C_MasterReceiveData
                0x08000b96       0xa4 build/./src/i2c.o
                0x08000b96                I2C_MasterReceiveData
 *fill*         0x08000c3a        0x2 
 .text.atexit   0x08000c3c        0xc /usr/lib/gcc/arm-none-eabi/14.1.0/../../../../arm-none-eabi/lib/thumb/v7e-m/nofp/libc.a(libc_a-atexit.o)
                0x08000c3c                atexit
 .text.__libc_fini_array
                0x08000c48       0x28 /usr/lib/gcc/arm-none-eabi/14.1.0/../../../../arm-none-eabi/lib/thumb/v7e-m/nofp/libc.a(libc_a-fini.o)
                0x08000c48                __libc_fini_array
 .text.__retarget_lock_acquire_recursive
                0x08000c70        0x4 /usr/lib/gcc/arm-none-eabi/14.1.0/../../../../arm-none-eabi/lib/thumb/v7e-m/nofp/libc.a(libc_a-lock.o)
                0x08000c70                __retarget_lock_acquire_recursive
 .text.__retarget_lock_release_recursive
                0x08000c74        0x4 /usr/lib/gcc/arm-none-eabi/14.1.0/../../../../arm-none-eabi/lib/thumb/v7e-m/nofp/libc.a(libc_a-lock.o)
                0x08000c74                __retarget_lock_release_recursive
 .text.__register_exitproc
                0x08000c78       0x80 /usr/lib/gcc/arm-none-eabi/14.1.0/../../../../arm-none-eabi/lib/thumb/v7e-m/nofp/libc.a(libc_a-__atexit.o)
                0x08000c78                __register_exitproc
 .text.startup.register_fini
                0x08000cf8       0x14 /usr/lib/gcc/arm-none-eabi/14.1.0/../../../../arm-none-eabi/lib/thumb/v7e-m/nofp/libc.a(libc_a-__call_atexit.o)
 *(.glue_7)
 .glue_7        0x08000d0c        0x0 linker stubs
 *(.glue_7t)
 .glue_7t       0x08000d0c        0x0 linker stubs
 *(.eh_frame)
 .eh_frame      0x08000d0c        0x0 /usr/lib/gcc/arm-none-eabi/14.1.0/thumb/v7e-m/nofp/crtbegin.o
 *(.init)
 .init          0x08000d0c        0x4 /usr/lib/gcc/arm-none-eabi/14.1.0/thumb/v7e-m/nofp/crti.o
                0x08000d0c                _init
 .init          0x08000d10        0x8 /usr/lib/gcc/arm-none-eabi/14.1.0/thumb/v7e-m/nofp/crtn.o
 *(.fini)
 .fini          0x08000d18        0x4 /usr/lib/gcc/arm-none-eabi/14.1.0/thumb/v7e-m/nofp/crti.o
                0x08000d18                _fini
 .fini          0x08000d1c        0x8 /usr/lib/gcc/arm-none-eabi/14.1.0/thumb/v7e-m/nofp/crtn.o
                0x08000d24                        . = ALIGN (0x4)
                0x08000d24                        _etext = .

.vfp11_veneer   0x08000d24        0x0
 .vfp11_veneer  0x08000d24        0x0 linker stubs

.v4_bx          0x08000d24        0x0
 .v4_bx         0x08000d24        0x0 linker stubs

.iplt           0x08000d24        0x0
 .iplt          0x08000d24        0x0 /usr/lib/gcc/arm-none-eabi/14.1.0/thumb/v7e-m/nofp/crtbegin.o

.rodata         0x08000d24       0x18
                0x08000d24                        . = ALIGN (0x4)
 *(.rodata)
 *(.rodata*)
 .rodata.AHBPrescTable
                0x08000d24       0x10 build/./src/system_stm32f4xx.o
                0x08000d24                AHBPrescTable
 .rodata.APBPrescTable
                0x08000d34        0x8 build/./src/system_stm32f4xx.o
                0x08000d34                APBPrescTable
                0x08000d3c                        . = ALIGN (0x4)

.ARM.extab      0x08000d3c        0x0
                0x08000d3c                        . = ALIGN (0x4)
 *(.ARM.extab* .gnu.linkonce.armextab.*)
                0x08000d3c                        . = ALIGN (0x4)

.ARM            0x08000d3c        0x0
                0x08000d3c                        . = ALIGN (0x4)
                0x08000d3c                        __exidx_start = .
 *(.ARM.exidx*)
                0x08000d3c                        __exidx_end = .
                0x08000d3c                        . = ALIGN (0x4)

.preinit_array  0x08000d3c        0x0
                0x08000d3c                        . = ALIGN (0x4)
                0x08000d3c                        PROVIDE (__preinit_array_start = .)
 *(.preinit_array*)
                0x08000d3c                        PROVIDE (__preinit_array_end = .)
                0x08000d3c                        . = ALIGN (0x4)

.init_array     0x08000d3c        0x8
                0x08000d3c                        . = ALIGN (0x4)
                0x08000d3c                        PROVIDE (__init_array_start = .)
 *(SORT_BY_NAME(.init_array.*))
 .init_array.00000
                0x08000d3c        0x4 /usr/lib/gcc/arm-none-eabi/14.1.0/../../../../arm-none-eabi/lib/thumb/v7e-m/nofp/libc.a(libc_a-__call_atexit.o)
 *(.init_array*)
 .init_array    0x08000d40        0x4 /usr/lib/gcc/arm-none-eabi/14.1.0/thumb/v7e-m/nofp/crtbegin.o
                0x08000d44                        PROVIDE (__init_array_end = .)
                0x08000d44                        . = ALIGN (0x4)

.fini_array     0x08000d44        0x4
                0x08000d44                        . = ALIGN (0x4)
                0x08000d44                        PROVIDE (__fini_array_start = .)
 *(SORT_BY_NAME(.fini_array.*))
 *(.fini_array*)
 .fini_array    0x08000d44        0x4 /usr/lib/gcc/arm-none-eabi/14.1.0/thumb/v7e-m/nofp/crtbegin.o
                0x08000d48                        PROVIDE (__fini_array_end = .)
                0x08000d48                        . = ALIGN (0x4)
                0x08000d48                        _sidata = LOADADDR (.data)

.rel.dyn        0x08000d48        0x0
 .rel.iplt      0x08000d48        0x0 /usr/lib/gcc/arm-none-eabi/14.1.0/thumb/v7e-m/nofp/crtbegin.o

.data           0x20000000        0x4 load address 0x08000d48
                0x20000000                        . = ALIGN (0x4)
                0x20000000                        _sdata = .
 *(.data)
 *(.data*)
 .data.__atexit_recursive_mutex
                0x20000000        0x4 /usr/lib/gcc/arm-none-eabi/14.1.0/../../../../arm-none-eabi/lib/thumb/v7e-m/nofp/libc.a(libc_a-__call_atexit.o)
                0x20000000                __atexit_recursive_mutex
 *(.RamFunc)
 *(.RamFunc*)
                0x20000004                        . = ALIGN (0x4)
                0x20000004                        _edata = .

.igot.plt       0x20000004        0x0 load address 0x08000d4c
 .igot.plt      0x20000004        0x0 /usr/lib/gcc/arm-none-eabi/14.1.0/thumb/v7e-m/nofp/crtbegin.o
                0x20000004                        . = ALIGN (0x4)

.bss            0x20000004      0x1c4 load address 0x08000d4c
                0x20000004                        _sbss = .
                0x20000004                        __bss_start__ = _sbss
 *(.bss)
 *(.bss*)
 .bss.completed.1
                0x20000004        0x1 /usr/lib/gcc/arm-none-eabi/14.1.0/thumb/v7e-m/nofp/crtbegin.o
 *fill*         0x20000005        0x3 
 .bss.object.0  0x20000008       0x18 /usr/lib/gcc/arm-none-eabi/14.1.0/thumb/v7e-m/nofp/crtbegin.o
 .bss.tick      0x20000020        0x4 build/./src/timer.o
 .bss.handle    0x20000024        0xc build/./src/uart.o
 .bss.__lock___atexit_recursive_mutex
                0x20000030        0x1 /usr/lib/gcc/arm-none-eabi/14.1.0/../../../../arm-none-eabi/lib/thumb/v7e-m/nofp/libc.a(libc_a-lock.o)
                0x20000030                __lock___atexit_recursive_mutex
 *fill*         0x20000031        0x3 
 .bss.__atexit0
                0x20000034      0x190 /usr/lib/gcc/arm-none-eabi/14.1.0/../../../../arm-none-eabi/lib/thumb/v7e-m/nofp/libc.a(libc_a-__atexit.o)
                0x20000034                __atexit0
 .bss.__atexit  0x200001c4        0x4 /usr/lib/gcc/arm-none-eabi/14.1.0/../../../../arm-none-eabi/lib/thumb/v7e-m/nofp/libc.a(libc_a-__call_atexit.o)
                0x200001c4                __atexit
 *(COMMON)
                0x200001c8                        . = ALIGN (0x4)
                0x200001c8                        _ebss = .
                0x200001c8                        __bss_end__ = _ebss

._user_heap_stack
                0x200001c8      0x600 load address 0x08000d4c
                0x200001c8                        . = ALIGN (0x8)
                0x200001c8                        PROVIDE (end = .)
                [!provide]                        PROVIDE (_end = .)
                0x200003c8                        . = (. + _Min_Heap_Size)
 *fill*         0x200001c8      0x200 
                0x200007c8                        . = (. + _Min_Stack_Size)
 *fill*         0x200003c8      0x400 
                0x200007c8                        . = ALIGN (0x8)

.ARM.attributes
                0x00000000       0x2a
 *(.ARM.attributes)
 .ARM.attributes
                0x00000000       0x1e /usr/lib/gcc/arm-none-eabi/14.1.0/thumb/v7e-m/nofp/crti.o
 .ARM.attributes
                0x0000001e       0x2e /usr/lib/gcc/arm-none-eabi/14.1.0/thumb/v7e-m/nofp/crtbegin.o
 .ARM.attributes
                0x0000004c       0x2e build/./src/startup_stm32f446retx.o
 .ARM.attributes
                0x0000007a       0x2e build/./src/clock.o
 .ARM.attributes
                0x000000a8       0x2e build/./src/system_stm32f4xx.o
 .ARM.attributes
                0x000000d6       0x2e build/./src/main.o
 .ARM.attributes
                0x00000104       0x2e build/./src/timer.o
 .ARM.attributes
                0x00000132       0x2e build/./src/uart.o
 .ARM.attributes
                0x00000160       0x2e build/./src/i2c.o
 .ARM.attributes
                0x0000018e       0x2e /usr/lib/gcc/arm-none-eabi/14.1.0/../../../../arm-none-eabi/lib/thumb/v7e-m/nofp/libc.a(libc_a-atexit.o)
 .ARM.attributes
                0x000001bc       0x2e /usr/lib/gcc/arm-none-eabi/14.1.0/../../../../arm-none-eabi/lib/thumb/v7e-m/nofp/libc.a(libc_a-fini.o)
 .ARM.attributes
                0x000001ea       0x2e /usr/lib/gcc/arm-none-eabi/14.1.0/../../../../arm-none-eabi/lib/thumb/v7e-m/nofp/libc.a(libc_a-lock.o)
 .ARM.attributes
                0x00000218       0x2e /usr/lib/gcc/arm-none-eabi/14.1.0/../../../../arm-none-eabi/lib/thumb/v7e-m/nofp/libc.a(libc_a-__atexit.o)
 .ARM.attributes
                0x00000246       0x2e /usr/lib/gcc/arm-none-eabi/14.1.0/../../../../arm-none-eabi/lib/thumb/v7e-m/nofp/libc.a(libc_a-__call_atexit.o)
 .ARM.attributes
                0x00000274       0x1e /usr/lib/gcc/arm-none-eabi/14.1.0/thumb/v7e-m/nofp/crtn.o
OUTPUT(build/final.elf elf32-littlearm)
LOAD linker stubs

.debug_info     0x00000000     0x35d6
 .debug_info    0x00000000      0x1ff build/./src/startup_stm32f446retx.o
 .debug_info    0x000001ff      0x522 build/./src/clock.o
 .debug_info    0x00000721      0x3f3 build/./src/system_stm32f4xx.o
 .debug_info    0x00000b14      0x64d build/./src/main.o
 .debug_info    0x00001161      0x965 build/./src/timer.o
 .debug_info    0x00001ac6      0x9f9 build/./src/uart.o
 .debug_info    0x000024bf      0x7ae build/./src/i2c.o
 .debug_info    0x00002c6d      0x11e /usr/lib/gcc/arm-none-eabi/14.1.0/../../../../arm-none-eabi/lib/thumb/v7e-m/nofp/libc.a(libc_a-atexit.o)
 .debug_info    0x00002d8b       0xf7 /usr/lib/gcc/arm-none-eabi/14.1.0/../../../../arm-none-eabi/lib/thumb/v7e-m/nofp/libc.a(libc_a-fini.o)
 .debug_info    0x00002e82      0x218 /usr/lib/gcc/arm-none-eabi/14.1.0/../../../../arm-none-eabi/lib/thumb/v7e-m/nofp/libc.a(libc_a-lock.o)
 .debug_info    0x0000309a      0x25f /usr/lib/gcc/arm-none-eabi/14.1.0/../../../../arm-none-eabi/lib/thumb/v7e-m/nofp/libc.a(libc_a-__atexit.o)
 .debug_info    0x000032f9      0x2dd /usr/lib/gcc/arm-none-eabi/14.1.0/../../../../arm-none-eabi/lib/thumb/v7e-m/nofp/libc.a(libc_a-__call_atexit.o)

.debug_abbrev   0x00000000     0x108d
 .debug_abbrev  0x00000000      0x123 build/./src/startup_stm32f446retx.o
 .debug_abbrev  0x00000123      0x141 build/./src/clock.o
 .debug_abbrev  0x00000264      0x115 build/./src/system_stm32f4xx.o
 .debug_abbrev  0x00000379      0x16e build/./src/main.o
 .debug_abbrev  0x000004e7      0x1de build/./src/timer.o
 .debug_abbrev  0x000006c5      0x1d6 build/./src/uart.o
 .debug_abbrev  0x0000089b      0x1bb build/./src/i2c.o
 .debug_abbrev  0x00000a56       0xc1 /usr/lib/gcc/arm-none-eabi/14.1.0/../../../../arm-none-eabi/lib/thumb/v7e-m/nofp/libc.a(libc_a-atexit.o)
 .debug_abbrev  0x00000b17       0xcc /usr/lib/gcc/arm-none-eabi/14.1.0/../../../../arm-none-eabi/lib/thumb/v7e-m/nofp/libc.a(libc_a-fini.o)
 .debug_abbrev  0x00000be3      0x115 /usr/lib/gcc/arm-none-eabi/14.1.0/../../../../arm-none-eabi/lib/thumb/v7e-m/nofp/libc.a(libc_a-lock.o)
 .debug_abbrev  0x00000cf8      0x189 /usr/lib/gcc/arm-none-eabi/14.1.0/../../../../arm-none-eabi/lib/thumb/v7e-m/nofp/libc.a(libc_a-__atexit.o)
 .debug_abbrev  0x00000e81      0x20c /usr/lib/gcc/arm-none-eabi/14.1.0/../../../../arm-none-eabi/lib/thumb/v7e-m/nofp/libc.a(libc_a-__call_atexit.o)

.debug_loc      0x00000000      0xb50
 .debug_loc     0x00000000       0x7c build/./src/startup_stm32f446retx.o
 .debug_loc     0x0000007c      0x168 build/./src/clock.o
 .debug_loc     0x000001e4       0xa0 build/./src/system_stm32f4xx.o
 .debug_loc     0x00000284       0x7c build/./src/main.o
 .debug_loc     0x00000300      0x218 build/./src/timer.o
 .debug_loc     0x00000518      0x28c build/./src/uart.o
 .debug_loc     0x000007a4      0x3ac build/./src/i2c.o

.debug_aranges  0x00000000      0x2c8
 .debug_aranges
                0x00000000       0x28 build/./src/startup_stm32f446retx.o
 .debug_aranges
                0x00000028       0x48 build/./src/clock.o
 .debug_aranges
                0x00000070       0x28 build/./src/system_stm32f4xx.o
 .debug_aranges
                0x00000098       0x28 build/./src/main.o
 .debug_aranges
                0x000000c0       0x50 build/./src/timer.o
 .debug_aranges
                0x00000110       0x58 build/./src/uart.o
 .debug_aranges
                0x00000168       0x70 build/./src/i2c.o
 .debug_aranges
                0x000001d8       0x20 /usr/lib/gcc/arm-none-eabi/14.1.0/../../../../arm-none-eabi/lib/thumb/v7e-m/nofp/libc.a(libc_a-atexit.o)
 .debug_aranges
                0x000001f8       0x20 /usr/lib/gcc/arm-none-eabi/14.1.0/../../../../arm-none-eabi/lib/thumb/v7e-m/nofp/libc.a(libc_a-fini.o)
 .debug_aranges
                0x00000218       0x68 /usr/lib/gcc/arm-none-eabi/14.1.0/../../../../arm-none-eabi/lib/thumb/v7e-m/nofp/libc.a(libc_a-lock.o)
 .debug_aranges
                0x00000280       0x20 /usr/lib/gcc/arm-none-eabi/14.1.0/../../../../arm-none-eabi/lib/thumb/v7e-m/nofp/libc.a(libc_a-__atexit.o)
 .debug_aranges
                0x000002a0       0x28 /usr/lib/gcc/arm-none-eabi/14.1.0/../../../../arm-none-eabi/lib/thumb/v7e-m/nofp/libc.a(libc_a-__call_atexit.o)

.debug_ranges   0x00000000      0x168
 .debug_ranges  0x00000000       0x18 build/./src/startup_stm32f446retx.o
 .debug_ranges  0x00000018       0x38 build/./src/clock.o
 .debug_ranges  0x00000050       0x18 build/./src/system_stm32f4xx.o
 .debug_ranges  0x00000068       0x18 build/./src/main.o
 .debug_ranges  0x00000080       0x40 build/./src/timer.o
 .debug_ranges  0x000000c0       0x48 build/./src/uart.o
 .debug_ranges  0x00000108       0x60 build/./src/i2c.o

.debug_line     0x00000000     0x1658
 .debug_line    0x00000000      0x139 build/./src/startup_stm32f446retx.o
 .debug_line    0x00000139      0x263 build/./src/clock.o
 .debug_line    0x0000039c      0x168 build/./src/system_stm32f4xx.o
 .debug_line    0x00000504      0x12b build/./src/main.o
 .debug_line    0x0000062f      0x250 build/./src/timer.o
 .debug_line    0x0000087f      0x2b4 build/./src/uart.o
 .debug_line    0x00000b33      0x393 build/./src/i2c.o
 .debug_line    0x00000ec6       0xe4 /usr/lib/gcc/arm-none-eabi/14.1.0/../../../../arm-none-eabi/lib/thumb/v7e-m/nofp/libc.a(libc_a-atexit.o)
 .debug_line    0x00000faa       0xe8 /usr/lib/gcc/arm-none-eabi/14.1.0/../../../../arm-none-eabi/lib/thumb/v7e-m/nofp/libc.a(libc_a-fini.o)
 .debug_line    0x00001092      0x17d /usr/lib/gcc/arm-none-eabi/14.1.0/../../../../arm-none-eabi/lib/thumb/v7e-m/nofp/libc.a(libc_a-lock.o)
 .debug_line    0x0000120f      0x196 /usr/lib/gcc/arm-none-eabi/14.1.0/../../../../arm-none-eabi/lib/thumb/v7e-m/nofp/libc.a(libc_a-__atexit.o)
 .debug_line    0x000013a5      0x2b3 /usr/lib/gcc/arm-none-eabi/14.1.0/../../../../arm-none-eabi/lib/thumb/v7e-m/nofp/libc.a(libc_a-__call_atexit.o)

.debug_str      0x00000000     0x12d2
 .debug_str     0x00000000     0x12d2 build/./src/startup_stm32f446retx.o
                                0x220 (size before relaxing)
 .debug_str     0x000012d2      0x36f build/./src/clock.o
 .debug_str     0x000012d2      0x303 build/./src/system_stm32f4xx.o
 .debug_str     0x000012d2      0x3e6 build/./src/main.o
 .debug_str     0x000012d2      0x8dd build/./src/timer.o
 .debug_str     0x000012d2      0x92f build/./src/uart.o
 .debug_str     0x000012d2      0x497 build/./src/i2c.o
 .debug_str     0x000012d2      0x1f8 /usr/lib/gcc/arm-none-eabi/14.1.0/../../../../arm-none-eabi/lib/thumb/v7e-m/nofp/libc.a(libc_a-atexit.o)
 .debug_str     0x000012d2      0x1f2 /usr/lib/gcc/arm-none-eabi/14.1.0/../../../../arm-none-eabi/lib/thumb/v7e-m/nofp/libc.a(libc_a-fini.o)
 .debug_str     0x000012d2      0x352 /usr/lib/gcc/arm-none-eabi/14.1.0/../../../../arm-none-eabi/lib/thumb/v7e-m/nofp/libc.a(libc_a-lock.o)
 .debug_str     0x000012d2      0x2cf /usr/lib/gcc/arm-none-eabi/14.1.0/../../../../arm-none-eabi/lib/thumb/v7e-m/nofp/libc.a(libc_a-__atexit.o)
 .debug_str     0x000012d2      0x2f8 /usr/lib/gcc/arm-none-eabi/14.1.0/../../../../arm-none-eabi/lib/thumb/v7e-m/nofp/libc.a(libc_a-__call_atexit.o)

.comment        0x00000000       0x3c
 .comment       0x00000000       0x3c build/./src/startup_stm32f446retx.o
                                 0x1f (size before relaxing)
 .comment       0x0000003c       0x1f build/./src/clock.o
 .comment       0x0000003c       0x1f build/./src/system_stm32f4xx.o
 .comment       0x0000003c       0x1f build/./src/main.o
 .comment       0x0000003c       0x1f build/./src/timer.o
 .comment       0x0000003c       0x1f build/./src/uart.o
 .comment       0x0000003c       0x1f build/./src/i2c.o
 .comment       0x0000003c       0x1f /usr/lib/gcc/arm-none-eabi/14.1.0/../../../../arm-none-eabi/lib/thumb/v7e-m/nofp/libc.a(libc_a-atexit.o)
 .comment       0x0000003c       0x1f /usr/lib/gcc/arm-none-eabi/14.1.0/../../../../arm-none-eabi/lib/thumb/v7e-m/nofp/libc.a(libc_a-fini.o)
 .comment       0x0000003c       0x1f /usr/lib/gcc/arm-none-eabi/14.1.0/../../../../arm-none-eabi/lib/thumb/v7e-m/nofp/libc.a(libc_a-lock.o)
 .comment       0x0000003c       0x1f /usr/lib/gcc/arm-none-eabi/14.1.0/../../../../arm-none-eabi/lib/thumb/v7e-m/nofp/libc.a(libc_a-__atexit.o)
 .comment       0x0000003c       0x1f /usr/lib/gcc/arm-none-eabi/14.1.0/../../../../arm-none-eabi/lib/thumb/v7e-m/nofp/libc.a(libc_a-__call_atexit.o)

.debug_frame    0x00000000      0x748
 .debug_frame   0x00000000       0x4c build/./src/startup_stm32f446retx.o
 .debug_frame   0x0000004c       0xd0 build/./src/clock.o
 .debug_frame   0x0000011c       0x58 build/./src/system_stm32f4xx.o
 .debug_frame   0x00000174       0x50 build/./src/main.o
 .debug_frame   0x000001c4      0x108 build/./src/timer.o
 .debug_frame   0x000002cc      0x138 build/./src/uart.o
 .debug_frame   0x00000404      0x1b0 build/./src/i2c.o
 .debug_frame   0x000005b4       0x20 /usr/lib/gcc/arm-none-eabi/14.1.0/../../../../arm-none-eabi/lib/thumb/v7e-m/nofp/libc.a(libc_a-atexit.o)
 .debug_frame   0x000005d4       0x34 /usr/lib/gcc/arm-none-eabi/14.1.0/../../../../arm-none-eabi/lib/thumb/v7e-m/nofp/libc.a(libc_a-fini.o)
 .debug_frame   0x00000608       0xb0 /usr/lib/gcc/arm-none-eabi/14.1.0/../../../../arm-none-eabi/lib/thumb/v7e-m/nofp/libc.a(libc_a-lock.o)
 .debug_frame   0x000006b8       0x34 /usr/lib/gcc/arm-none-eabi/14.1.0/../../../../arm-none-eabi/lib/thumb/v7e-m/nofp/libc.a(libc_a-__atexit.o)
 .debug_frame   0x000006ec       0x5c /usr/lib/gcc/arm-none-eabi/14.1.0/../../../../arm-none-eabi/lib/thumb/v7e-m/nofp/libc.a(libc_a-__call_atexit.o)

.debug_loclists
                0x00000000      0x24c
 .debug_loclists
                0x00000000       0x30 /usr/lib/gcc/arm-none-eabi/14.1.0/../../../../arm-none-eabi/lib/thumb/v7e-m/nofp/libc.a(libc_a-atexit.o)
 .debug_loclists
                0x00000030       0x4c /usr/lib/gcc/arm-none-eabi/14.1.0/../../../../arm-none-eabi/lib/thumb/v7e-m/nofp/libc.a(libc_a-fini.o)
 .debug_loclists
                0x0000007c       0x29 /usr/lib/gcc/arm-none-eabi/14.1.0/../../../../arm-none-eabi/lib/thumb/v7e-m/nofp/libc.a(libc_a-lock.o)
 .debug_loclists
                0x000000a5       0x8e /usr/lib/gcc/arm-none-eabi/14.1.0/../../../../arm-none-eabi/lib/thumb/v7e-m/nofp/libc.a(libc_a-__atexit.o)
 .debug_loclists
                0x00000133      0x119 /usr/lib/gcc/arm-none-eabi/14.1.0/../../../../arm-none-eabi/lib/thumb/v7e-m/nofp/libc.a(libc_a-__call_atexit.o)

.debug_rnglists
                0x00000000       0xbd
 .debug_rnglists
                0x00000000       0x13 /usr/lib/gcc/arm-none-eabi/14.1.0/../../../../arm-none-eabi/lib/thumb/v7e-m/nofp/libc.a(libc_a-atexit.o)
 .debug_rnglists
                0x00000013       0x13 /usr/lib/gcc/arm-none-eabi/14.1.0/../../../../arm-none-eabi/lib/thumb/v7e-m/nofp/libc.a(libc_a-fini.o)
 .debug_rnglists
                0x00000026       0x49 /usr/lib/gcc/arm-none-eabi/14.1.0/../../../../arm-none-eabi/lib/thumb/v7e-m/nofp/libc.a(libc_a-lock.o)
 .debug_rnglists
                0x0000006f       0x14 /usr/lib/gcc/arm-none-eabi/14.1.0/../../../../arm-none-eabi/lib/thumb/v7e-m/nofp/libc.a(libc_a-__atexit.o)
 .debug_rnglists
                0x00000083       0x3a /usr/lib/gcc/arm-none-eabi/14.1.0/../../../../arm-none-eabi/lib/thumb/v7e-m/nofp/libc.a(libc_a-__call_atexit.o)
